02-09 08:17:29.930  5945  5945 W Adreno-GSL: <gsl_ldd_control:553>: ioctl fd 7 code 0xc018093b (IOCTL_KGSL_PERFCOUNTER_READ) failed: errno 1 Operation not permitted
02-09 08:17:29.931  1668  1852 W SurfaceFlinger: onComposerHalVsync: HWVsync for 4626964470317753604, ActiveDisplay 4630946213010294403
02-09 08:17:29.932  5945  5945 W Adreno-GSL: <gsl_ldd_control:553>: ioctl fd 7 code 0xc018093b (IOCTL_KGSL_PERFCOUNTER_READ) failed: errno 1 Operation not permitted
02-09 08:17:29.933  5945  5945 W Adreno-GSL: <gsl_ldd_control:553>: ioctl fd 7 code 0xc018093b (IOCTL_KGSL_PERFCOUNTER_READ) failed: errno 1 Operation not permitted
02-09 08:17:29.934  1612  3037 W CHIUSECASE: [WARN   ] chifeature2realtime.cpp:1808 PopulateSensorModeOnMetadataResult() FRO-URO:354_RealtimeFG:RealTime_0 Couldn't translate result metadata to initial crop values.pMetadata = 0xb4000073c135c990, pInSensorZoomInfo = 0x0, m_pRoiTranslator = 0x0, pCameraInfo = 0x730f050eb8
02-09 08:17:29.935  5945  5945 W Adreno-GSL: <gsl_ldd_control:553>: ioctl fd 7 code 0xc018093b (IOCTL_KGSL_PERFCOUNTER_READ) failed: errno 1 Operation not permitted
02-09 08:17:29.937  5945  5945 W Adreno-GSL: <gsl_ldd_control:553>: ioctl fd 7 code 0xc018093b (IOCTL_KGSL_PERFCOUNTER_READ) failed: errno 1 Operation not permitted
02-09 08:17:29.937  1612  3037 W CHIUSECASE: [WARN   ] chifeature2graph.cpp:3743 ProcessResultMetadataMessage() pOutputLinkData->linkState in unexpected state: 1; expected OutputPending
02-09 08:17:29.937  1612  3037 W CHIUSECASE: [WARN   ] chifeature2graph.cpp:3743 ProcessResultMetadataMessage() pOutputLinkData->linkState in unexpected state: 1; expected OutputPending
02-09 08:17:29.939  5945  5945 W Adreno-GSL: <gsl_ldd_control:553>: ioctl fd 7 code 0xc018093b (IOCTL_KGSL_PERFCOUNTER_READ) failed: errno 1 Operation not permitted
02-09 08:17:29.940  5945  5945 W Adreno-GSL: <gsl_ldd_control:553>: ioctl fd 7 code 0xc018093b (IOCTL_KGSL_PERFCOUNTER_READ) failed: errno 1 Operation not permitted
02-09 08:17:29.942  5945  5945 W Adreno-GSL: <gsl_ldd_control:553>: ioctl fd 7 code 0xc018093b (IOCTL_KGSL_PERFCOUNTER_READ) failed: errno 1 Operation not permitted
02-09 08:17:29.944  5945  5945 W Adreno-GSL: <gsl_ldd_control:553>: ioctl fd 7 code 0xc018093b (IOCTL_KGSL_PERFCOUNTER_READ) failed: errno 1 Operation not permitted
02-09 08:17:29.946  1612  1612 W CHIUSECASE: [WARN   ] chifeature2usecaserequestobject.cpp:482 Initialize() pUsecaseSettings is NULL!!
02-09 08:17:29.946  5945  5945 W Adreno-GSL: <gsl_ldd_control:553>: ioctl fd 7 code 0xc018093b (IOCTL_KGSL_PERFCOUNTER_READ) failed: errno 1 Operation not permitted
02-09 08:17:29.948  1668  1852 W SurfaceFlinger: onComposerHalVsync: HWVsync for 4626964470317753604, ActiveDisplay 4630946213010294403
02-09 08:17:29.948  5945  5945 W Adreno-GSL: <gsl_ldd_control:553>: ioctl fd 7 code 0xc018093b (IOCTL_KGSL_PERFCOUNTER_READ) failed: errno 1 Operation not permitted
02-09 08:17:29.950  5945  5945 W Adreno-GSL: <gsl_ldd_control:553>: ioctl fd 7 code 0xc018093b (IOCTL_KGSL_PERFCOUNTER_READ) failed: errno 1 Operation not permitted
02-09 08:17:29.951  5945  5945 W Adreno-GSL: <gsl_ldd_control:553>: ioctl fd 7 code 0xc018093b (IOCTL_KGSL_PERFCOUNTER_READ) failed: errno 1 Operation not permitted
02-09 08:17:29.953  5945  5945 W Adreno-GSL: <gsl_ldd_control:553>: ioctl fd 7 code 0xc018093b (IOCTL_KGSL_PERFCOUNTER_READ) failed: errno 1 Operation not permitted
02-09 08:17:29.955  5945  5945 W Adreno-GSL: <gsl_ldd_control:553>: ioctl fd 7 code 0xc018093b (IOCTL_KGSL_PERFCOUNTER_READ) failed: errno 1 Operation not permitted
02-09 08:17:29.956  5945  5945 W Adreno-GSL: <gsl_ldd_control:553>: ioctl fd 7 code 0xc018093b (IOCTL_KGSL_PERFCOUNTER_READ) failed: errno 1 Operation not permitted
02-09 08:17:29.958  5945  5945 W Adreno-GSL: <gsl_ldd_control:553>: ioctl fd 7 code 0xc018093b (IOCTL_KGSL_PERFCOUNTER_READ) failed: errno 1 Operation not permitted
02-09 08:17:29.960  5945  5945 W Adreno-GSL: <gsl_ldd_control:553>: ioctl fd 7 code 0xc018093b (IOCTL_KGSL_PERFCOUNTER_READ) failed: errno 1 Operation not permitted
02-09 08:17:29.961  5945  5945 W Adreno-GSL: <gsl_ldd_control:553>: ioctl fd 7 code 0xc018093b (IOCTL_KGSL_PERFCOUNTER_READ) failed: errno 1 Operation not permitted
02-09 08:17:29.963  5945  5945 W Adreno-GSL: <gsl_ldd_control:553>: ioctl fd 7 code 0xc018093b (IOCTL_KGSL_PERFCOUNTER_READ) failed: errno 1 Operation not permitted
02-09 08:17:29.964  1668  1852 W SurfaceFlinger: onComposerHalVsync: HWVsync for 4626964470317753604, ActiveDisplay 4630946213010294403
02-09 08:17:29.964  5945  5945 W Adreno-GSL: <gsl_ldd_control:553>: ioctl fd 7 code 0xc018093b (IOCTL_KGSL_PERFCOUNTER_READ) failed: errno 1 Operation not permitted
02-09 08:17:29.965  1612  3037 W CHIUSECASE: [WARN   ] chifeature2realtime.cpp:1808 PopulateSensorModeOnMetadataResult() FRO-URO:355_RealtimeFG:RealTime_0 Couldn't translate result metadata to initial crop values.pMetadata = 0xb4000073c1338450, pInSensorZoomInfo = 0x0, m_pRoiTranslator = 0x0, pCameraInfo = 0x730f050eb8
02-09 08:17:29.966  5945  5945 W Adreno-GSL: <gsl_ldd_control:553>: ioctl fd 7 code 0xc018093b (IOCTL_KGSL_PERFCOUNTER_READ) failed: errno 1 Operation not permitted
02-09 08:17:29.968  5945  5945 W Adreno-GSL: <gsl_ldd_control:553>: ioctl fd 7 code 0xc018093b (IOCTL_KGSL_PERFCOUNTER_READ) failed: errno 1 Operation not permitted
02-09 08:17:29.969  1612  3037 W CHIUSECASE: [WARN   ] chifeature2graph.cpp:3743 ProcessResultMetadataMessage() pOutputLinkData->linkState in unexpected state: 1; expected OutputPending
02-09 08:17:29.969  1612  3037 W CHIUSECASE: [WARN   ] chifeature2graph.cpp:3743 ProcessResultMetadataMessage() pOutputLinkData->linkState in unexpected state: 1; expected OutputPending
02-09 08:17:29.970  5945  5945 W Adreno-GSL: <gsl_ldd_control:553>: ioctl fd 7 code 0xc018093b (IOCTL_KGSL_PERFCOUNTER_READ) failed: errno 1 Operation not permitted
02-09 08:17:29.972  5945  5945 W Adreno-GSL: <gsl_ldd_control:553>: ioctl fd 7 code 0xc018093b (IOCTL_KGSL_PERFCOUNTER_READ) failed: errno 1 Operation not permitted
02-09 08:17:29.974  5945  5945 W Adreno-GSL: <gsl_ldd_control:553>: ioctl fd 7 code 0xc018093b (IOCTL_KGSL_PERFCOUNTER_READ) failed: errno 1 Operation not permitted
02-09 08:17:29.976  5945  5945 W Adreno-GSL: <gsl_ldd_control:553>: ioctl fd 7 code 0xc018093b (IOCTL_KGSL_PERFCOUNTER_READ) failed: errno 1 Operation not permitted
02-09 08:17:29.976  1612  3109 W CHIUSECASE: [WARN   ] chifeature2usecaserequestobject.cpp:482 Initialize() pUsecaseSettings is NULL!!
02-09 08:17:29.978  5945  5945 W Adreno-GSL: <gsl_ldd_control:553>: ioctl fd 7 code 0xc018093b (IOCTL_KGSL_PERFCOUNTER_READ) failed: errno 1 Operation not permitted
02-09 08:17:29.981  1668  1852 W SurfaceFlinger: onComposerHalVsync: HWVsync for 4626964470317753604, ActiveDisplay 4630946213010294403
02-09 08:17:29.981  5945  5945 W Adreno-GSL: <gsl_ldd_control:553>: ioctl fd 7 code 0xc018093b (IOCTL_KGSL_PERFCOUNTER_READ) failed: errno 1 Operation not permitted
02-09 08:17:29.983  5945  5945 W Adreno-GSL: <gsl_ldd_control:553>: ioctl fd 7 code 0xc018093b (IOCTL_KGSL_PERFCOUNTER_READ) failed: errno 1 Operation not permitted
02-09 08:17:29.985  5945  5945 W Adreno-GSL: <gsl_ldd_control:553>: ioctl fd 7 code 0xc018093b (IOCTL_KGSL_PERFCOUNTER_READ) failed: errno 1 Operation not permitted
02-09 08:17:29.986  5945  5945 W Adreno-GSL: <gsl_ldd_control:553>: ioctl fd 7 code 0xc018093b (IOCTL_KGSL_PERFCOUNTER_READ) failed: errno 1 Operation not permitted
02-09 08:17:29.988  5945  5945 W Adreno-GSL: <gsl_ldd_control:553>: ioctl fd 7 code 0xc018093b (IOCTL_KGSL_PERFCOUNTER_READ) failed: errno 1 Operation not permitted
02-09 08:17:29.989  5945  5945 W Adreno-GSL: <gsl_ldd_control:553>: ioctl fd 7 code 0xc018093b (IOCTL_KGSL_PERFCOUNTER_READ) failed: errno 1 Operation not permitted
02-09 08:17:29.990  5945  5945 W Adreno-GSL: <gsl_ldd_control:553>: ioctl fd 7 code 0xc018093b (IOCTL_KGSL_PERFCOUNTER_READ) failed: errno 1 Operation not permitted
02-09 08:17:29.992  5945  5945 W Adreno-GSL: <gsl_ldd_control:553>: ioctl fd 7 code 0xc018093b (IOCTL_KGSL_PERFCOUNTER_READ) failed: errno 1 Operation not permitted
02-09 08:17:29.993  5945  5945 W Adreno-GSL: <gsl_ldd_control:553>: ioctl fd 7 code 0xc018093b (IOCTL_KGSL_PERFCOUNTER_READ) failed: errno 1 Operation not permitted
02-09 08:17:29.994  1612 30458 I snap_api::V4: AIAwbModel_v1.3.tflite:Session Execute time taken : 15.909 ms
02-09 08:17:29.994  5945  5945 W Adreno-GSL: <gsl_ldd_control:553>: ioctl fd 7 code 0xc018093b (IOCTL_KGSL_PERFCOUNTER_READ) failed: errno 1 Operation not permitted
02-09 08:17:29.996  5945  5945 W Adreno-GSL: <gsl_ldd_control:553>: ioctl fd 7 code 0xc018093b (IOCTL_KGSL_PERFCOUNTER_READ) failed: errno 1 Operation not permitted
02-09 08:17:29.997  5945  5945 W Adreno-GSL: <gsl_ldd_control:553>: ioctl fd 7 code 0xc018093b (IOCTL_KGSL_PERFCOUNTER_READ) failed: errno 1 Operation not permitted
02-09 08:17:29.997  1612  3035 W CHIUSECASE: [WARN   ] chifeature2realtime.cpp:1808 PopulateSensorModeOnMetadataResult() FRO-URO:356_RealtimeFG:RealTime_0 Couldn't translate result metadata to initial crop values.pMetadata = 0xb4000073c1330110, pInSensorZoomInfo = 0x0, m_pRoiTranslator = 0x0, pCameraInfo = 0x730f050eb8
02-09 08:17:29.998  1668  1852 W SurfaceFlinger: onComposerHalVsync: HWVsync for 4626964470317753604, ActiveDisplay 4630946213010294403
02-09 08:17:29.998  5945  5945 W Adreno-GSL: <gsl_ldd_control:553>: ioctl fd 7 code 0xc018093b (IOCTL_KGSL_PERFCOUNTER_READ) failed: errno 1 Operation not permitted
02-09 08:17:29.999  1612  3035 W CHIUSECASE: [WARN   ] chifeature2graph.cpp:3743 ProcessResultMetadataMessage() pOutputLinkData->linkState in unexpected state: 1; expected OutputPending
02-09 08:17:29.999  1612  3035 W CHIUSECASE: [WARN   ] chifeature2graph.cpp:3743 ProcessResultMetadataMessage() pOutputLinkData->linkState in unexpected state: 1; expected OutputPending
02-09 08:17:30.000  5945  5945 W Adreno-GSL: <gsl_ldd_control:553>: ioctl fd 7 code 0xc018093b (IOCTL_KGSL_PERFCOUNTER_READ) failed: errno 1 Operation not permitted
02-09 08:17:30.001  5945  5945 W Adreno-GSL: <gsl_ldd_control:553>: ioctl fd 7 code 0xc018093b (IOCTL_KGSL_PERFCOUNTER_READ) failed: errno 1 Operation not permitted
02-09 08:17:30.003  5945  5945 W Adreno-GSL: <gsl_ldd_control:553>: ioctl fd 7 code 0xc018093b (IOCTL_KGSL_PERFCOUNTER_READ) failed: errno 1 Operation not permitted
02-09 08:17:30.004  5945  5945 W Adreno-GSL: <gsl_ldd_control:553>: ioctl fd 7 code 0xc018093b (IOCTL_KGSL_PERFCOUNTER_READ) failed: errno 1 Operation not permitted
02-09 08:17:30.005  5945  5945 W Adreno-GSL: <gsl_ldd_control:553>: ioctl fd 7 code 0xc018093b (IOCTL_KGSL_PERFCOUNTER_READ) failed: errno 1 Operation not permitted
02-09 08:17:30.006  1612  3113 W CHIUSECASE: [WARN   ] chifeature2usecaserequestobject.cpp:482 Initialize() pUsecaseSettings is NULL!!
02-09 08:17:30.007  5945  5945 W Adreno-GSL: <gsl_ldd_control:553>: ioctl fd 7 code 0xc018093b (IOCTL_KGSL_PERFCOUNTER_READ) failed: errno 1 Operation not permitted
02-09 08:17:30.008  5945  5945 W Adreno-GSL: <gsl_ldd_control:553>: ioctl fd 7 code 0xc018093b (IOCTL_KGSL_PERFCOUNTER_READ) failed: errno 1 Operation not permitted
02-09 08:17:30.009  5945  5945 W Adreno-GSL: <gsl_ldd_control:553>: ioctl fd 7 code 0xc018093b (IOCTL_KGSL_PERFCOUNTER_READ) failed: errno 1 Operation not permitted
02-09 08:17:30.011  5945  5945 W Adreno-GSL: <gsl_ldd_control:553>: ioctl fd 7 code 0xc018093b (IOCTL_KGSL_PERFCOUNTER_READ) failed: errno 1 Operation not permitted
02-09 08:17:30.012  5945  5945 W Adreno-GSL: <gsl_ldd_control:553>: ioctl fd 7 code 0xc018093b (IOCTL_KGSL_PERFCOUNTER_READ) failed: errno 1 Operation not permitted
02-09 08:17:30.013  5945  5945 W Adreno-GSL: <gsl_ldd_control:553>: ioctl fd 7 code 0xc018093b (IOCTL_KGSL_PERFCOUNTER_READ) failed: errno 1 Operation not permitted
02-09 08:17:30.014  1668  1852 W SurfaceFlinger: onComposerHalVsync: HWVsync for 4626964470317753604, ActiveDisplay 4630946213010294403
02-09 08:17:30.015  5945  5945 W Adreno-GSL: <gsl_ldd_control:553>: ioctl fd 7 code 0xc018093b (IOCTL_KGSL_PERFCOUNTER_READ) failed: errno 1 Operation not permitted
02-09 08:17:30.016  5945  5945 W Adreno-GSL: <gsl_ldd_control:553>: ioctl fd 7 code 0xc018093b (IOCTL_KGSL_PERFCOUNTER_READ) failed: errno 1 Operation not permitted
02-09 08:17:30.017  5894  5894 E gpustat : dataReady_ == false
02-09 08:17:30.017  5945  5945 W Adreno-GSL: <gsl_ldd_control:553>: ioctl fd 7 code 0xc018093b (IOCTL_KGSL_PERFCOUNTER_READ) failed: errno 1 Operation not permitted
02-09 08:17:30.019  5945  5945 W Adreno-GSL: <gsl_ldd_control:553>: ioctl fd 7 code 0xc018093b (IOCTL_KGSL_PERFCOUNTER_READ) failed: errno 1 Operation not permitted
02-09 08:17:30.021  5945  5945 W Adreno-GSL: <gsl_ldd_control:553>: ioctl fd 7 code 0xc018093b (IOCTL_KGSL_PERFCOUNTER_READ) failed: errno 1 Operation not permitted
02-09 08:17:30.022  5945  5945 W Adreno-GSL: <gsl_ldd_control:553>: ioctl fd 7 code 0xc018093b (IOCTL_KGSL_PERFCOUNTER_READ) failed: errno 1 Operation not permitted
02-09 08:17:30.023  5945  5945 W Adreno-GSL: <gsl_ldd_control:553>: ioctl fd 7 code 0xc018093b (IOCTL_KGSL_PERFCOUNTER_READ) failed: errno 1 Operation not permitted
02-09 08:17:30.025  5945  5945 W Adreno-GSL: <gsl_ldd_control:553>: ioctl fd 7 code 0xc018093b (IOCTL_KGSL_PERFCOUNTER_READ) failed: errno 1 Operation not permitted
02-09 08:17:30.027  5945  5945 W Adreno-GSL: <gsl_ldd_control:553>: ioctl fd 7 code 0xc018093b (IOCTL_KGSL_PERFCOUNTER_READ) failed: errno 1 Operation not permitted
02-09 08:17:30.028  5945  5945 W Adreno-GSL: <gsl_ldd_control:553>: ioctl fd 7 code 0xc018093b (IOCTL_KGSL_PERFCOUNTER_READ) failed: errno 1 Operation not permitted
02-09 08:17:30.030  5945  5945 W Adreno-GSL: <gsl_ldd_control:553>: ioctl fd 7 code 0xc018093b (IOCTL_KGSL_PERFCOUNTER_READ) failed: errno 1 Operation not permitted
02-09 08:17:30.031  1668  1852 W SurfaceFlinger: onComposerHalVsync: HWVsync for 4626964470317753604, ActiveDisplay 4630946213010294403
02-09 08:17:30.031  5945  5945 W Adreno-GSL: <gsl_ldd_control:553>: ioctl fd 7 code 0xc018093b (IOCTL_KGSL_PERFCOUNTER_READ) failed: errno 1 Operation not permitted
02-09 08:17:30.032  1612  3037 W CHIUSECASE: [WARN   ] chifeature2realtime.cpp:1808 PopulateSensorModeOnMetadataResult() FRO-URO:357_RealtimeFG:RealTime_0 Couldn't translate result metadata to initial crop values.pMetadata = 0xb4000073c134f1f0, pInSensorZoomInfo = 0x0, m_pRoiTranslator = 0x0, pCameraInfo = 0x730f050eb8
02-09 08:17:30.033  5945  5945 W Adreno-GSL: <gsl_ldd_control:553>: ioctl fd 7 code 0xc018093b (IOCTL_KGSL_PERFCOUNTER_READ) failed: errno 1 Operation not permitted
02-09 08:17:30.034  1612  3037 W CHIUSECASE: [WARN   ] chifeature2graph.cpp:3743 ProcessResultMetadataMessage() pOutputLinkData->linkState in unexpected state: 1; expected OutputPending
02-09 08:17:30.034  1612  3037 W CHIUSECASE: [WARN   ] chifeature2graph.cpp:3743 ProcessResultMetadataMessage() pOutputLinkData->linkState in unexpected state: 1; expected OutputPending
02-09 08:17:30.034  5945  5945 W Adreno-GSL: <gsl_ldd_control:553>: ioctl fd 7 code 0xc018093b (IOCTL_KGSL_PERFCOUNTER_READ) failed: errno 1 Operation not permitted
02-09 08:17:30.036  5945  5945 W Adreno-GSL: <gsl_ldd_control:553>: ioctl fd 7 code 0xc018093b (IOCTL_KGSL_PERFCOUNTER_READ) failed: errno 1 Operation not permitted
02-09 08:17:30.037  5945  5945 W Adreno-GSL: <gsl_ldd_control:553>: ioctl fd 7 code 0xc018093b (IOCTL_KGSL_PERFCOUNTER_READ) failed: errno 1 Operation not permitted
02-09 08:17:30.039  5945  5945 W Adreno-GSL: <gsl_ldd_control:553>: ioctl fd 7 code 0xc018093b (IOCTL_KGSL_PERFCOUNTER_READ) failed: errno 1 Operation not permitted
02-09 08:17:30.040  5945  5945 W Adreno-GSL: <gsl_ldd_control:553>: ioctl fd 7 code 0xc018093b (IOCTL_KGSL_PERFCOUNTER_READ) failed: errno 1 Operation not permitted
02-09 08:17:30.042  5945  5945 W Adreno-GSL: <gsl_ldd_control:553>: ioctl fd 7 code 0xc018093b (IOCTL_KGSL_PERFCOUNTER_READ) failed: errno 1 Operation not permitted
02-09 08:17:30.042  1612  3109 W CHIUSECASE: [WARN   ] chifeature2usecaserequestobject.cpp:482 Initialize() pUsecaseSettings is NULL!!
02-09 08:17:30.043  5945  5945 W Adreno-GSL: <gsl_ldd_control:553>: ioctl fd 7 code 0xc018093b (IOCTL_KGSL_PERFCOUNTER_READ) failed: errno 1 Operation not permitted
02-09 08:17:30.045  5945  5945 W Adreno-GSL: <gsl_ldd_control:553>: ioctl fd 7 code 0xc018093b (IOCTL_KGSL_PERFCOUNTER_READ) failed: errno 1 Operation not permitted
02-09 08:17:30.046  5945  5945 W Adreno-GSL: <gsl_ldd_control:553>: ioctl fd 7 code 0xc018093b (IOCTL_KGSL_PERFCOUNTER_READ) failed: errno 1 Operation not permitted
02-09 08:17:30.047  1668  1852 W SurfaceFlinger: onComposerHalVsync: HWVsync for 4626964470317753604, ActiveDisplay 4630946213010294403
02-09 08:17:30.048  1535  1573 D BatteryDump: wait_for_battery_event : occurred : change@/devices/platform/samsung_mobile_device/samsung_mobile_device:battery/power_supply/battery 
02-09 08:17:30.048  5945  5945 W Adreno-GSL: <gsl_ldd_control:553>: ioctl fd 7 code 0xc018093b (IOCTL_KGSL_PERFCOUNTER_READ) failed: errno 1 Operation not permitted
02-09 08:17:30.049  5945  5945 W Adreno-GSL: <gsl_ldd_control:553>: ioctl fd 7 code 0xc018093b (IOCTL_KGSL_PERFCOUNTER_READ) failed: errno 1 Operation not permitted
02-09 08:17:30.051  5945  5945 W Adreno-GSL: <gsl_ldd_control:553>: ioctl fd 7 code 0xc018093b (IOCTL_KGSL_PERFCOUNTER_READ) failed: errno 1 Operation not permitted
02-09 08:17:30.052  1535  1535 I android.hardware.health@2.1-service-samsung: updateLrpSysfs: write: 376
02-09 08:17:30.053  5945  5945 W Adreno-GSL: <gsl_ldd_control:553>: ioctl fd 7 code 0xc018093b (IOCTL_KGSL_PERFCOUNTER_READ) failed: errno 1 Operation not permitted
02-09 08:17:30.054  5945  5945 W Adreno-GSL: <gsl_ldd_control:553>: ioctl fd 7 code 0xc018093b (IOCTL_KGSL_PERFCOUNTER_READ) failed: errno 1 Operation not permitted
02-09 08:17:30.055  5945  5945 W Adreno-GSL: <gsl_ldd_control:553>: ioctl fd 7 code 0xc018093b (IOCTL_KGSL_PERFCOUNTER_READ) failed: errno 1 Operation not permitted
02-09 08:17:30.057  5945  5945 W Adreno-GSL: <gsl_ldd_control:553>: ioctl fd 7 code 0xc018093b (IOCTL_KGSL_PERFCOUNTER_READ) failed: errno 1 Operation not permitted
02-09 08:17:30.058  5945  5945 W Adreno-GSL: <gsl_ldd_control:553>: ioctl fd 7 code 0xc018093b (IOCTL_KGSL_PERFCOUNTER_READ) failed: errno 1 Operation not permitted
02-09 08:17:30.059  5945  5945 W Adreno-GSL: <gsl_ldd_control:553>: ioctl fd 7 code 0xc018093b (IOCTL_KGSL_PERFCOUNTER_READ) failed: errno 1 Operation not permitted
02-09 08:17:30.060  1612  3032 W CHIUSECASE: [WARN   ] chifeature2realtime.cpp:1808 PopulateSensorModeOnMetadataResult() FRO-URO:358_RealtimeFG:RealTime_0 Couldn't translate result metadata to initial crop values.pMetadata = 0xb4000073c1362430, pInSensorZoomInfo = 0x0, m_pRoiTranslator = 0x0, pCameraInfo = 0x730f050eb8
02-09 08:17:30.061  5945  5945 W Adreno-GSL: <gsl_ldd_control:553>: ioctl fd 7 code 0xc018093b (IOCTL_KGSL_PERFCOUNTER_READ) failed: errno 1 Operation not permitted
02-09 08:17:30.062  1612  3032 W CHIUSECASE: [WARN   ] chifeature2graph.cpp:3743 ProcessResultMetadataMessage() pOutputLinkData->linkState in unexpected state: 1; expected OutputPending
02-09 08:17:30.062  1612  3032 W CHIUSECASE: [WARN   ] chifeature2graph.cpp:3743 ProcessResultMetadataMessage() pOutputLinkData->linkState in unexpected state: 1; expected OutputPending
02-09 08:17:30.062  5945  5945 W Adreno-GSL: <gsl_ldd_control:553>: ioctl fd 7 code 0xc018093b (IOCTL_KGSL_PERFCOUNTER_READ) failed: errno 1 Operation not permitted
02-09 08:17:30.064  5945  5945 W Adreno-GSL: <gsl_ldd_control:553>: ioctl fd 7 code 0xc018093b (IOCTL_KGSL_PERFCOUNTER_READ) failed: errno 1 Operation not permitted
02-09 08:17:30.064  1668  1852 W SurfaceFlinger: onComposerHalVsync: HWVsync for 4626964470317753604, ActiveDisplay 4630946213010294403
02-09 08:17:30.065  5945  5945 W Adreno-GSL: <gsl_ldd_control:553>: ioctl fd 7 code 0xc018093b (IOCTL_KGSL_PERFCOUNTER_READ) failed: errno 1 Operation not permitted
02-09 08:17:30.066  5945  5945 W Adreno-GSL: <gsl_ldd_control:553>: ioctl fd 7 code 0xc018093b (IOCTL_KGSL_PERFCOUNTER_READ) failed: errno 1 Operation not permitted
02-09 08:17:30.068  5945  5945 W Adreno-GSL: <gsl_ldd_control:553>: ioctl fd 7 code 0xc018093b (IOCTL_KGSL_PERFCOUNTER_READ) failed: errno 1 Operation not permitted
02-09 08:17:30.069  1612  1612 W CHIUSECASE: [WARN   ] chifeature2usecaserequestobject.cpp:482 Initialize() pUsecaseSettings is NULL!!
02-09 08:17:30.069  5945  5945 W Adreno-GSL: <gsl_ldd_control:553>: ioctl fd 7 code 0xc018093b (IOCTL_KGSL_PERFCOUNTER_READ) failed: errno 1 Operation not permitted
02-09 08:17:30.071  5945  5945 W Adreno-GSL: <gsl_ldd_control:553>: ioctl fd 7 code 0xc018093b (IOCTL_KGSL_PERFCOUNTER_READ) failed: errno 1 Operation not permitted
02-09 08:17:30.072  5945  5945 W Adreno-GSL: <gsl_ldd_control:553>: ioctl fd 7 code 0xc018093b (IOCTL_KGSL_PERFCOUNTER_READ) failed: errno 1 Operation not permitted
02-09 08:17:30.074  5945  5945 W Adreno-GSL: <gsl_ldd_control:553>: ioctl fd 7 code 0xc018093b (IOCTL_KGSL_PERFCOUNTER_READ) failed: errno 1 Operation not permitted
02-09 08:17:30.075  5945  5945 W Adreno-GSL: <gsl_ldd_control:553>: ioctl fd 7 code 0xc018093b (IOCTL_KGSL_PERFCOUNTER_READ) failed: errno 1 Operation not permitted
02-09 08:17:30.076  5945  5945 W Adreno-GSL: <gsl_ldd_control:553>: ioctl fd 7 code 0xc018093b (IOCTL_KGSL_PERFCOUNTER_READ) failed: errno 1 Operation not permitted
02-09 08:17:30.078  5945  5945 W Adreno-GSL: <gsl_ldd_control:553>: ioctl fd 7 code 0xc018093b (IOCTL_KGSL_PERFCOUNTER_READ) failed: errno 1 Operation not permitted
02-09 08:17:30.079  5945  5945 W Adreno-GSL: <gsl_ldd_control:553>: ioctl fd 7 code 0xc018093b (IOCTL_KGSL_PERFCOUNTER_READ) failed: errno 1 Operation not permitted
02-09 08:17:30.081  5945  5945 W Adreno-GSL: <gsl_ldd_control:553>: ioctl fd 7 code 0xc018093b (IOCTL_KGSL_PERFCOUNTER_READ) failed: errno 1 Operation not permitted
02-09 08:17:30.081  1668  1852 W SurfaceFlinger: onComposerHalVsync: HWVsync for 4626964470317753604, ActiveDisplay 4630946213010294403
02-09 08:17:30.082  5945  5945 W Adreno-GSL: <gsl_ldd_control:553>: ioctl fd 7 code 0xc018093b (IOCTL_KGSL_PERFCOUNTER_READ) failed: errno 1 Operation not permitted
02-09 08:17:30.083  5945  5945 W Adreno-GSL: <gsl_ldd_control:553>: ioctl fd 7 code 0xc018093b (IOCTL_KGSL_PERFCOUNTER_READ) failed: errno 1 Operation not permitted
02-09 08:17:30.085  5945  5945 W Adreno-GSL: <gsl_ldd_control:553>: ioctl fd 7 code 0xc018093b (IOCTL_KGSL_PERFCOUNTER_READ) failed: errno 1 Operation not permitted
02-09 08:17:30.086  5945  5945 W Adreno-GSL: <gsl_ldd_control:553>: ioctl fd 7 code 0xc018093b (IOCTL_KGSL_PERFCOUNTER_READ) failed: errno 1 Operation not permitted
02-09 08:17:30.088  5945  5945 W Adreno-GSL: <gsl_ldd_control:553>: ioctl fd 7 code 0xc018093b (IOCTL_KGSL_PERFCOUNTER_READ) failed: errno 1 Operation not permitted
02-09 08:17:30.089  5945  5945 W Adreno-GSL: <gsl_ldd_control:553>: ioctl fd 7 code 0xc018093b (IOCTL_KGSL_PERFCOUNTER_READ) failed: errno 1 Operation not permitted
02-09 08:17:30.090  5945  5945 W Adreno-GSL: <gsl_ldd_control:553>: ioctl fd 7 code 0xc018093b (IOCTL_KGSL_PERFCOUNTER_READ) failed: errno 1 Operation not permitted
02-09 08:17:30.092  5945  5945 W Adreno-GSL: <gsl_ldd_control:553>: ioctl fd 7 code 0xc018093b (IOCTL_KGSL_PERFCOUNTER_READ) failed: errno 1 Operation not permitted
02-09 08:17:30.093  5945  5945 W Adreno-GSL: <gsl_ldd_control:553>: ioctl fd 7 code 0xc018093b (IOCTL_KGSL_PERFCOUNTER_READ) failed: errno 1 Operation not permitted
02-09 08:17:30.095  5945  5945 W Adreno-GSL: <gsl_ldd_control:553>: ioctl fd 7 code 0xc018093b (IOCTL_KGSL_PERFCOUNTER_READ) failed: errno 1 Operation not permitted
02-09 08:17:30.096  5945  5945 W Adreno-GSL: <gsl_ldd_control:553>: ioctl fd 7 code 0xc018093b (IOCTL_KGSL_PERFCOUNTER_READ) failed: errno 1 Operation not permitted
02-09 08:17:30.098  1668  1852 W SurfaceFlinger: onComposerHalVsync: HWVsync for 4626964470317753604, ActiveDisplay 4630946213010294403
02-09 08:17:30.098  1612  3037 W CHIUSECASE: [WARN   ] chifeature2realtime.cpp:1808 PopulateSensorModeOnMetadataResult() FRO-URO:359_RealtimeFG:RealTime_0 Couldn't translate result metadata to initial crop values.pMetadata = 0xb4000073c134d5d0, pInSensorZoomInfo = 0x0, m_pRoiTranslator = 0x0, pCameraInfo = 0x730f050eb8
02-09 08:17:30.098  5945  5945 W Adreno-GSL: <gsl_ldd_control:553>: ioctl fd 7 code 0xc018093b (IOCTL_KGSL_PERFCOUNTER_READ) failed: errno 1 Operation not permitted
02-09 08:17:30.100  5945  5945 W Adreno-GSL: <gsl_ldd_control:553>: ioctl fd 7 code 0xc018093b (IOCTL_KGSL_PERFCOUNTER_READ) failed: errno 1 Operation not permitted
02-09 08:17:30.101  1612  3037 W CHIUSECASE: [WARN   ] chifeature2graph.cpp:3743 ProcessResultMetadataMessage() pOutputLinkData->linkState in unexpected state: 1; expected OutputPending
02-09 08:17:30.101  1612  3037 W CHIUSECASE: [WARN   ] chifeature2graph.cpp:3743 ProcessResultMetadataMessage() pOutputLinkData->linkState in unexpected state: 1; expected OutputPending
02-09 08:17:30.102  5945  5945 W Adreno-GSL: <gsl_ldd_control:553>: ioctl fd 7 code 0xc018093b (IOCTL_KGSL_PERFCOUNTER_READ) failed: errno 1 Operation not permitted
02-09 08:17:30.104  5945  5945 W Adreno-GSL: <gsl_ldd_control:553>: ioctl fd 7 code 0xc018093b (IOCTL_KGSL_PERFCOUNTER_READ) failed: errno 1 Operation not permitted
02-09 08:17:30.106  5945  5945 W Adreno-GSL: <gsl_ldd_control:553>: ioctl fd 7 code 0xc018093b (IOCTL_KGSL_PERFCOUNTER_READ) failed: errno 1 Operation not permitted
02-09 08:17:30.108  5945  5945 W Adreno-GSL: <gsl_ldd_control:553>: ioctl fd 7 code 0xc018093b (IOCTL_KGSL_PERFCOUNTER_READ) failed: errno 1 Operation not permitted
02-09 08:17:30.110  5945  5945 W Adreno-GSL: <gsl_ldd_control:553>: ioctl fd 7 code 0xc018093b (IOCTL_KGSL_PERFCOUNTER_READ) failed: errno 1 Operation not permitted
02-09 08:17:30.110  1612  3112 W CHIUSECASE: [WARN   ] chifeature2usecaserequestobject.cpp:482 Initialize() pUsecaseSettings is NULL!!
02-09 08:17:30.111  5945  5945 W Adreno-GSL: <gsl_ldd_control:553>: ioctl fd 7 code 0xc018093b (IOCTL_KGSL_PERFCOUNTER_READ) failed: errno 1 Operation not permitted
02-09 08:17:30.113  5945  5945 W Adreno-GSL: <gsl_ldd_control:553>: ioctl fd 7 code 0xc018093b (IOCTL_KGSL_PERFCOUNTER_READ) failed: errno 1 Operation not permitted
02-09 08:17:30.114  1668  1852 W SurfaceFlinger: onComposerHalVsync: HWVsync for 4626964470317753604, ActiveDisplay 4630946213010294403
02-09 08:17:30.115  5945  5945 W Adreno-GSL: <gsl_ldd_control:553>: ioctl fd 7 code 0xc018093b (IOCTL_KGSL_PERFCOUNTER_READ) failed: errno 1 Operation not permitted
02-09 08:17:30.115  1612 30458 I snap_api::V4: AIAwbModel_v1.3.tflite:Session Execute time taken : 4.925 ms
02-09 08:17:30.116  5945  5945 W Adreno-GSL: <gsl_ldd_control:553>: ioctl fd 7 code 0xc018093b (IOCTL_KGSL_PERFCOUNTER_READ) failed: errno 1 Operation not permitted
02-09 08:17:30.118  5945  5945 W Adreno-GSL: <gsl_ldd_control:553>: ioctl fd 7 code 0xc018093b (IOCTL_KGSL_PERFCOUNTER_READ) failed: errno 1 Operation not permitted
02-09 08:17:30.119  5945  5945 W Adreno-GSL: <gsl_ldd_control:553>: ioctl fd 7 code 0xc018093b (IOCTL_KGSL_PERFCOUNTER_READ) failed: errno 1 Operation not permitted
02-09 08:17:30.121  5945  5945 W Adreno-GSL: <gsl_ldd_control:553>: ioctl fd 7 code 0xc018093b (IOCTL_KGSL_PERFCOUNTER_READ) failed: errno 1 Operation not permitted
02-09 08:17:30.122  5945  5945 W Adreno-GSL: <gsl_ldd_control:553>: ioctl fd 7 code 0xc018093b (IOCTL_KGSL_PERFCOUNTER_READ) failed: errno 1 Operation not permitted
02-09 08:17:30.123  5945  5945 W Adreno-GSL: <gsl_ldd_control:553>: ioctl fd 7 code 0xc018093b (IOCTL_KGSL_PERFCOUNTER_READ) failed: errno 1 Operation not permitted
02-09 08:17:30.125  5945  5945 W Adreno-GSL: <gsl_ldd_control:553>: ioctl fd 7 code 0xc018093b (IOCTL_KGSL_PERFCOUNTER_READ) failed: errno 1 Operation not permitted
02-09 08:17:30.126  5945  5945 W Adreno-GSL: <gsl_ldd_control:553>: ioctl fd 7 code 0xc018093b (IOCTL_KGSL_PERFCOUNTER_READ) failed: errno 1 Operation not permitted
02-09 08:17:30.127  5945  5945 W Adreno-GSL: <gsl_ldd_control:553>: ioctl fd 7 code 0xc018093b (IOCTL_KGSL_PERFCOUNTER_READ) failed: errno 1 Operation not permitted
02-09 08:17:30.128  1612  3033 W CHIUSECASE: [WARN   ] chifeature2realtime.cpp:1808 PopulateSensorModeOnMetadataResult() FRO-URO:360_RealtimeFG:RealTime_0 Couldn't translate result metadata to initial crop values.pMetadata = 0xb4000073c13ea650, pInSensorZoomInfo = 0x0, m_pRoiTranslator = 0x0, pCameraInfo = 0x730f050eb8
02-09 08:17:30.129  5945  5945 W Adreno-GSL: <gsl_ldd_control:553>: ioctl fd 7 code 0xc018093b (IOCTL_KGSL_PERFCOUNTER_READ) failed: errno 1 Operation not permitted
02-09 08:17:30.130  1612  3033 W CHIUSECASE: [WARN   ] chifeature2graph.cpp:3743 ProcessResultMetadataMessage() pOutputLinkData->linkState in unexpected state: 1; expected OutputPending
02-09 08:17:30.130  1612  3033 W CHIUSECASE: [WARN   ] chifeature2graph.cpp:3743 ProcessResultMetadataMessage() pOutputLinkData->linkState in unexpected state: 1; expected OutputPending
02-09 08:17:30.130  5945  5945 W Adreno-GSL: <gsl_ldd_control:553>: ioctl fd 7 code 0xc018093b (IOCTL_KGSL_PERFCOUNTER_READ) failed: errno 1 Operation not permitted
02-09 08:17:30.131  1668  1852 W SurfaceFlinger: onComposerHalVsync: HWVsync for 4626964470317753604, ActiveDisplay 4630946213010294403
02-09 08:17:30.132  5945  5945 W Adreno-GSL: <gsl_ldd_control:553>: ioctl fd 7 code 0xc018093b (IOCTL_KGSL_PERFCOUNTER_READ) failed: errno 1 Operation not permitted
02-09 08:17:30.134  5945  5945 W Adreno-GSL: <gsl_ldd_control:553>: ioctl fd 7 code 0xc018093b (IOCTL_KGSL_PERFCOUNTER_READ) failed: errno 1 Operation not permitted
02-09 08:17:30.135  5945  5945 W Adreno-GSL: <gsl_ldd_control:553>: ioctl fd 7 code 0xc018093b (IOCTL_KGSL_PERFCOUNTER_READ) failed: errno 1 Operation not permitted
02-09 08:17:30.137  5945  5945 W Adreno-GSL: <gsl_ldd_control:553>: ioctl fd 7 code 0xc018093b (IOCTL_KGSL_PERFCOUNTER_READ) failed: errno 1 Operation not permitted
02-09 08:17:30.137  1612  3109 W CHIUSECASE: [WARN   ] chifeature2usecaserequestobject.cpp:482 Initialize() pUsecaseSettings is NULL!!
02-09 08:17:30.138  5945  5945 W Adreno-GSL: <gsl_ldd_control:553>: ioctl fd 7 code 0xc018093b (IOCTL_KGSL_PERFCOUNTER_READ) failed: errno 1 Operation not permitted
02-09 08:17:30.139  5945  5945 W Adreno-GSL: <gsl_ldd_control:553>: ioctl fd 7 code 0xc018093b (IOCTL_KGSL_PERFCOUNTER_READ) failed: errno 1 Operation not permitted
02-09 08:17:30.141  5945  5945 W Adreno-GSL: <gsl_ldd_control:553>: ioctl fd 7 code 0xc018093b (IOCTL_KGSL_PERFCOUNTER_READ) failed: errno 1 Operation not permitted
02-09 08:17:30.142  5945  5945 W Adreno-GSL: <gsl_ldd_control:553>: ioctl fd 7 code 0xc018093b (IOCTL_KGSL_PERFCOUNTER_READ) failed: errno 1 Operation not permitted
02-09 08:17:30.143  5945  5945 W Adreno-GSL: <gsl_ldd_control:553>: ioctl fd 7 code 0xc018093b (IOCTL_KGSL_PERFCOUNTER_READ) failed: errno 1 Operation not permitted
02-09 08:17:30.145  5945  5945 W Adreno-GSL: <gsl_ldd_control:553>: ioctl fd 7 code 0xc018093b (IOCTL_KGSL_PERFCOUNTER_READ) failed: errno 1 Operation not permitted
02-09 08:17:30.146  5945  5945 W Adreno-GSL: <gsl_ldd_control:553>: ioctl fd 7 code 0xc018093b (IOCTL_KGSL_PERFCOUNTER_READ) failed: errno 1 Operation not permitted
02-09 08:17:30.147  5945  5945 W Adreno-GSL: <gsl_ldd_control:553>: ioctl fd 7 code 0xc018093b (IOCTL_KGSL_PERFCOUNTER_READ) failed: errno 1 Operation not permitted
02-09 08:17:30.148  1668  1852 W SurfaceFlinger: onComposerHalVsync: HWVsync for 4626964470317753604, ActiveDisplay 4630946213010294403
02-09 08:17:30.148  5945  5945 W Adreno-GSL: <gsl_ldd_control:553>: ioctl fd 7 code 0xc018093b (IOCTL_KGSL_PERFCOUNTER_READ) failed: errno 1 Operation not permitted
02-09 08:17:30.150  5945  5945 W Adreno-GSL: <gsl_ldd_control:553>: ioctl fd 7 code 0xc018093b (IOCTL_KGSL_PERFCOUNTER_READ) failed: errno 1 Operation not permitted
02-09 08:17:30.151  5945  5945 W Adreno-GSL: <gsl_ldd_control:553>: ioctl fd 7 code 0xc018093b (IOCTL_KGSL_PERFCOUNTER_READ) failed: errno 1 Operation not permitted
02-09 08:17:30.152  5945  5945 W Adreno-GSL: <gsl_ldd_control:553>: ioctl fd 7 code 0xc018093b (IOCTL_KGSL_PERFCOUNTER_READ) failed: errno 1 Operation not permitted
02-09 08:17:30.153  5945  5945 W Adreno-GSL: <gsl_ldd_control:553>: ioctl fd 7 code 0xc018093b (IOCTL_KGSL_PERFCOUNTER_READ) failed: errno 1 Operation not permitted
02-09 08:17:30.155  5945  5945 W Adreno-GSL: <gsl_ldd_control:553>: ioctl fd 7 code 0xc018093b (IOCTL_KGSL_PERFCOUNTER_READ) failed: errno 1 Operation not permitted
02-09 08:17:30.155  1612  3035 E IS_ALGO : IS0523: V3: is_valid_frame_time(1595): Gyro: frame_id 362: Last requested timestamp (253734576282) is larger than received timestamp (253734575302). Delta [usec] = 980
02-09 08:17:30.156  5945  5945 W Adreno-GSL: <gsl_ldd_control:553>: ioctl fd 7 code 0xc018093b (IOCTL_KGSL_PERFCOUNTER_READ) failed: errno 1 Operation not permitted
02-09 08:17:30.157  5945  5945 W Adreno-GSL: <gsl_ldd_control:553>: ioctl fd 7 code 0xc018093b (IOCTL_KGSL_PERFCOUNTER_READ) failed: errno 1 Operation not permitted
02-09 08:17:30.159  5945  5945 W Adreno-GSL: <gsl_ldd_control:553>: ioctl fd 7 code 0xc018093b (IOCTL_KGSL_PERFCOUNTER_READ) failed: errno 1 Operation not permitted
02-09 08:17:30.160  5945  5945 W Adreno-GSL: <gsl_ldd_control:553>: ioctl fd 7 code 0xc018093b (IOCTL_KGSL_PERFCOUNTER_READ) failed: errno 1 Operation not permitted
02-09 08:17:30.161  5945  5945 W Adreno-GSL: <gsl_ldd_control:553>: ioctl fd 7 code 0xc018093b (IOCTL_KGSL_PERFCOUNTER_READ) failed: errno 1 Operation not permitted
02-09 08:17:30.162  5945  5945 W Adreno-GSL: <gsl_ldd_control:553>: ioctl fd 7 code 0xc018093b (IOCTL_KGSL_PERFCOUNTER_READ) failed: errno 1 Operation not permitted
02-09 08:17:30.163  1612  3032 W CHIUSECASE: [WARN   ] chifeature2realtime.cpp:1808 PopulateSensorModeOnMetadataResult() FRO-URO:361_RealtimeFG:RealTime_0 Couldn't translate result metadata to initial crop values.pMetadata = 0xb4000073c1446630, pInSensorZoomInfo = 0x0, m_pRoiTranslator = 0x0, pCameraInfo = 0x730f050eb8
02-09 08:17:30.164  5945  5945 W Adreno-GSL: <gsl_ldd_control:553>: ioctl fd 7 code 0xc018093b (IOCTL_KGSL_PERFCOUNTER_READ) failed: errno 1 Operation not permitted
02-09 08:17:30.164  1668  1852 W SurfaceFlinger: onComposerHalVsync: HWVsync for 4626964470317753604, ActiveDisplay 4630946213010294403
02-09 08:17:30.164  1612  3032 W CHIUSECASE: [WARN   ] chifeature2graph.cpp:3743 ProcessResultMetadataMessage() pOutputLinkData->linkState in unexpected state: 1; expected OutputPending
02-09 08:17:30.164  1612  3032 W CHIUSECASE: [WARN   ] chifeature2graph.cpp:3743 ProcessResultMetadataMessage() pOutputLinkData->linkState in unexpected state: 1; expected OutputPending
02-09 08:17:30.165  5945  5945 W Adreno-GSL: <gsl_ldd_control:553>: ioctl fd 7 code 0xc018093b (IOCTL_KGSL_PERFCOUNTER_READ) failed: errno 1 Operation not permitted
02-09 08:17:30.166  5945  5945 W Adreno-GSL: <gsl_ldd_control:553>: ioctl fd 7 code 0xc018093b (IOCTL_KGSL_PERFCOUNTER_READ) failed: errno 1 Operation not permitted
02-09 08:17:30.168  5945  5945 W Adreno-GSL: <gsl_ldd_control:553>: ioctl fd 7 code 0xc018093b (IOCTL_KGSL_PERFCOUNTER_READ) failed: errno 1 Operation not permitted
02-09 08:17:30.169  5945  5945 W Adreno-GSL: <gsl_ldd_control:553>: ioctl fd 7 code 0xc018093b (IOCTL_KGSL_PERFCOUNTER_READ) failed: errno 1 Operation not permitted
02-09 08:17:30.170  5945  5945 W Adreno-GSL: <gsl_ldd_control:553>: ioctl fd 7 code 0xc018093b (IOCTL_KGSL_PERFCOUNTER_READ) failed: errno 1 Operation not permitted
02-09 08:17:30.171  1612  3113 W CHIUSECASE: [WARN   ] chifeature2usecaserequestobject.cpp:482 Initialize() pUsecaseSettings is NULL!!
02-09 08:17:30.172  1535  1573 E BatteryDump: !@new_battery_dump : 3554,-802,300,1022,7,361,347,417,361,0,376,405,355,Not-charging,NO_CHARGING,None,UnderVoltage,PDIC,0,Normal,0,0,11400,0x40018000,0x10000,0x0,0,0,0000,0000,00000000,3568,3580,-425,-385,402,3683,710,990,0,
02-09 08:17:30.172  5945  5945 W Adreno-GSL: <gsl_ldd_control:553>: ioctl fd 7 code 0xc018093b (IOCTL_KGSL_PERFCOUNTER_READ) failed: errno 1 Operation not permitted
02-09 08:17:30.173  5945  5945 W Adreno-GSL: <gsl_ldd_control:553>: ioctl fd 7 code 0xc018093b (IOCTL_KGSL_PERFCOUNTER_READ) failed: errno 1 Operation not permitted
02-09 08:17:30.175  5945  5945 W Adreno-GSL: <gsl_ldd_control:553>: ioctl fd 7 code 0xc018093b (IOCTL_KGSL_PERFCOUNTER_READ) failed: errno 1 Operation not permitted
02-09 08:17:30.176  5945  5945 W Adreno-GSL: <gsl_ldd_control:553>: ioctl fd 7 code 0xc018093b (IOCTL_KGSL_PERFCOUNTER_READ) failed: errno 1 Operation not permitted
02-09 08:17:30.177  5945  5945 W Adreno-GSL: <gsl_ldd_control:553>: ioctl fd 7 code 0xc018093b (IOCTL_KGSL_PERFCOUNTER_READ) failed: errno 1 Operation not permitted
02-09 08:17:30.178  5945  5945 W Adreno-GSL: <gsl_ldd_control:553>: ioctl fd 7 code 0xc018093b (IOCTL_KGSL_PERFCOUNTER_READ) failed: errno 1 Operation not permitted
02-09 08:17:30.179  5945  5945 W Adreno-GSL: <gsl_ldd_control:553>: ioctl fd 7 code 0xc018093b (IOCTL_KGSL_PERFCOUNTER_READ) failed: errno 1 Operation not permitted
02-09 08:17:30.181  5945  5945 W Adreno-GSL: <gsl_ldd_control:553>: ioctl fd 7 code 0xc018093b (IOCTL_KGSL_PERFCOUNTER_READ) failed: errno 1 Operation not permitted
02-09 08:17:30.181  1668  1852 W SurfaceFlinger: onComposerHalVsync: HWVsync for 4626964470317753604, ActiveDisplay 4630946213010294403
02-09 08:17:30.182  5945  5945 W Adreno-GSL: <gsl_ldd_control:553>: ioctl fd 7 code 0xc018093b (IOCTL_KGSL_PERFCOUNTER_READ) failed: errno 1 Operation not permitted
02-09 08:17:30.183  5945  5945 W Adreno-GSL: <gsl_ldd_control:553>: ioctl fd 7 code 0xc018093b (IOCTL_KGSL_PERFCOUNTER_READ) failed: errno 1 Operation not permitted
02-09 08:17:30.184  5945  5945 W Adreno-GSL: <gsl_ldd_control:553>: ioctl fd 7 code 0xc018093b (IOCTL_KGSL_PERFCOUNTER_READ) failed: errno 1 Operation not permitted
02-09 08:17:30.185  5945  5945 W Adreno-GSL: <gsl_ldd_control:553>: ioctl fd 7 code 0xc018093b (IOCTL_KGSL_PERFCOUNTER_READ) failed: errno 1 Operation not permitted
02-09 08:17:30.187  5945  5945 W Adreno-GSL: <gsl_ldd_control:553>: ioctl fd 7 code 0xc018093b (IOCTL_KGSL_PERFCOUNTER_READ) failed: errno 1 Operation not permitted
02-09 08:17:30.188  5945  5945 W Adreno-GSL: <gsl_ldd_control:553>: ioctl fd 7 code 0xc018093b (IOCTL_KGSL_PERFCOUNTER_READ) failed: errno 1 Operation not permitted
02-09 08:17:30.189  5945  5945 W Adreno-GSL: <gsl_ldd_control:553>: ioctl fd 7 code 0xc018093b (IOCTL_KGSL_PERFCOUNTER_READ) failed: errno 1 Operation not permitted
02-09 08:17:30.190  1612  3037 W CHIUSECASE: [WARN   ] chifeature2realtime.cpp:1808 PopulateSensorModeOnMetadataResult() FRO-URO:362_RealtimeFG:RealTime_0 Couldn't translate result metadata to initial crop values.pMetadata = 0xb4000073c136c6b0, pInSensorZoomInfo = 0x0, m_pRoiTranslator = 0x0, pCameraInfo = 0x730f050eb8
02-09 08:17:30.190  5945  5945 W Adreno-GSL: <gsl_ldd_control:553>: ioctl fd 7 code 0xc018093b (IOCTL_KGSL_PERFCOUNTER_READ) failed: errno 1 Operation not permitted
02-09 08:17:30.191  1612  3037 W CHIUSECASE: [WARN   ] chifeature2graph.cpp:3743 ProcessResultMetadataMessage() pOutputLinkData->linkState in unexpected state: 1; expected OutputPending
02-09 08:17:30.191  1612  3037 W CHIUSECASE: [WARN   ] chifeature2graph.cpp:3743 ProcessResultMetadataMessage() pOutputLinkData->linkState in unexpected state: 1; expected OutputPending
02-09 08:17:30.192  5945  5945 W Adreno-GSL: <gsl_ldd_control:553>: ioctl fd 7 code 0xc018093b (IOCTL_KGSL_PERFCOUNTER_READ) failed: errno 1 Operation not permitted
02-09 08:17:30.193  5945  5945 W Adreno-GSL: <gsl_ldd_control:553>: ioctl fd 7 code 0xc018093b (IOCTL_KGSL_PERFCOUNTER_READ) failed: errno 1 Operation not permitted
02-09 08:17:30.194  5945  5945 W Adreno-GSL: <gsl_ldd_control:553>: ioctl fd 7 code 0xc018093b (IOCTL_KGSL_PERFCOUNTER_READ) failed: errno 1 Operation not permitted
02-09 08:17:30.196  5945  5945 W Adreno-GSL: <gsl_ldd_control:553>: ioctl fd 7 code 0xc018093b (IOCTL_KGSL_PERFCOUNTER_READ) failed: errno 1 Operation not permitted
02-09 08:17:30.197  5945  5945 W Adreno-GSL: <gsl_ldd_control:553>: ioctl fd 7 code 0xc018093b (IOCTL_KGSL_PERFCOUNTER_READ) failed: errno 1 Operation not permitted
02-09 08:17:30.197  1668  1852 W SurfaceFlinger: onComposerHalVsync: HWVsync for 4626964470317753604, ActiveDisplay 4630946213010294403
02-09 08:17:30.198  1612  3112 W CHIUSECASE: [WARN   ] chifeature2usecaserequestobject.cpp:482 Initialize() pUsecaseSettings is NULL!!
02-09 08:17:30.198  5945  5945 W Adreno-GSL: <gsl_ldd_control:553>: ioctl fd 7 code 0xc018093b (IOCTL_KGSL_PERFCOUNTER_READ) failed: errno 1 Operation not permitted
02-09 08:17:30.200  5945  5945 W Adreno-GSL: <gsl_ldd_control:553>: ioctl fd 7 code 0xc018093b (IOCTL_KGSL_PERFCOUNTER_READ) failed: errno 1 Operation not permitted
02-09 08:17:30.201  5945  5945 W Adreno-GSL: <gsl_ldd_control:553>: ioctl fd 7 code 0xc018093b (IOCTL_KGSL_PERFCOUNTER_READ) failed: errno 1 Operation not permitted
02-09 08:17:30.202  5945  5945 W Adreno-GSL: <gsl_ldd_control:553>: ioctl fd 7 code 0xc018093b (IOCTL_KGSL_PERFCOUNTER_READ) failed: errno 1 Operation not permitted
02-09 08:17:30.204  5945  5945 W Adreno-GSL: <gsl_ldd_control:553>: ioctl fd 7 code 0xc018093b (IOCTL_KGSL_PERFCOUNTER_READ) failed: errno 1 Operation not permitted
02-09 08:17:30.205  5945  5945 W Adreno-GSL: <gsl_ldd_control:553>: ioctl fd 7 code 0xc018093b (IOCTL_KGSL_PERFCOUNTER_READ) failed: errno 1 Operation not permitted
02-09 08:17:30.206  5945  5945 W Adreno-GSL: <gsl_ldd_control:553>: ioctl fd 7 code 0xc018093b (IOCTL_KGSL_PERFCOUNTER_READ) failed: errno 1 Operation not permitted
02-09 08:17:30.208  5945  5945 W Adreno-GSL: <gsl_ldd_control:553>: ioctl fd 7 code 0xc018093b (IOCTL_KGSL_PERFCOUNTER_READ) failed: errno 1 Operation not permitted
02-09 08:17:30.209  5945  5945 W Adreno-GSL: <gsl_ldd_control:553>: ioctl fd 7 code 0xc018093b (IOCTL_KGSL_PERFCOUNTER_READ) failed: errno 1 Operation not permitted
02-09 08:17:30.211  5945  5945 W Adreno-GSL: <gsl_ldd_control:553>: ioctl fd 7 code 0xc018093b (IOCTL_KGSL_PERFCOUNTER_READ) failed: errno 1 Operation not permitted
02-09 08:17:30.213  5945  5945 W Adreno-GSL: <gsl_ldd_control:553>: ioctl fd 7 code 0xc018093b (IOCTL_KGSL_PERFCOUNTER_READ) failed: errno 1 Operation not permitted
02-09 08:17:30.214  1668  1852 W SurfaceFlinger: onComposerHalVsync: HWVsync for 4626964470317753604, ActiveDisplay 4630946213010294403
02-09 08:17:30.214  5945  5945 W Adreno-GSL: <gsl_ldd_control:553>: ioctl fd 7 code 0xc018093b (IOCTL_KGSL_PERFCOUNTER_READ) failed: errno 1 Operation not permitted
02-09 08:17:30.216  5945  5945 W Adreno-GSL: <gsl_ldd_control:553>: ioctl fd 7 code 0xc018093b (IOCTL_KGSL_PERFCOUNTER_READ) failed: errno 1 Operation not permitted
02-09 08:17:30.217  5945  5945 W Adreno-GSL: <gsl_ldd_control:553>: ioctl fd 7 code 0xc018093b (IOCTL_KGSL_PERFCOUNTER_READ) failed: errno 1 Operation not permitted
02-09 08:17:30.219  5945  5945 W Adreno-GSL: <gsl_ldd_control:553>: ioctl fd 7 code 0xc018093b (IOCTL_KGSL_PERFCOUNTER_READ) failed: errno 1 Operation not permitted
02-09 08:17:30.220  5945  5945 W Adreno-GSL: <gsl_ldd_control:553>: ioctl fd 7 code 0xc018093b (IOCTL_KGSL_PERFCOUNTER_READ) failed: errno 1 Operation not permitted
02-09 08:17:30.221  5945  5945 W Adreno-GSL: <gsl_ldd_control:553>: ioctl fd 7 code 0xc018093b (IOCTL_KGSL_PERFCOUNTER_READ) failed: errno 1 Operation not permitted
02-09 08:17:30.223  5945  5945 W Adreno-GSL: <gsl_ldd_control:553>: ioctl fd 7 code 0xc018093b (IOCTL_KGSL_PERFCOUNTER_READ) failed: errno 1 Operation not permitted
02-09 08:17:30.224  5945  5945 W Adreno-GSL: <gsl_ldd_control:553>: ioctl fd 7 code 0xc018093b (IOCTL_KGSL_PERFCOUNTER_READ) failed: errno 1 Operation not permitted
02-09 08:17:30.226  5945  5945 W Adreno-GSL: <gsl_ldd_control:553>: ioctl fd 7 code 0xc018093b (IOCTL_KGSL_PERFCOUNTER_READ) failed: errno 1 Operation not permitted
02-09 08:17:30.227  5945  5945 W Adreno-GSL: <gsl_ldd_control:553>: ioctl fd 7 code 0xc018093b (IOCTL_KGSL_PERFCOUNTER_READ) failed: errno 1 Operation not permitted
02-09 08:17:30.228  5945  5945 W Adreno-GSL: <gsl_ldd_control:553>: ioctl fd 7 code 0xc018093b (IOCTL_KGSL_PERFCOUNTER_READ) failed: errno 1 Operation not permitted
02-09 08:17:30.229  1979  4422 I NSLocationMonitor: getGPSUsingApps() called
02-09 08:17:30.230  5945  5945 W Adreno-GSL: <gsl_ldd_control:553>: ioctl fd 7 code 0xc018093b (IOCTL_KGSL_PERFCOUNTER_READ) failed: errno 1 Operation not permitted
02-09 08:17:30.230 30836 30902 I NSLocationManager_FLP: getGPSUsingApps, No change
02-09 08:17:30.231  1668  1852 W SurfaceFlinger: onComposerHalVsync: HWVsync for 4626964470317753604, ActiveDisplay 4630946213010294403
02-09 08:17:30.231  5945  5945 W Adreno-GSL: <gsl_ldd_control:553>: ioctl fd 7 code 0xc018093b (IOCTL_KGSL_PERFCOUNTER_READ) failed: errno 1 Operation not permitted
02-09 08:17:30.232  1612  3036 W CHIUSECASE: [WARN   ] chifeature2realtime.cpp:1808 PopulateSensorModeOnMetadataResult() FRO-URO:363_RealtimeFG:RealTime_0 Couldn't translate result metadata to initial crop values.pMetadata = 0xb4000073c134bff0, pInSensorZoomInfo = 0x0, m_pRoiTranslator = 0x0, pCameraInfo = 0x730f050eb8
02-09 08:17:30.232  5945  5945 W Adreno-GSL: <gsl_ldd_control:553>: ioctl fd 7 code 0xc018093b (IOCTL_KGSL_PERFCOUNTER_READ) failed: errno 1 Operation not permitted
02-09 08:17:30.233  1979  4422 W Binder  : Outgoing transactions from this process must be FLAG_ONEWAY
02-09 08:17:30.233  1979  4422 W Binder  : java.lang.Throwable
02-09 08:17:30.233  1979  4422 W Binder  : 	at android.os.BinderProxy.transact(BinderProxy.java:566)
02-09 08:17:30.233  1979  4422 W Binder  : 	at android.bluetooth.IBluetoothGatt$Stub$Proxy.getAdvertisingSetUids(IBluetoothGatt.java:1678)
02-09 08:17:30.233  1979  4422 W Binder  : 	at android.bluetooth.BluetoothAdapter.getAdvertisingSetUids(BluetoothAdapter.java:8476)
02-09 08:17:30.233  1979  4422 W Binder  : 	at android.bluetooth.BluetoothAdapter.getHWUsingApps(BluetoothAdapter.java:1342)
02-09 08:17:30.233  1979  4422 W Binder  : 	at com.android.server.am.mars.filter.filter.BlueToothConnectedFilter.updateBTUsingPackages(qb/105325040 15c01067a53b5071fcc375582311ffeb35410cf837b56533a4c56935b898b7bb:22)
02-09 08:17:30.233  1979  4422 W Binder  : 	at com.android.server.am.FreecessController.freeze(qb/105325040 15c01067a53b5071fcc375582311ffeb35410cf837b56533a4c56935b898b7bb:117)
02-09 08:17:30.233  1979  4422 W Binder  : 	at com.android.server.am.FreecessHandler$MainHandler.handleLcdOnFreeze(qb/105325040 15c01067a53b5071fcc375582311ffeb35410cf837b56533a4c56935b898b7bb:55)
02-09 08:17:30.233  1979  4422 W Binder  : 	at com.android.server.am.FreecessHandler$MainHandler.handleMessage(qb/105325040 15c01067a53b5071fcc375582311ffeb35410cf837b56533a4c56935b898b7bb:793)
02-09 08:17:30.233  1979  4422 W Binder  : 	at android.os.Handler.dispatchMessage(Handler.java:110)
02-09 08:17:30.233  1979  4422 W Binder  : 	at android.os.Looper.loopOnce(Looper.java:273)
02-09 08:17:30.233  1979  4422 W Binder  : 	at android.os.Looper.loop(Looper.java:363)
02-09 08:17:30.233  1979  4422 W Binder  : 	at android.os.HandlerThread.run(HandlerThread.java:85)
02-09 08:17:30.234  1612  3036 W CHIUSECASE: [WARN   ] chifeature2graph.cpp:3743 ProcessResultMetadataMessage() pOutputLinkData->linkState in unexpected state: 1; expected OutputPending
02-09 08:17:30.234  1612  3036 W CHIUSECASE: [WARN   ] chifeature2graph.cpp:3743 ProcessResultMetadataMessage() pOutputLinkData->linkState in unexpected state: 1; expected OutputPending
02-09 08:17:30.234  5945  5945 W Adreno-GSL: <gsl_ldd_control:553>: ioctl fd 7 code 0xc018093b (IOCTL_KGSL_PERFCOUNTER_READ) failed: errno 1 Operation not permitted
02-09 08:17:30.236  5945  5945 W Adreno-GSL: <gsl_ldd_control:553>: ioctl fd 7 code 0xc018093b (IOCTL_KGSL_PERFCOUNTER_READ) failed: errno 1 Operation not permitted
02-09 08:17:30.237  5945  5945 W Adreno-GSL: <gsl_ldd_control:553>: ioctl fd 7 code 0xc018093b (IOCTL_KGSL_PERFCOUNTER_READ) failed: errno 1 Operation not permitted
02-09 08:17:30.239  5945  5945 W Adreno-GSL: <gsl_ldd_control:553>: ioctl fd 7 code 0xc018093b (IOCTL_KGSL_PERFCOUNTER_READ) failed: errno 1 Operation not permitted
02-09 08:17:30.241  1537 25276 I sensors-hal: handle_sns_std_sensor_event:335, [SSC_LIGHT] P: 226(226),ch0:25632,ch1:48,c:6,w:20,l:222,m:2,br:99,c1:91,c2:100,i:1
02-09 08:17:30.241  1612  1612 W CHIUSECASE: [WARN   ] chifeature2usecaserequestobject.cpp:482 Initialize() pUsecaseSettings is NULL!!
02-09 08:17:30.243  5945  5945 W Adreno-GSL: <gsl_ldd_control:553>: ioctl fd 7 code 0xc018093b (IOCTL_KGSL_PERFCOUNTER_READ) failed: errno 1 Operation not permitted
02-09 08:17:30.244  1979  4422 D FreecessController: FZ : com.samsung.android.game.gamehome(10086) [31755] reason: Bg [cached:X
02-09 08:17:30.244  1979  4422 D FreecessHandler: freeze com.samsung.android.game.gamehome(10086) result : 0
02-09 08:17:30.244  5945  5945 W Adreno-GSL: <gsl_ldd_control:553>: ioctl fd 7 code 0xc018093b (IOCTL_KGSL_PERFCOUNTER_READ) failed: errno 1 Operation not permitted
02-09 08:17:30.245  1979  4422 W LocationManagerService: onFreezeStateChanged, uid[10086]=true
02-09 08:17:30.245  1979  4422 I PowerManagerService: [PWL] SetWakeLockEnableDisable uid = 10086 , disable= true
02-09 08:17:30.245  1979  4422 I PowerManagerService: [PWL] can not change uid =  10086
02-09 08:17:30.246  5945  5945 W Adreno-GSL: <gsl_ldd_control:553>: ioctl fd 7 code 0xc018093b (IOCTL_KGSL_PERFCOUNTER_READ) failed: errno 1 Operation not permitted
02-09 08:17:30.247  1668  1852 W SurfaceFlinger: onComposerHalVsync: HWVsync for 4626964470317753604, ActiveDisplay 4630946213010294403
