02-09 08:17:29.707  5945  5945 W Adreno-GSL: <gsl_ldd_control:553>: ioctl fd 7 code 0xc018093b (IOCTL_KGSL_PERFCOUNTER_READ) failed: errno 1 Operation not permitted
02-09 08:17:29.709  5945  5945 W Adreno-GSL: <gsl_ldd_control:553>: ioctl fd 7 code 0xc018093b (IOCTL_KGSL_PERFCOUNTER_READ) failed: errno 1 Operation not permitted
02-09 08:17:29.710  5945  5945 W Adreno-GSL: <gsl_ldd_control:553>: ioctl fd 7 code 0xc018093b (IOCTL_KGSL_PERFCOUNTER_READ) failed: errno 1 Operation not permitted
02-09 08:17:29.712  5945  5945 W Adreno-GSL: <gsl_ldd_control:553>: ioctl fd 7 code 0xc018093b (IOCTL_KGSL_PERFCOUNTER_READ) failed: errno 1 Operation not permitted
02-09 08:17:29.713  5945  5945 W Adreno-GSL: <gsl_ldd_control:553>: ioctl fd 7 code 0xc018093b (IOCTL_KGSL_PERFCOUNTER_READ) failed: errno 1 Operation not permitted
02-09 08:17:29.714  1537  2492 D SensorsFlicker: Als_common::readEvents, enabled : 1, data : -1.000000, 0.000000, 0.000000, 0.000000, 0.000000, 0.000000, 0.000000
02-09 08:17:29.714  1668  1852 W SurfaceFlinger: onComposerHalVsync: HWVsync for 4626964470317753604, ActiveDisplay 4630946213010294403
02-09 08:17:29.715  5945  5945 W Adreno-GSL: <gsl_ldd_control:553>: ioctl fd 7 code 0xc018093b (IOCTL_KGSL_PERFCOUNTER_READ) failed: errno 1 Operation not permitted
02-09 08:17:29.716  5945  5945 W Adreno-GSL: <gsl_ldd_control:553>: ioctl fd 7 code 0xc018093b (IOCTL_KGSL_PERFCOUNTER_READ) failed: errno 1 Operation not permitted
02-09 08:17:29.716  1612 30458 I snap_api::V4: AIAwbModel_v1.3.tflite:Session Execute time taken : 6.452 ms
02-09 08:17:29.718  5945  5945 W Adreno-GSL: <gsl_ldd_control:553>: ioctl fd 7 code 0xc018093b (IOCTL_KGSL_PERFCOUNTER_READ) failed: errno 1 Operation not permitted
02-09 08:17:29.719  5945  5945 W Adreno-GSL: <gsl_ldd_control:553>: ioctl fd 7 code 0xc018093b (IOCTL_KGSL_PERFCOUNTER_READ) failed: errno 1 Operation not permitted
02-09 08:17:29.721  5945  5945 W Adreno-GSL: <gsl_ldd_control:553>: ioctl fd 7 code 0xc018093b (IOCTL_KGSL_PERFCOUNTER_READ) failed: errno 1 Operation not permitted
02-09 08:17:29.722  5945  5945 W Adreno-GSL: <gsl_ldd_control:553>: ioctl fd 7 code 0xc018093b (IOCTL_KGSL_PERFCOUNTER_READ) failed: errno 1 Operation not permitted
02-09 08:17:29.724  5945  5945 W Adreno-GSL: <gsl_ldd_control:553>: ioctl fd 7 code 0xc018093b (IOCTL_KGSL_PERFCOUNTER_READ) failed: errno 1 Operation not permitted
02-09 08:17:29.725  5945  5945 W Adreno-GSL: <gsl_ldd_control:553>: ioctl fd 7 code 0xc018093b (IOCTL_KGSL_PERFCOUNTER_READ) failed: errno 1 Operation not permitted
02-09 08:17:29.727  5945  5945 W Adreno-GSL: <gsl_ldd_control:553>: ioctl fd 7 code 0xc018093b (IOCTL_KGSL_PERFCOUNTER_READ) failed: errno 1 Operation not permitted
02-09 08:17:29.728  5945  5945 W Adreno-GSL: <gsl_ldd_control:553>: ioctl fd 7 code 0xc018093b (IOCTL_KGSL_PERFCOUNTER_READ) failed: errno 1 Operation not permitted
02-09 08:17:29.730  5945  5945 W Adreno-GSL: <gsl_ldd_control:553>: ioctl fd 7 code 0xc018093b (IOCTL_KGSL_PERFCOUNTER_READ) failed: errno 1 Operation not permitted
02-09 08:17:29.731  1668  1852 W SurfaceFlinger: onComposerHalVsync: HWVsync for 4626964470317753604, ActiveDisplay 4630946213010294403
02-09 08:17:29.732  5945  5945 W Adreno-GSL: <gsl_ldd_control:553>: ioctl fd 7 code 0xc018093b (IOCTL_KGSL_PERFCOUNTER_READ) failed: errno 1 Operation not permitted
02-09 08:17:29.733  5945  5945 W Adreno-GSL: <gsl_ldd_control:553>: ioctl fd 7 code 0xc018093b (IOCTL_KGSL_PERFCOUNTER_READ) failed: errno 1 Operation not permitted
02-09 08:17:29.733  1612  3037 W CHIUSECASE: [WARN   ] chifeature2realtime.cpp:1808 PopulateSensorModeOnMetadataResult() FRO-URO:348_RealtimeFG:RealTime_0 Couldn't translate result metadata to initial crop values.pMetadata = 0xb4000073c135c350, pInSensorZoomInfo = 0x0, m_pRoiTranslator = 0x0, pCameraInfo = 0x730f050eb8
02-09 08:17:29.735  5945  5945 W Adreno-GSL: <gsl_ldd_control:553>: ioctl fd 7 code 0xc018093b (IOCTL_KGSL_PERFCOUNTER_READ) failed: errno 1 Operation not permitted
02-09 08:17:29.736  1612  3037 W CHIUSECASE: [WARN   ] chifeature2graph.cpp:3743 ProcessResultMetadataMessage() pOutputLinkData->linkState in unexpected state: 1; expected OutputPending
02-09 08:17:29.736  1612  3037 W CHIUSECASE: [WARN   ] chifeature2graph.cpp:3743 ProcessResultMetadataMessage() pOutputLinkData->linkState in unexpected state: 1; expected OutputPending
02-09 08:17:29.736  5945  5945 W Adreno-GSL: <gsl_ldd_control:553>: ioctl fd 7 code 0xc018093b (IOCTL_KGSL_PERFCOUNTER_READ) failed: errno 1 Operation not permitted
02-09 08:17:29.738  5945  5945 W Adreno-GSL: <gsl_ldd_control:553>: ioctl fd 7 code 0xc018093b (IOCTL_KGSL_PERFCOUNTER_READ) failed: errno 1 Operation not permitted
02-09 08:17:29.740  5945  5945 W Adreno-GSL: <gsl_ldd_control:553>: ioctl fd 7 code 0xc018093b (IOCTL_KGSL_PERFCOUNTER_READ) failed: errno 1 Operation not permitted
02-09 08:17:29.742  1612  3112 W CHIUSECASE: [WARN   ] chifeature2usecaserequestobject.cpp:482 Initialize() pUsecaseSettings is NULL!!
02-09 08:17:29.745  5945  5945 W Adreno-GSL: <gsl_ldd_control:553>: ioctl fd 7 code 0xc018093b (IOCTL_KGSL_PERFCOUNTER_READ) failed: errno 1 Operation not permitted
02-09 08:17:29.747  5945  5945 W Adreno-GSL: <gsl_ldd_control:553>: ioctl fd 7 code 0xc018093b (IOCTL_KGSL_PERFCOUNTER_READ) failed: errno 1 Operation not permitted
02-09 08:17:29.747  1668  1852 W SurfaceFlinger: onComposerHalVsync: HWVsync for 4626964470317753604, ActiveDisplay 4630946213010294403
02-09 08:17:29.748  5945  5945 W Adreno-GSL: <gsl_ldd_control:553>: ioctl fd 7 code 0xc018093b (IOCTL_KGSL_PERFCOUNTER_READ) failed: errno 1 Operation not permitted
02-09 08:17:29.750  5945  5945 W Adreno-GSL: <gsl_ldd_control:553>: ioctl fd 7 code 0xc018093b (IOCTL_KGSL_PERFCOUNTER_READ) failed: errno 1 Operation not permitted
02-09 08:17:29.750  1653  1675 E HeatmapThread: ECT Thread time in milliseconds: 1770592649
02-09 08:17:29.750  1653  1675 D HeatmapThread: !@ batteryplugType : 0
02-09 08:17:29.750  1653  1675 D HeatmapThread: !@ batteryLevel : 0  batteryTemperature : 0 
02-09 08:17:29.750  1653  1675 D HeatmapThread: !@ Heatmap currtime: 29509877
02-09 08:17:29.750  1653  1675 D HeatmapThread: !@ Heatmap prevtime: 29509854
02-09 08:17:29.750  1653  1675 D HeatmapThread: !@ Heatmap plugstarttime: 35791394
02-09 08:17:29.750  1653  1675 D HeatmapThread: !@ Heatmap prevv_dsoh_update_time: 29505648
02-09 08:17:29.750  1653  1675 E HeatmapThread: !@Could not open '/efs/FactoryApp/bsoh', errno = 13
02-09 08:17:29.750  1653  1675 E HeatmapThread: !@ CAM Could not access BSOH EFS
02-09 08:17:29.750  5894  5894 E gpustat : dataReady_ == false
02-09 08:17:29.750  1653  1675 E HeatmapThread: !@ CAM New BSOH: 0
02-09 08:17:29.751  5945  5945 W Adreno-GSL: <gsl_ldd_control:553>: ioctl fd 7 code 0xc018093b (IOCTL_KGSL_PERFCOUNTER_READ) failed: errno 1 Operation not permitted
02-09 08:17:29.753  5945  5945 W Adreno-GSL: <gsl_ldd_control:553>: ioctl fd 7 code 0xc018093b (IOCTL_KGSL_PERFCOUNTER_READ) failed: errno 1 Operation not permitted
02-09 08:17:29.755  5945  5945 W Adreno-GSL: <gsl_ldd_control:553>: ioctl fd 7 code 0xc018093b (IOCTL_KGSL_PERFCOUNTER_READ) failed: errno 1 Operation not permitted
02-09 08:17:29.756  5945  5945 W Adreno-GSL: <gsl_ldd_control:553>: ioctl fd 7 code 0xc018093b (IOCTL_KGSL_PERFCOUNTER_READ) failed: errno 1 Operation not permitted
02-09 08:17:29.758  5945  5945 W Adreno-GSL: <gsl_ldd_control:553>: ioctl fd 7 code 0xc018093b (IOCTL_KGSL_PERFCOUNTER_READ) failed: errno 1 Operation not permitted
02-09 08:17:29.759  5945  5945 W Adreno-GSL: <gsl_ldd_control:553>: ioctl fd 7 code 0xc018093b (IOCTL_KGSL_PERFCOUNTER_READ) failed: errno 1 Operation not permitted
02-09 08:17:29.761  5945  5945 W Adreno-GSL: <gsl_ldd_control:553>: ioctl fd 7 code 0xc018093b (IOCTL_KGSL_PERFCOUNTER_READ) failed: errno 1 Operation not permitted
02-09 08:17:29.763  5945  5945 W Adreno-GSL: <gsl_ldd_control:553>: ioctl fd 7 code 0xc018093b (IOCTL_KGSL_PERFCOUNTER_READ) failed: errno 1 Operation not permitted
02-09 08:17:29.763  1612  3037 W CHIUSECASE: [WARN   ] chifeature2realtime.cpp:1808 PopulateSensorModeOnMetadataResult() FRO-URO:349_RealtimeFG:RealTime_0 Couldn't translate result metadata to initial crop values.pMetadata = 0xb4000073c1333c70, pInSensorZoomInfo = 0x0, m_pRoiTranslator = 0x0, pCameraInfo = 0x730f050eb8
02-09 08:17:29.764  1668  1852 W SurfaceFlinger: onComposerHalVsync: HWVsync for 4626964470317753604, ActiveDisplay 4630946213010294403
02-09 08:17:29.764  5945  5945 W Adreno-GSL: <gsl_ldd_control:553>: ioctl fd 7 code 0xc018093b (IOCTL_KGSL_PERFCOUNTER_READ) failed: errno 1 Operation not permitted
02-09 08:17:29.766  5945  5945 W Adreno-GSL: <gsl_ldd_control:553>: ioctl fd 7 code 0xc018093b (IOCTL_KGSL_PERFCOUNTER_READ) failed: errno 1 Operation not permitted
02-09 08:17:29.766  1612  3037 W CHIUSECASE: [WARN   ] chifeature2graph.cpp:3743 ProcessResultMetadataMessage() pOutputLinkData->linkState in unexpected state: 1; expected OutputPending
02-09 08:17:29.766  1612  3037 W CHIUSECASE: [WARN   ] chifeature2graph.cpp:3743 ProcessResultMetadataMessage() pOutputLinkData->linkState in unexpected state: 1; expected OutputPending
02-09 08:17:29.768  5945  5945 W Adreno-GSL: <gsl_ldd_control:553>: ioctl fd 7 code 0xc018093b (IOCTL_KGSL_PERFCOUNTER_READ) failed: errno 1 Operation not permitted
02-09 08:17:29.769  5945  5945 W Adreno-GSL: <gsl_ldd_control:553>: ioctl fd 7 code 0xc018093b (IOCTL_KGSL_PERFCOUNTER_READ) failed: errno 1 Operation not permitted
02-09 08:17:29.771  5945  5945 W Adreno-GSL: <gsl_ldd_control:553>: ioctl fd 7 code 0xc018093b (IOCTL_KGSL_PERFCOUNTER_READ) failed: errno 1 Operation not permitted
02-09 08:17:29.773  1612  1612 W CHIUSECASE: [WARN   ] chifeature2usecaserequestobject.cpp:482 Initialize() pUsecaseSettings is NULL!!
02-09 08:17:29.775  5945  5945 W Adreno-GSL: <gsl_ldd_control:553>: ioctl fd 7 code 0xc018093b (IOCTL_KGSL_PERFCOUNTER_READ) failed: errno 1 Operation not permitted
02-09 08:17:29.776  5945  5945 W Adreno-GSL: <gsl_ldd_control:553>: ioctl fd 7 code 0xc018093b (IOCTL_KGSL_PERFCOUNTER_READ) failed: errno 1 Operation not permitted
02-09 08:17:29.778  5945  5945 W Adreno-GSL: <gsl_ldd_control:553>: ioctl fd 7 code 0xc018093b (IOCTL_KGSL_PERFCOUNTER_READ) failed: errno 1 Operation not permitted
02-09 08:17:29.780  5945  5945 W Adreno-GSL: <gsl_ldd_control:553>: ioctl fd 7 code 0xc018093b (IOCTL_KGSL_PERFCOUNTER_READ) failed: errno 1 Operation not permitted
02-09 08:17:29.781  1668  1852 W SurfaceFlinger: onComposerHalVsync: HWVsync for 4626964470317753604, ActiveDisplay 4630946213010294403
02-09 08:17:29.781  5945  5945 W Adreno-GSL: <gsl_ldd_control:553>: ioctl fd 7 code 0xc018093b (IOCTL_KGSL_PERFCOUNTER_READ) failed: errno 1 Operation not permitted
02-09 08:17:29.783  5945  5945 W Adreno-GSL: <gsl_ldd_control:553>: ioctl fd 7 code 0xc018093b (IOCTL_KGSL_PERFCOUNTER_READ) failed: errno 1 Operation not permitted
02-09 08:17:29.784  5945  5945 W Adreno-GSL: <gsl_ldd_control:553>: ioctl fd 7 code 0xc018093b (IOCTL_KGSL_PERFCOUNTER_READ) failed: errno 1 Operation not permitted
02-09 08:17:29.786  5945  5945 W Adreno-GSL: <gsl_ldd_control:553>: ioctl fd 7 code 0xc018093b (IOCTL_KGSL_PERFCOUNTER_READ) failed: errno 1 Operation not permitted
02-09 08:17:29.787  5945  5945 W Adreno-GSL: <gsl_ldd_control:553>: ioctl fd 7 code 0xc018093b (IOCTL_KGSL_PERFCOUNTER_READ) failed: errno 1 Operation not permitted
02-09 08:17:29.789  5945  5945 W Adreno-GSL: <gsl_ldd_control:553>: ioctl fd 7 code 0xc018093b (IOCTL_KGSL_PERFCOUNTER_READ) failed: errno 1 Operation not permitted
02-09 08:17:29.790  5945  5945 W Adreno-GSL: <gsl_ldd_control:553>: ioctl fd 7 code 0xc018093b (IOCTL_KGSL_PERFCOUNTER_READ) failed: errno 1 Operation not permitted
02-09 08:17:29.792  5945  5945 W Adreno-GSL: <gsl_ldd_control:553>: ioctl fd 7 code 0xc018093b (IOCTL_KGSL_PERFCOUNTER_READ) failed: errno 1 Operation not permitted
02-09 08:17:29.794  5945  5945 W Adreno-GSL: <gsl_ldd_control:553>: ioctl fd 7 code 0xc018093b (IOCTL_KGSL_PERFCOUNTER_READ) failed: errno 1 Operation not permitted
02-09 08:17:29.795  5945  5945 W Adreno-GSL: <gsl_ldd_control:553>: ioctl fd 7 code 0xc018093b (IOCTL_KGSL_PERFCOUNTER_READ) failed: errno 1 Operation not permitted
02-09 08:17:29.797  5945  5945 W Adreno-GSL: <gsl_ldd_control:553>: ioctl fd 7 code 0xc018093b (IOCTL_KGSL_PERFCOUNTER_READ) failed: errno 1 Operation not permitted
02-09 08:17:29.797  1668  1852 W SurfaceFlinger: onComposerHalVsync: HWVsync for 4626964470317753604, ActiveDisplay 4630946213010294403
02-09 08:17:29.799  5945  5945 W Adreno-GSL: <gsl_ldd_control:553>: ioctl fd 7 code 0xc018093b (IOCTL_KGSL_PERFCOUNTER_READ) failed: errno 1 Operation not permitted
02-09 08:17:29.800  5945  5945 W Adreno-GSL: <gsl_ldd_control:553>: ioctl fd 7 code 0xc018093b (IOCTL_KGSL_PERFCOUNTER_READ) failed: errno 1 Operation not permitted
02-09 08:17:29.802  5945  5945 W Adreno-GSL: <gsl_ldd_control:553>: ioctl fd 7 code 0xc018093b (IOCTL_KGSL_PERFCOUNTER_READ) failed: errno 1 Operation not permitted
02-09 08:17:29.803  1612  3037 W CHIUSECASE: [WARN   ] chifeature2realtime.cpp:1808 PopulateSensorModeOnMetadataResult() FRO-URO:350_RealtimeFG:RealTime_0 Couldn't translate result metadata to initial crop values.pMetadata = 0xb4000073c1359790, pInSensorZoomInfo = 0x0, m_pRoiTranslator = 0x0, pCameraInfo = 0x730f050eb8
02-09 08:17:29.804  5945  5945 W Adreno-GSL: <gsl_ldd_control:553>: ioctl fd 7 code 0xc018093b (IOCTL_KGSL_PERFCOUNTER_READ) failed: errno 1 Operation not permitted
02-09 08:17:29.805  5945  5945 W Adreno-GSL: <gsl_ldd_control:553>: ioctl fd 7 code 0xc018093b (IOCTL_KGSL_PERFCOUNTER_READ) failed: errno 1 Operation not permitted
02-09 08:17:29.806  1612  3037 W CHIUSECASE: [WARN   ] chifeature2graph.cpp:3743 ProcessResultMetadataMessage() pOutputLinkData->linkState in unexpected state: 1; expected OutputPending
02-09 08:17:29.806  1612  3037 W CHIUSECASE: [WARN   ] chifeature2graph.cpp:3743 ProcessResultMetadataMessage() pOutputLinkData->linkState in unexpected state: 1; expected OutputPending
02-09 08:17:29.807  5945  5945 W Adreno-GSL: <gsl_ldd_control:553>: ioctl fd 7 code 0xc018093b (IOCTL_KGSL_PERFCOUNTER_READ) failed: errno 1 Operation not permitted
02-09 08:17:29.809  5945  5945 W Adreno-GSL: <gsl_ldd_control:553>: ioctl fd 7 code 0xc018093b (IOCTL_KGSL_PERFCOUNTER_READ) failed: errno 1 Operation not permitted
02-09 08:17:29.811  5945  5945 W Adreno-GSL: <gsl_ldd_control:553>: ioctl fd 7 code 0xc018093b (IOCTL_KGSL_PERFCOUNTER_READ) failed: errno 1 Operation not permitted
02-09 08:17:29.813  5945  5945 W Adreno-GSL: <gsl_ldd_control:553>: ioctl fd 7 code 0xc018093b (IOCTL_KGSL_PERFCOUNTER_READ) failed: errno 1 Operation not permitted
02-09 08:17:29.814  1612  3113 W CHIUSECASE: [WARN   ] chifeature2usecaserequestobject.cpp:482 Initialize() pUsecaseSettings is NULL!!
02-09 08:17:29.814  1668  1852 W SurfaceFlinger: onComposerHalVsync: HWVsync for 4626964470317753604, ActiveDisplay 4630946213010294403
02-09 08:17:29.815  5945  5945 W Adreno-GSL: <gsl_ldd_control:553>: ioctl fd 7 code 0xc018093b (IOCTL_KGSL_PERFCOUNTER_READ) failed: errno 1 Operation not permitted
02-09 08:17:29.816  5945  5945 W Adreno-GSL: <gsl_ldd_control:553>: ioctl fd 7 code 0xc018093b (IOCTL_KGSL_PERFCOUNTER_READ) failed: errno 1 Operation not permitted
02-09 08:17:29.818  5945  5945 W Adreno-GSL: <gsl_ldd_control:553>: ioctl fd 7 code 0xc018093b (IOCTL_KGSL_PERFCOUNTER_READ) failed: errno 1 Operation not permitted
02-09 08:17:29.820  5945  5945 W Adreno-GSL: <gsl_ldd_control:553>: ioctl fd 7 code 0xc018093b (IOCTL_KGSL_PERFCOUNTER_READ) failed: errno 1 Operation not permitted
02-09 08:17:29.821  5945  5945 W Adreno-GSL: <gsl_ldd_control:553>: ioctl fd 7 code 0xc018093b (IOCTL_KGSL_PERFCOUNTER_READ) failed: errno 1 Operation not permitted
02-09 08:17:29.823  5945  5945 W Adreno-GSL: <gsl_ldd_control:553>: ioctl fd 7 code 0xc018093b (IOCTL_KGSL_PERFCOUNTER_READ) failed: errno 1 Operation not permitted
02-09 08:17:29.825  5945  5945 W Adreno-GSL: <gsl_ldd_control:553>: ioctl fd 7 code 0xc018093b (IOCTL_KGSL_PERFCOUNTER_READ) failed: errno 1 Operation not permitted
02-09 08:17:29.826  5945  5945 W Adreno-GSL: <gsl_ldd_control:553>: ioctl fd 7 code 0xc018093b (IOCTL_KGSL_PERFCOUNTER_READ) failed: errno 1 Operation not permitted
02-09 08:17:29.828  5945  5945 W Adreno-GSL: <gsl_ldd_control:553>: ioctl fd 7 code 0xc018093b (IOCTL_KGSL_PERFCOUNTER_READ) failed: errno 1 Operation not permitted
02-09 08:17:29.829  5945  5945 W Adreno-GSL: <gsl_ldd_control:553>: ioctl fd 7 code 0xc018093b (IOCTL_KGSL_PERFCOUNTER_READ) failed: errno 1 Operation not permitted
02-09 08:17:29.831  5945  5945 W Adreno-GSL: <gsl_ldd_control:553>: ioctl fd 7 code 0xc018093b (IOCTL_KGSL_PERFCOUNTER_READ) failed: errno 1 Operation not permitted
02-09 08:17:29.831  1668  1852 W SurfaceFlinger: onComposerHalVsync: HWVsync for 4626964470317753604, ActiveDisplay 4630946213010294403
02-09 08:17:29.831  1612  3037 W CHIUSECASE: [WARN   ] chifeature2realtime.cpp:1808 PopulateSensorModeOnMetadataResult() FRO-URO:351_RealtimeFG:RealTime_0 Couldn't translate result metadata to initial crop values.pMetadata = 0xb4000073c13b60d0, pInSensorZoomInfo = 0x0, m_pRoiTranslator = 0x0, pCameraInfo = 0x730f050eb8
02-09 08:17:29.833  5945  5945 W Adreno-GSL: <gsl_ldd_control:553>: ioctl fd 7 code 0xc018093b (IOCTL_KGSL_PERFCOUNTER_READ) failed: errno 1 Operation not permitted
02-09 08:17:29.834  1612  3037 W CHIUSECASE: [WARN   ] chifeature2graph.cpp:3743 ProcessResultMetadataMessage() pOutputLinkData->linkState in unexpected state: 1; expected OutputPending
02-09 08:17:29.834  1612  3037 W CHIUSECASE: [WARN   ] chifeature2graph.cpp:3743 ProcessResultMetadataMessage() pOutputLinkData->linkState in unexpected state: 1; expected OutputPending
02-09 08:17:29.834  5945  5945 W Adreno-GSL: <gsl_ldd_control:553>: ioctl fd 7 code 0xc018093b (IOCTL_KGSL_PERFCOUNTER_READ) failed: errno 1 Operation not permitted
02-09 08:17:29.836  5945  5945 W Adreno-GSL: <gsl_ldd_control:553>: ioctl fd 7 code 0xc018093b (IOCTL_KGSL_PERFCOUNTER_READ) failed: errno 1 Operation not permitted
02-09 08:17:29.837  5945  5945 W Adreno-GSL: <gsl_ldd_control:553>: ioctl fd 7 code 0xc018093b (IOCTL_KGSL_PERFCOUNTER_READ) failed: errno 1 Operation not permitted
02-09 08:17:29.839  5945  5945 W Adreno-GSL: <gsl_ldd_control:553>: ioctl fd 7 code 0xc018093b (IOCTL_KGSL_PERFCOUNTER_READ) failed: errno 1 Operation not permitted
02-09 08:17:29.841  5945  5945 W Adreno-GSL: <gsl_ldd_control:553>: ioctl fd 7 code 0xc018093b (IOCTL_KGSL_PERFCOUNTER_READ) failed: errno 1 Operation not permitted
02-09 08:17:29.841  1612  3112 W CHIUSECASE: [WARN   ] chifeature2usecaserequestobject.cpp:482 Initialize() pUsecaseSettings is NULL!!
02-09 08:17:29.842  5945  5945 W Adreno-GSL: <gsl_ldd_control:553>: ioctl fd 7 code 0xc018093b (IOCTL_KGSL_PERFCOUNTER_READ) failed: errno 1 Operation not permitted
02-09 08:17:29.844  5945  5945 W Adreno-GSL: <gsl_ldd_control:553>: ioctl fd 7 code 0xc018093b (IOCTL_KGSL_PERFCOUNTER_READ) failed: errno 1 Operation not permitted
02-09 08:17:29.846  5945  5945 W Adreno-GSL: <gsl_ldd_control:553>: ioctl fd 7 code 0xc018093b (IOCTL_KGSL_PERFCOUNTER_READ) failed: errno 1 Operation not permitted
02-09 08:17:29.847  1668  1852 W SurfaceFlinger: onComposerHalVsync: HWVsync for 4626964470317753604, ActiveDisplay 4630946213010294403
02-09 08:17:29.848  5945  5945 W Adreno-GSL: <gsl_ldd_control:553>: ioctl fd 7 code 0xc018093b (IOCTL_KGSL_PERFCOUNTER_READ) failed: errno 1 Operation not permitted
02-09 08:17:29.849  5945  5945 W Adreno-GSL: <gsl_ldd_control:553>: ioctl fd 7 code 0xc018093b (IOCTL_KGSL_PERFCOUNTER_READ) failed: errno 1 Operation not permitted
02-09 08:17:29.851  5945  5945 W Adreno-GSL: <gsl_ldd_control:553>: ioctl fd 7 code 0xc018093b (IOCTL_KGSL_PERFCOUNTER_READ) failed: errno 1 Operation not permitted
02-09 08:17:29.852  1612 30458 I snap_api::V4: AIAwbModel_v1.3.tflite:Session Execute time taken : 8.782 ms
02-09 08:17:29.852  5945  5945 W Adreno-GSL: <gsl_ldd_control:553>: ioctl fd 7 code 0xc018093b (IOCTL_KGSL_PERFCOUNTER_READ) failed: errno 1 Operation not permitted
02-09 08:17:29.854  5945  5945 W Adreno-GSL: <gsl_ldd_control:553>: ioctl fd 7 code 0xc018093b (IOCTL_KGSL_PERFCOUNTER_READ) failed: errno 1 Operation not permitted
02-09 08:17:29.855  5945  5945 W Adreno-GSL: <gsl_ldd_control:553>: ioctl fd 7 code 0xc018093b (IOCTL_KGSL_PERFCOUNTER_READ) failed: errno 1 Operation not permitted
02-09 08:17:29.857  5945  5945 W Adreno-GSL: <gsl_ldd_control:553>: ioctl fd 7 code 0xc018093b (IOCTL_KGSL_PERFCOUNTER_READ) failed: errno 1 Operation not permitted
02-09 08:17:29.859  5945  5945 W Adreno-GSL: <gsl_ldd_control:553>: ioctl fd 7 code 0xc018093b (IOCTL_KGSL_PERFCOUNTER_READ) failed: errno 1 Operation not permitted
02-09 08:17:29.860  5945  5945 W Adreno-GSL: <gsl_ldd_control:553>: ioctl fd 7 code 0xc018093b (IOCTL_KGSL_PERFCOUNTER_READ) failed: errno 1 Operation not permitted
02-09 08:17:29.862  5945  5945 W Adreno-GSL: <gsl_ldd_control:553>: ioctl fd 7 code 0xc018093b (IOCTL_KGSL_PERFCOUNTER_READ) failed: errno 1 Operation not permitted
02-09 08:17:29.863  5945  5945 W Adreno-GSL: <gsl_ldd_control:553>: ioctl fd 7 code 0xc018093b (IOCTL_KGSL_PERFCOUNTER_READ) failed: errno 1 Operation not permitted
02-09 08:17:29.864  1668  1852 W SurfaceFlinger: onComposerHalVsync: HWVsync for 4626964470317753604, ActiveDisplay 4630946213010294403
02-09 08:17:29.865  5945  5945 W Adreno-GSL: <gsl_ldd_control:553>: ioctl fd 7 code 0xc018093b (IOCTL_KGSL_PERFCOUNTER_READ) failed: errno 1 Operation not permitted
02-09 08:17:29.867  5945  5945 W Adreno-GSL: <gsl_ldd_control:553>: ioctl fd 7 code 0xc018093b (IOCTL_KGSL_PERFCOUNTER_READ) failed: errno 1 Operation not permitted
02-09 08:17:29.868  5945  5945 W Adreno-GSL: <gsl_ldd_control:553>: ioctl fd 7 code 0xc018093b (IOCTL_KGSL_PERFCOUNTER_READ) failed: errno 1 Operation not permitted
02-09 08:17:29.869  1612  3035 W CHIUSECASE: [WARN   ] chifeature2realtime.cpp:1808 PopulateSensorModeOnMetadataResult() FRO-URO:352_RealtimeFG:RealTime_0 Couldn't translate result metadata to initial crop values.pMetadata = 0xb4000073c1365630, pInSensorZoomInfo = 0x0, m_pRoiTranslator = 0x0, pCameraInfo = 0x730f050eb8
02-09 08:17:29.870  5945  5945 W Adreno-GSL: <gsl_ldd_control:553>: ioctl fd 7 code 0xc018093b (IOCTL_KGSL_PERFCOUNTER_READ) failed: errno 1 Operation not permitted
02-09 08:17:29.871  1612  3035 W CHIUSECASE: [WARN   ] chifeature2graph.cpp:3743 ProcessResultMetadataMessage() pOutputLinkData->linkState in unexpected state: 1; expected OutputPending
02-09 08:17:29.872  1612  3035 W CHIUSECASE: [WARN   ] chifeature2graph.cpp:3743 ProcessResultMetadataMessage() pOutputLinkData->linkState in unexpected state: 1; expected OutputPending
02-09 08:17:29.872  5945  5945 W Adreno-GSL: <gsl_ldd_control:553>: ioctl fd 7 code 0xc018093b (IOCTL_KGSL_PERFCOUNTER_READ) failed: errno 1 Operation not permitted
02-09 08:17:29.873  5945  5945 W Adreno-GSL: <gsl_ldd_control:553>: ioctl fd 7 code 0xc018093b (IOCTL_KGSL_PERFCOUNTER_READ) failed: errno 1 Operation not permitted
02-09 08:17:29.875  5945  5945 W Adreno-GSL: <gsl_ldd_control:553>: ioctl fd 7 code 0xc018093b (IOCTL_KGSL_PERFCOUNTER_READ) failed: errno 1 Operation not permitted
02-09 08:17:29.877  5945  5945 W Adreno-GSL: <gsl_ldd_control:553>: ioctl fd 7 code 0xc018093b (IOCTL_KGSL_PERFCOUNTER_READ) failed: errno 1 Operation not permitted
02-09 08:17:29.879  5945  5945 W Adreno-GSL: <gsl_ldd_control:553>: ioctl fd 7 code 0xc018093b (IOCTL_KGSL_PERFCOUNTER_READ) failed: errno 1 Operation not permitted
02-09 08:17:29.881  5945  5945 W Adreno-GSL: <gsl_ldd_control:553>: ioctl fd 7 code 0xc018093b (IOCTL_KGSL_PERFCOUNTER_READ) failed: errno 1 Operation not permitted
02-09 08:17:29.881  1668  1852 W SurfaceFlinger: onComposerHalVsync: HWVsync for 4626964470317753604, ActiveDisplay 4630946213010294403
02-09 08:17:29.882  5945  5945 W Adreno-GSL: <gsl_ldd_control:553>: ioctl fd 7 code 0xc018093b (IOCTL_KGSL_PERFCOUNTER_READ) failed: errno 1 Operation not permitted
02-09 08:17:29.883  1612  3109 W CHIUSECASE: [WARN   ] chifeature2usecaserequestobject.cpp:482 Initialize() pUsecaseSettings is NULL!!
02-09 08:17:29.884  5945  5945 W Adreno-GSL: <gsl_ldd_control:553>: ioctl fd 7 code 0xc018093b (IOCTL_KGSL_PERFCOUNTER_READ) failed: errno 1 Operation not permitted
02-09 08:17:29.886  5945  5945 W Adreno-GSL: <gsl_ldd_control:553>: ioctl fd 7 code 0xc018093b (IOCTL_KGSL_PERFCOUNTER_READ) failed: errno 1 Operation not permitted
02-09 08:17:29.887  5945  5945 W Adreno-GSL: <gsl_ldd_control:553>: ioctl fd 7 code 0xc018093b (IOCTL_KGSL_PERFCOUNTER_READ) failed: errno 1 Operation not permitted
02-09 08:17:29.888  5945  5945 W Adreno-GSL: <gsl_ldd_control:553>: ioctl fd 7 code 0xc018093b (IOCTL_KGSL_PERFCOUNTER_READ) failed: errno 1 Operation not permitted
02-09 08:17:29.890  5945  5945 W Adreno-GSL: <gsl_ldd_control:553>: ioctl fd 7 code 0xc018093b (IOCTL_KGSL_PERFCOUNTER_READ) failed: errno 1 Operation not permitted
02-09 08:17:29.891  1612  3035 E CamX    : [ERROR][SW_PROC] bitmlengine.cpp:332 BITMLEngineExecute() success executed! clientID: 476, networkID: 8, 
02-09 08:17:29.891  5945  5945 W Adreno-GSL: <gsl_ldd_control:553>: ioctl fd 7 code 0xc018093b (IOCTL_KGSL_PERFCOUNTER_READ) failed: errno 1 Operation not permitted
02-09 08:17:29.892  5945  5945 W Adreno-GSL: <gsl_ldd_control:553>: ioctl fd 7 code 0xc018093b (IOCTL_KGSL_PERFCOUNTER_READ) failed: errno 1 Operation not permitted
02-09 08:17:29.894  5945  5945 W Adreno-GSL: <gsl_ldd_control:553>: ioctl fd 7 code 0xc018093b (IOCTL_KGSL_PERFCOUNTER_READ) failed: errno 1 Operation not permitted
02-09 08:17:29.895  5945  5945 W Adreno-GSL: <gsl_ldd_control:553>: ioctl fd 7 code 0xc018093b (IOCTL_KGSL_PERFCOUNTER_READ) failed: errno 1 Operation not permitted
02-09 08:17:29.896  5945  5945 W Adreno-GSL: <gsl_ldd_control:553>: ioctl fd 7 code 0xc018093b (IOCTL_KGSL_PERFCOUNTER_READ) failed: errno 1 Operation not permitted
02-09 08:17:29.896  1612  3037 W CHIUSECASE: [WARN   ] chifeature2realtime.cpp:1808 PopulateSensorModeOnMetadataResult() FRO-URO:353_RealtimeFG:RealTime_0 Couldn't translate result metadata to initial crop values.pMetadata = 0xb4000073c138ab10, pInSensorZoomInfo = 0x0, m_pRoiTranslator = 0x0, pCameraInfo = 0x730f050eb8
02-09 08:17:29.898  5945  5945 W Adreno-GSL: <gsl_ldd_control:553>: ioctl fd 7 code 0xc018093b (IOCTL_KGSL_PERFCOUNTER_READ) failed: errno 1 Operation not permitted
02-09 08:17:29.897  1668  1852 W SurfaceFlinger: onComposerHalVsync: HWVsync for 4626964470317753604, ActiveDisplay 4630946213010294403
02-09 08:17:29.899  1612  3037 W CHIUSECASE: [WARN   ] chifeature2graph.cpp:3743 ProcessResultMetadataMessage() pOutputLinkData->linkState in unexpected state: 1; expected OutputPending
02-09 08:17:29.899  1612  3037 W CHIUSECASE: [WARN   ] chifeature2graph.cpp:3743 ProcessResultMetadataMessage() pOutputLinkData->linkState in unexpected state: 1; expected OutputPending
02-09 08:17:29.899  5945  5945 W Adreno-GSL: <gsl_ldd_control:553>: ioctl fd 7 code 0xc018093b (IOCTL_KGSL_PERFCOUNTER_READ) failed: errno 1 Operation not permitted
02-09 08:17:29.900  5945  5945 W Adreno-GSL: <gsl_ldd_control:553>: ioctl fd 7 code 0xc018093b (IOCTL_KGSL_PERFCOUNTER_READ) failed: errno 1 Operation not permitted
02-09 08:17:29.902  5945  5945 W Adreno-GSL: <gsl_ldd_control:553>: ioctl fd 7 code 0xc018093b (IOCTL_KGSL_PERFCOUNTER_READ) failed: errno 1 Operation not permitted
02-09 08:17:29.903  5945  5945 W Adreno-GSL: <gsl_ldd_control:553>: ioctl fd 7 code 0xc018093b (IOCTL_KGSL_PERFCOUNTER_READ) failed: errno 1 Operation not permitted
02-09 08:17:29.905  5945  5945 W Adreno-GSL: <gsl_ldd_control:553>: ioctl fd 7 code 0xc018093b (IOCTL_KGSL_PERFCOUNTER_READ) failed: errno 1 Operation not permitted
02-09 08:17:29.906  1612  3112 W CHIUSECASE: [WARN   ] chifeature2usecaserequestobject.cpp:482 Initialize() pUsecaseSettings is NULL!!
02-09 08:17:29.907  5945  5945 W Adreno-GSL: <gsl_ldd_control:553>: ioctl fd 7 code 0xc018093b (IOCTL_KGSL_PERFCOUNTER_READ) failed: errno 1 Operation not permitted
02-09 08:17:29.908  5945  5945 W Adreno-GSL: <gsl_ldd_control:553>: ioctl fd 7 code 0xc018093b (IOCTL_KGSL_PERFCOUNTER_READ) failed: errno 1 Operation not permitted
02-09 08:17:29.910  5945  5945 W Adreno-GSL: <gsl_ldd_control:553>: ioctl fd 7 code 0xc018093b (IOCTL_KGSL_PERFCOUNTER_READ) failed: errno 1 Operation not permitted
02-09 08:17:29.911  5945  5945 W Adreno-GSL: <gsl_ldd_control:553>: ioctl fd 7 code 0xc018093b (IOCTL_KGSL_PERFCOUNTER_READ) failed: errno 1 Operation not permitted
02-09 08:17:29.913  5945  5945 W Adreno-GSL: <gsl_ldd_control:553>: ioctl fd 7 code 0xc018093b (IOCTL_KGSL_PERFCOUNTER_READ) failed: errno 1 Operation not permitted
02-09 08:17:29.914  1668  1852 W SurfaceFlinger: onComposerHalVsync: HWVsync for 4626964470317753604, ActiveDisplay 4630946213010294403
02-09 08:17:29.914  5945  5945 W Adreno-GSL: <gsl_ldd_control:553>: ioctl fd 7 code 0xc018093b (IOCTL_KGSL_PERFCOUNTER_READ) failed: errno 1 Operation not permitted
02-09 08:17:29.916  5945  5945 W Adreno-GSL: <gsl_ldd_control:553>: ioctl fd 7 code 0xc018093b (IOCTL_KGSL_PERFCOUNTER_READ) failed: errno 1 Operation not permitted
02-09 08:17:29.917  5945  5945 W Adreno-GSL: <gsl_ldd_control:553>: ioctl fd 7 code 0xc018093b (IOCTL_KGSL_PERFCOUNTER_READ) failed: errno 1 Operation not permitted
02-09 08:17:29.919  5945  5945 W Adreno-GSL: <gsl_ldd_control:553>: ioctl fd 7 code 0xc018093b (IOCTL_KGSL_PERFCOUNTER_READ) failed: errno 1 Operation not permitted
02-09 08:17:29.920  5945  5945 W Adreno-GSL: <gsl_ldd_control:553>: ioctl fd 7 code 0xc018093b (IOCTL_KGSL_PERFCOUNTER_READ) failed: errno 1 Operation not permitted
02-09 08:17:29.921  5945  5945 W Adreno-GSL: <gsl_ldd_control:553>: ioctl fd 7 code 0xc018093b (IOCTL_KGSL_PERFCOUNTER_READ) failed: errno 1 Operation not permitted
02-09 08:17:29.923  5945  5945 W Adreno-GSL: <gsl_ldd_control:553>: ioctl fd 7 code 0xc018093b (IOCTL_KGSL_PERFCOUNTER_READ) failed: errno 1 Operation not permitted
02-09 08:17:29.924  5945  5945 W Adreno-GSL: <gsl_ldd_control:553>: ioctl fd 7 code 0xc018093b (IOCTL_KGSL_PERFCOUNTER_READ) failed: errno 1 Operation not permitted
02-09 08:17:29.926  5945  5945 W Adreno-GSL: <gsl_ldd_control:553>: ioctl fd 7 code 0xc018093b (IOCTL_KGSL_PERFCOUNTER_READ) failed: errno 1 Operation not permitted
02-09 08:17:29.927  1979  3833 I EDMNativeHelperService: isCameraEnabled
02-09 08:17:29.927  1979  3833 D EDMNativeHelper: isCameraEnabled
02-09 08:17:29.927  1979  3833 D EDMNativeHelper: checking for camera in EnterpriseDeviceManagerService
02-09 08:17:29.927  1979  3833 D EnterpriseDeviceManagerService: isCameraEnabledNative
02-09 08:17:29.927  1979  3833 D EnterpriseDeviceManagerService: checking for camera in restriction policy
02-09 08:17:29.927  1979  3833 D RestrictionPolicy: isCameraEnabled ret(true) userId(0) cxtInfo.mCallerUid(10491) cxtInfo.mContainerId(0)
02-09 08:17:29.928  5945  5945 W Adreno-GSL: <gsl_ldd_control:553>: ioctl fd 7 code 0xc018093b (IOCTL_KGSL_PERFCOUNTER_READ) failed: errno 1 Operation not permitted
02-09 08:17:29.929  5945  5945 W Adreno-GSL: <gsl_ldd_control:553>: ioctl fd 7 code 0xc018093b (IOCTL_KGSL_PERFCOUNTER_READ) failed: errno 1 Operation not permitted
02-09 08:17:29.930  5945  5945 W Adreno-GSL: <gsl_ldd_control:553>: ioctl fd 7 code 0xc018093b (IOCTL_KGSL_PERFCOUNTER_READ) failed: errno 1 Operation not permitted
02-09 08:17:29.931  1668  1852 W SurfaceFlinger: onComposerHalVsync: HWVsync for 4626964470317753604, ActiveDisplay 4630946213010294403
02-09 08:17:29.932  5945  5945 W Adreno-GSL: <gsl_ldd_control:553>: ioctl fd 7 code 0xc018093b (IOCTL_KGSL_PERFCOUNTER_READ) failed: errno 1 Operation not permitted
02-09 08:17:29.933  5945  5945 W Adreno-GSL: <gsl_ldd_control:553>: ioctl fd 7 code 0xc018093b (IOCTL_KGSL_PERFCOUNTER_READ) failed: errno 1 Operation not permitted
02-09 08:17:29.934  1612  3037 W CHIUSECASE: [WARN   ] chifeature2realtime.cpp:1808 PopulateSensorModeOnMetadataResult() FRO-URO:354_RealtimeFG:RealTime_0 Couldn't translate result metadata to initial crop values.pMetadata = 0xb4000073c135c990, pInSensorZoomInfo = 0x0, m_pRoiTranslator = 0x0, pCameraInfo = 0x730f050eb8
02-09 08:17:29.935  5945  5945 W Adreno-GSL: <gsl_ldd_control:553>: ioctl fd 7 code 0xc018093b (IOCTL_KGSL_PERFCOUNTER_READ) failed: errno 1 Operation not permitted
02-09 08:17:29.937  5945  5945 W Adreno-GSL: <gsl_ldd_control:553>: ioctl fd 7 code 0xc018093b (IOCTL_KGSL_PERFCOUNTER_READ) failed: errno 1 Operation not permitted
02-09 08:17:29.937  1612  3037 W CHIUSECASE: [WARN   ] chifeature2graph.cpp:3743 ProcessResultMetadataMessage() pOutputLinkData->linkState in unexpected state: 1; expected OutputPending
02-09 08:17:29.937  1612  3037 W CHIUSECASE: [WARN   ] chifeature2graph.cpp:3743 ProcessResultMetadataMessage() pOutputLinkData->linkState in unexpected state: 1; expected OutputPending
02-09 08:17:29.939  5945  5945 W Adreno-GSL: <gsl_ldd_control:553>: ioctl fd 7 code 0xc018093b (IOCTL_KGSL_PERFCOUNTER_READ) failed: errno 1 Operation not permitted
02-09 08:17:29.940  5945  5945 W Adreno-GSL: <gsl_ldd_control:553>: ioctl fd 7 code 0xc018093b (IOCTL_KGSL_PERFCOUNTER_READ) failed: errno 1 Operation not permitted
02-09 08:17:29.942  5945  5945 W Adreno-GSL: <gsl_ldd_control:553>: ioctl fd 7 code 0xc018093b (IOCTL_KGSL_PERFCOUNTER_READ) failed: errno 1 Operation not permitted
02-09 08:17:29.944  5945  5945 W Adreno-GSL: <gsl_ldd_control:553>: ioctl fd 7 code 0xc018093b (IOCTL_KGSL_PERFCOUNTER_READ) failed: errno 1 Operation not permitted
02-09 08:17:29.946  1612  1612 W CHIUSECASE: [WARN   ] chifeature2usecaserequestobject.cpp:482 Initialize() pUsecaseSettings is NULL!!
02-09 08:17:29.946  5945  5945 W Adreno-GSL: <gsl_ldd_control:553>: ioctl fd 7 code 0xc018093b (IOCTL_KGSL_PERFCOUNTER_READ) failed: errno 1 Operation not permitted
02-09 08:17:29.948  1668  1852 W SurfaceFlinger: onComposerHalVsync: HWVsync for 4626964470317753604, ActiveDisplay 4630946213010294403
02-09 08:17:29.948  5945  5945 W Adreno-GSL: <gsl_ldd_control:553>: ioctl fd 7 code 0xc018093b (IOCTL_KGSL_PERFCOUNTER_READ) failed: errno 1 Operation not permitted
02-09 08:17:29.950  5945  5945 W Adreno-GSL: <gsl_ldd_control:553>: ioctl fd 7 code 0xc018093b (IOCTL_KGSL_PERFCOUNTER_READ) failed: errno 1 Operation not permitted
02-09 08:17:29.951  5945  5945 W Adreno-GSL: <gsl_ldd_control:553>: ioctl fd 7 code 0xc018093b (IOCTL_KGSL_PERFCOUNTER_READ) failed: errno 1 Operation not permitted
02-09 08:17:29.953  5945  5945 W Adreno-GSL: <gsl_ldd_control:553>: ioctl fd 7 code 0xc018093b (IOCTL_KGSL_PERFCOUNTER_READ) failed: errno 1 Operation not permitted
02-09 08:17:29.955  5945  5945 W Adreno-GSL: <gsl_ldd_control:553>: ioctl fd 7 code 0xc018093b (IOCTL_KGSL_PERFCOUNTER_READ) failed: errno 1 Operation not permitted
02-09 08:17:29.956  5945  5945 W Adreno-GSL: <gsl_ldd_control:553>: ioctl fd 7 code 0xc018093b (IOCTL_KGSL_PERFCOUNTER_READ) failed: errno 1 Operation not permitted
02-09 08:17:29.958  5945  5945 W Adreno-GSL: <gsl_ldd_control:553>: ioctl fd 7 code 0xc018093b (IOCTL_KGSL_PERFCOUNTER_READ) failed: errno 1 Operation not permitted
02-09 08:17:29.960  5945  5945 W Adreno-GSL: <gsl_ldd_control:553>: ioctl fd 7 code 0xc018093b (IOCTL_KGSL_PERFCOUNTER_READ) failed: errno 1 Operation not permitted
02-09 08:17:29.961  5945  5945 W Adreno-GSL: <gsl_ldd_control:553>: ioctl fd 7 code 0xc018093b (IOCTL_KGSL_PERFCOUNTER_READ) failed: errno 1 Operation not permitted
02-09 08:17:29.963  5945  5945 W Adreno-GSL: <gsl_ldd_control:553>: ioctl fd 7 code 0xc018093b (IOCTL_KGSL_PERFCOUNTER_READ) failed: errno 1 Operation not permitted
02-09 08:17:29.964  1668  1852 W SurfaceFlinger: onComposerHalVsync: HWVsync for 4626964470317753604, ActiveDisplay 4630946213010294403
02-09 08:17:29.964  5945  5945 W Adreno-GSL: <gsl_ldd_control:553>: ioctl fd 7 code 0xc018093b (IOCTL_KGSL_PERFCOUNTER_READ) failed: errno 1 Operation not permitted
02-09 08:17:29.965  1612  3037 W CHIUSECASE: [WARN   ] chifeature2realtime.cpp:1808 PopulateSensorModeOnMetadataResult() FRO-URO:355_RealtimeFG:RealTime_0 Couldn't translate result metadata to initial crop values.pMetadata = 0xb4000073c1338450, pInSensorZoomInfo = 0x0, m_pRoiTranslator = 0x0, pCameraInfo = 0x730f050eb8
02-09 08:17:29.966  5945  5945 W Adreno-GSL: <gsl_ldd_control:553>: ioctl fd 7 code 0xc018093b (IOCTL_KGSL_PERFCOUNTER_READ) failed: errno 1 Operation not permitted
02-09 08:17:29.968  5945  5945 W Adreno-GSL: <gsl_ldd_control:553>: ioctl fd 7 code 0xc018093b (IOCTL_KGSL_PERFCOUNTER_READ) failed: errno 1 Operation not permitted
02-09 08:17:29.969  1612  3037 W CHIUSECASE: [WARN   ] chifeature2graph.cpp:3743 ProcessResultMetadataMessage() pOutputLinkData->linkState in unexpected state: 1; expected OutputPending
02-09 08:17:29.969  1612  3037 W CHIUSECASE: [WARN   ] chifeature2graph.cpp:3743 ProcessResultMetadataMessage() pOutputLinkData->linkState in unexpected state: 1; expected OutputPending
02-09 08:17:29.970  5945  5945 W Adreno-GSL: <gsl_ldd_control:553>: ioctl fd 7 code 0xc018093b (IOCTL_KGSL_PERFCOUNTER_READ) failed: errno 1 Operation not permitted
02-09 08:17:29.972  5945  5945 W Adreno-GSL: <gsl_ldd_control:553>: ioctl fd 7 code 0xc018093b (IOCTL_KGSL_PERFCOUNTER_READ) failed: errno 1 Operation not permitted
02-09 08:17:29.974  5945  5945 W Adreno-GSL: <gsl_ldd_control:553>: ioctl fd 7 code 0xc018093b (IOCTL_KGSL_PERFCOUNTER_READ) failed: errno 1 Operation not permitted
02-09 08:17:29.976  5945  5945 W Adreno-GSL: <gsl_ldd_control:553>: ioctl fd 7 code 0xc018093b (IOCTL_KGSL_PERFCOUNTER_READ) failed: errno 1 Operation not permitted
02-09 08:17:29.976  1612  3109 W CHIUSECASE: [WARN   ] chifeature2usecaserequestobject.cpp:482 Initialize() pUsecaseSettings is NULL!!
02-09 08:17:29.978  5945  5945 W Adreno-GSL: <gsl_ldd_control:553>: ioctl fd 7 code 0xc018093b (IOCTL_KGSL_PERFCOUNTER_READ) failed: errno 1 Operation not permitted
02-09 08:17:29.981  1668  1852 W SurfaceFlinger: onComposerHalVsync: HWVsync for 4626964470317753604, ActiveDisplay 4630946213010294403
02-09 08:17:29.981  5945  5945 W Adreno-GSL: <gsl_ldd_control:553>: ioctl fd 7 code 0xc018093b (IOCTL_KGSL_PERFCOUNTER_READ) failed: errno 1 Operation not permitted
02-09 08:17:29.983  5945  5945 W Adreno-GSL: <gsl_ldd_control:553>: ioctl fd 7 code 0xc018093b (IOCTL_KGSL_PERFCOUNTER_READ) failed: errno 1 Operation not permitted
02-09 08:17:29.985  5945  5945 W Adreno-GSL: <gsl_ldd_control:553>: ioctl fd 7 code 0xc018093b (IOCTL_KGSL_PERFCOUNTER_READ) failed: errno 1 Operation not permitted
02-09 08:17:29.986  5945  5945 W Adreno-GSL: <gsl_ldd_control:553>: ioctl fd 7 code 0xc018093b (IOCTL_KGSL_PERFCOUNTER_READ) failed: errno 1 Operation not permitted
02-09 08:17:29.988  5945  5945 W Adreno-GSL: <gsl_ldd_control:553>: ioctl fd 7 code 0xc018093b (IOCTL_KGSL_PERFCOUNTER_READ) failed: errno 1 Operation not permitted
02-09 08:17:29.989  5945  5945 W Adreno-GSL: <gsl_ldd_control:553>: ioctl fd 7 code 0xc018093b (IOCTL_KGSL_PERFCOUNTER_READ) failed: errno 1 Operation not permitted
02-09 08:17:29.990  5945  5945 W Adreno-GSL: <gsl_ldd_control:553>: ioctl fd 7 code 0xc018093b (IOCTL_KGSL_PERFCOUNTER_READ) failed: errno 1 Operation not permitted
02-09 08:17:29.992  5945  5945 W Adreno-GSL: <gsl_ldd_control:553>: ioctl fd 7 code 0xc018093b (IOCTL_KGSL_PERFCOUNTER_READ) failed: errno 1 Operation not permitted
02-09 08:17:29.993  5945  5945 W Adreno-GSL: <gsl_ldd_control:553>: ioctl fd 7 code 0xc018093b (IOCTL_KGSL_PERFCOUNTER_READ) failed: errno 1 Operation not permitted
02-09 08:17:29.994  1612 30458 I snap_api::V4: AIAwbModel_v1.3.tflite:Session Execute time taken : 15.909 ms
02-09 08:17:29.994  5945  5945 W Adreno-GSL: <gsl_ldd_control:553>: ioctl fd 7 code 0xc018093b (IOCTL_KGSL_PERFCOUNTER_READ) failed: errno 1 Operation not permitted
02-09 08:17:29.996  5945  5945 W Adreno-GSL: <gsl_ldd_control:553>: ioctl fd 7 code 0xc018093b (IOCTL_KGSL_PERFCOUNTER_READ) failed: errno 1 Operation not permitted
02-09 08:17:29.997  5945  5945 W Adreno-GSL: <gsl_ldd_control:553>: ioctl fd 7 code 0xc018093b (IOCTL_KGSL_PERFCOUNTER_READ) failed: errno 1 Operation not permitted
02-09 08:17:29.997  1612  3035 W CHIUSECASE: [WARN   ] chifeature2realtime.cpp:1808 PopulateSensorModeOnMetadataResult() FRO-URO:356_RealtimeFG:RealTime_0 Couldn't translate result metadata to initial crop values.pMetadata = 0xb4000073c1330110, pInSensorZoomInfo = 0x0, m_pRoiTranslator = 0x0, pCameraInfo = 0x730f050eb8
02-09 08:17:29.998  1668  1852 W SurfaceFlinger: onComposerHalVsync: HWVsync for 4626964470317753604, ActiveDisplay 4630946213010294403
02-09 08:17:29.998  5945  5945 W Adreno-GSL: <gsl_ldd_control:553>: ioctl fd 7 code 0xc018093b (IOCTL_KGSL_PERFCOUNTER_READ) failed: errno 1 Operation not permitted
02-09 08:17:29.999  1612  3035 W CHIUSECASE: [WARN   ] chifeature2graph.cpp:3743 ProcessResultMetadataMessage() pOutputLinkData->linkState in unexpected state: 1; expected OutputPending
02-09 08:17:29.999  1612  3035 W CHIUSECASE: [WARN   ] chifeature2graph.cpp:3743 ProcessResultMetadataMessage() pOutputLinkData->linkState in unexpected state: 1; expected OutputPending
02-09 08:17:30.000  5945  5945 W Adreno-GSL: <gsl_ldd_control:553>: ioctl fd 7 code 0xc018093b (IOCTL_KGSL_PERFCOUNTER_READ) failed: errno 1 Operation not permitted
02-09 08:17:30.001  5945  5945 W Adreno-GSL: <gsl_ldd_control:553>: ioctl fd 7 code 0xc018093b (IOCTL_KGSL_PERFCOUNTER_READ) failed: errno 1 Operation not permitted
02-09 08:17:30.003  5945  5945 W Adreno-GSL: <gsl_ldd_control:553>: ioctl fd 7 code 0xc018093b (IOCTL_KGSL_PERFCOUNTER_READ) failed: errno 1 Operation not permitted
02-09 08:17:30.004  5945  5945 W Adreno-GSL: <gsl_ldd_control:553>: ioctl fd 7 code 0xc018093b (IOCTL_KGSL_PERFCOUNTER_READ) failed: errno 1 Operation not permitted
02-09 08:17:30.005  5945  5945 W Adreno-GSL: <gsl_ldd_control:553>: ioctl fd 7 code 0xc018093b (IOCTL_KGSL_PERFCOUNTER_READ) failed: errno 1 Operation not permitted
02-09 08:17:30.006  1612  3113 W CHIUSECASE: [WARN   ] chifeature2usecaserequestobject.cpp:482 Initialize() pUsecaseSettings is NULL!!
02-09 08:17:30.007  5945  5945 W Adreno-GSL: <gsl_ldd_control:553>: ioctl fd 7 code 0xc018093b (IOCTL_KGSL_PERFCOUNTER_READ) failed: errno 1 Operation not permitted
02-09 08:17:30.008  5945  5945 W Adreno-GSL: <gsl_ldd_control:553>: ioctl fd 7 code 0xc018093b (IOCTL_KGSL_PERFCOUNTER_READ) failed: errno 1 Operation not permitted
02-09 08:17:30.009  5945  5945 W Adreno-GSL: <gsl_ldd_control:553>: ioctl fd 7 code 0xc018093b (IOCTL_KGSL_PERFCOUNTER_READ) failed: errno 1 Operation not permitted
02-09 08:17:30.011  5945  5945 W Adreno-GSL: <gsl_ldd_control:553>: ioctl fd 7 code 0xc018093b (IOCTL_KGSL_PERFCOUNTER_READ) failed: errno 1 Operation not permitted
02-09 08:17:30.012  5945  5945 W Adreno-GSL: <gsl_ldd_control:553>: ioctl fd 7 code 0xc018093b (IOCTL_KGSL_PERFCOUNTER_READ) failed: errno 1 Operation not permitted
02-09 08:17:30.013  5945  5945 W Adreno-GSL: <gsl_ldd_control:553>: ioctl fd 7 code 0xc018093b (IOCTL_KGSL_PERFCOUNTER_READ) failed: errno 1 Operation not permitted
02-09 08:17:30.014  1668  1852 W SurfaceFlinger: onComposerHalVsync: HWVsync for 4626964470317753604, ActiveDisplay 4630946213010294403
02-09 08:17:30.015  5945  5945 W Adreno-GSL: <gsl_ldd_control:553>: ioctl fd 7 code 0xc018093b (IOCTL_KGSL_PERFCOUNTER_READ) failed: errno 1 Operation not permitted
02-09 08:17:30.016  5945  5945 W Adreno-GSL: <gsl_ldd_control:553>: ioctl fd 7 code 0xc018093b (IOCTL_KGSL_PERFCOUNTER_READ) failed: errno 1 Operation not permitted
02-09 08:17:30.017  5894  5894 E gpustat : dataReady_ == false
02-09 08:17:30.017  5945  5945 W Adreno-GSL: <gsl_ldd_control:553>: ioctl fd 7 code 0xc018093b (IOCTL_KGSL_PERFCOUNTER_READ) failed: errno 1 Operation not permitted
02-09 08:17:30.019  5945  5945 W Adreno-GSL: <gsl_ldd_control:553>: ioctl fd 7 code 0xc018093b (IOCTL_KGSL_PERFCOUNTER_READ) failed: errno 1 Operation not permitted
02-09 08:17:30.021  5945  5945 W Adreno-GSL: <gsl_ldd_control:553>: ioctl fd 7 code 0xc018093b (IOCTL_KGSL_PERFCOUNTER_READ) failed: errno 1 Operation not permitted
02-09 08:17:30.022  5945  5945 W Adreno-GSL: <gsl_ldd_control:553>: ioctl fd 7 code 0xc018093b (IOCTL_KGSL_PERFCOUNTER_READ) failed: errno 1 Operation not permitted
02-09 08:17:30.023  5945  5945 W Adreno-GSL: <gsl_ldd_control:553>: ioctl fd 7 code 0xc018093b (IOCTL_KGSL_PERFCOUNTER_READ) failed: errno 1 Operation not permitted
02-09 08:17:30.025  5945  5945 W Adreno-GSL: <gsl_ldd_control:553>: ioctl fd 7 code 0xc018093b (IOCTL_KGSL_PERFCOUNTER_READ) failed: errno 1 Operation not permitted
02-09 08:17:30.027  5945  5945 W Adreno-GSL: <gsl_ldd_control:553>: ioctl fd 7 code 0xc018093b (IOCTL_KGSL_PERFCOUNTER_READ) failed: errno 1 Operation not permitted
02-09 08:17:30.028  5945  5945 W Adreno-GSL: <gsl_ldd_control:553>: ioctl fd 7 code 0xc018093b (IOCTL_KGSL_PERFCOUNTER_READ) failed: errno 1 Operation not permitted
02-09 08:17:30.030  5945  5945 W Adreno-GSL: <gsl_ldd_control:553>: ioctl fd 7 code 0xc018093b (IOCTL_KGSL_PERFCOUNTER_READ) failed: errno 1 Operation not permitted
02-09 08:17:30.031  1668  1852 W SurfaceFlinger: onComposerHalVsync: HWVsync for 4626964470317753604, ActiveDisplay 4630946213010294403
02-09 08:17:30.031  5945  5945 W Adreno-GSL: <gsl_ldd_control:553>: ioctl fd 7 code 0xc018093b (IOCTL_KGSL_PERFCOUNTER_READ) failed: errno 1 Operation not permitted
02-09 08:17:30.032  1612  3037 W CHIUSECASE: [WARN   ] chifeature2realtime.cpp:1808 PopulateSensorModeOnMetadataResult() FRO-URO:357_RealtimeFG:RealTime_0 Couldn't translate result metadata to initial crop values.pMetadata = 0xb4000073c134f1f0, pInSensorZoomInfo = 0x0, m_pRoiTranslator = 0x0, pCameraInfo = 0x730f050eb8
02-09 08:17:30.033  5945  5945 W Adreno-GSL: <gsl_ldd_control:553>: ioctl fd 7 code 0xc018093b (IOCTL_KGSL_PERFCOUNTER_READ) failed: errno 1 Operation not permitted
02-09 08:17:30.034  1612  3037 W CHIUSECASE: [WARN   ] chifeature2graph.cpp:3743 ProcessResultMetadataMessage() pOutputLinkData->linkState in unexpected state: 1; expected OutputPending
02-09 08:17:30.034  1612  3037 W CHIUSECASE: [WARN   ] chifeature2graph.cpp:3743 ProcessResultMetadataMessage() pOutputLinkData->linkState in unexpected state: 1; expected OutputPending
02-09 08:17:30.034  5945  5945 W Adreno-GSL: <gsl_ldd_control:553>: ioctl fd 7 code 0xc018093b (IOCTL_KGSL_PERFCOUNTER_READ) failed: errno 1 Operation not permitted
02-09 08:17:30.036  5945  5945 W Adreno-GSL: <gsl_ldd_control:553>: ioctl fd 7 code 0xc018093b (IOCTL_KGSL_PERFCOUNTER_READ) failed: errno 1 Operation not permitted
02-09 08:17:30.037  5945  5945 W Adreno-GSL: <gsl_ldd_control:553>: ioctl fd 7 code 0xc018093b (IOCTL_KGSL_PERFCOUNTER_READ) failed: errno 1 Operation not permitted
02-09 08:17:30.039  5945  5945 W Adreno-GSL: <gsl_ldd_control:553>: ioctl fd 7 code 0xc018093b (IOCTL_KGSL_PERFCOUNTER_READ) failed: errno 1 Operation not permitted
02-09 08:17:30.040  5945  5945 W Adreno-GSL: <gsl_ldd_control:553>: ioctl fd 7 code 0xc018093b (IOCTL_KGSL_PERFCOUNTER_READ) failed: errno 1 Operation not permitted
02-09 08:17:30.042  5945  5945 W Adreno-GSL: <gsl_ldd_control:553>: ioctl fd 7 code 0xc018093b (IOCTL_KGSL_PERFCOUNTER_READ) failed: errno 1 Operation not permitted
02-09 08:17:30.042  1612  3109 W CHIUSECASE: [WARN   ] chifeature2usecaserequestobject.cpp:482 Initialize() pUsecaseSettings is NULL!!
02-09 08:17:30.043  5945  5945 W Adreno-GSL: <gsl_ldd_control:553>: ioctl fd 7 code 0xc018093b (IOCTL_KGSL_PERFCOUNTER_READ) failed: errno 1 Operation not permitted
02-09 08:17:30.045  5945  5945 W Adreno-GSL: <gsl_ldd_control:553>: ioctl fd 7 code 0xc018093b (IOCTL_KGSL_PERFCOUNTER_READ) failed: errno 1 Operation not permitted
02-09 08:17:30.046  5945  5945 W Adreno-GSL: <gsl_ldd_control:553>: ioctl fd 7 code 0xc018093b (IOCTL_KGSL_PERFCOUNTER_READ) failed: errno 1 Operation not permitted
02-09 08:17:30.047  1668  1852 W SurfaceFlinger: onComposerHalVsync: HWVsync for 4626964470317753604, ActiveDisplay 4630946213010294403
02-09 08:17:30.048  1535  1573 D BatteryDump: wait_for_battery_event : occurred : change@/devices/platform/samsung_mobile_device/samsung_mobile_device:battery/power_supply/battery 
02-09 08:17:30.048  5945  5945 W Adreno-GSL: <gsl_ldd_control:553>: ioctl fd 7 code 0xc018093b (IOCTL_KGSL_PERFCOUNTER_READ) failed: errno 1 Operation not permitted
02-09 08:17:30.049  5945  5945 W Adreno-GSL: <gsl_ldd_control:553>: ioctl fd 7 code 0xc018093b (IOCTL_KGSL_PERFCOUNTER_READ) failed: errno 1 Operation not permitted
02-09 08:17:30.051  5945  5945 W Adreno-GSL: <gsl_ldd_control:553>: ioctl fd 7 code 0xc018093b (IOCTL_KGSL_PERFCOUNTER_READ) failed: errno 1 Operation not permitted
02-09 08:17:30.052  1535  1535 I android.hardware.health@2.1-service-samsung: updateLrpSysfs: write: 376
02-09 08:17:30.053  5945  5945 W Adreno-GSL: <gsl_ldd_control:553>: ioctl fd 7 code 0xc018093b (IOCTL_KGSL_PERFCOUNTER_READ) failed: errno 1 Operation not permitted
02-09 08:17:30.054  5945  5945 W Adreno-GSL: <gsl_ldd_control:553>: ioctl fd 7 code 0xc018093b (IOCTL_KGSL_PERFCOUNTER_READ) failed: errno 1 Operation not permitted
02-09 08:17:30.055  5945  5945 W Adreno-GSL: <gsl_ldd_control:553>: ioctl fd 7 code 0xc018093b (IOCTL_KGSL_PERFCOUNTER_READ) failed: errno 1 Operation not permitted
02-09 08:17:30.057  5945  5945 W Adreno-GSL: <gsl_ldd_control:553>: ioctl fd 7 code 0xc018093b (IOCTL_KGSL_PERFCOUNTER_READ) failed: errno 1 Operation not permitted
02-09 08:17:30.058  5945  5945 W Adreno-GSL: <gsl_ldd_control:553>: ioctl fd 7 code 0xc018093b (IOCTL_KGSL_PERFCOUNTER_READ) failed: errno 1 Operation not permitted
02-09 08:17:30.059  5945  5945 W Adreno-GSL: <gsl_ldd_control:553>: ioctl fd 7 code 0xc018093b (IOCTL_KGSL_PERFCOUNTER_READ) failed: errno 1 Operation not permitted
