02-09 08:17:30.381  1668  1852 W SurfaceFlinger: onComposerHalVsync: HWVsync for 4626964470317753604, ActiveDisplay 4630946213010294403
02-09 08:17:30.384  5945  5945 W Adreno-GSL: <gsl_ldd_control:553>: ioctl fd 7 code 0xc018093b (IOCTL_KGSL_PERFCOUNTER_READ) failed: errno 1 Operation not permitted
02-09 08:17:30.388  5945  5945 W Adreno-GSL: <gsl_ldd_control:553>: ioctl fd 7 code 0xc018093b (IOCTL_KGSL_PERFCOUNTER_READ) failed: errno 1 Operation not permitted
02-09 08:17:30.390  5945  5945 W Adreno-GSL: <gsl_ldd_control:553>: ioctl fd 7 code 0xc018093b (IOCTL_KGSL_PERFCOUNTER_READ) failed: errno 1 Operation not permitted
02-09 08:17:30.390  1612 30458 I snap_api::V4: AIAwbModel_v1.3.tflite:Session Execute time taken : 12.503 ms
02-09 08:17:30.391  5945  5945 W Adreno-GSL: <gsl_ldd_control:553>: ioctl fd 7 code 0xc018093b (IOCTL_KGSL_PERFCOUNTER_READ) failed: errno 1 Operation not permitted
02-09 08:17:30.393  5945  5945 W Adreno-GSL: <gsl_ldd_control:553>: ioctl fd 7 code 0xc018093b (IOCTL_KGSL_PERFCOUNTER_READ) failed: errno 1 Operation not permitted
02-09 08:17:30.394  5945  5945 W Adreno-GSL: <gsl_ldd_control:553>: ioctl fd 7 code 0xc018093b (IOCTL_KGSL_PERFCOUNTER_READ) failed: errno 1 Operation not permitted
02-09 08:17:30.396  5945  5945 W Adreno-GSL: <gsl_ldd_control:553>: ioctl fd 7 code 0xc018093b (IOCTL_KGSL_PERFCOUNTER_READ) failed: errno 1 Operation not permitted
02-09 08:17:30.397  1668  1852 W SurfaceFlinger: onComposerHalVsync: HWVsync for 4626964470317753604, ActiveDisplay 4630946213010294403
02-09 08:17:30.397  5945  5945 W Adreno-GSL: <gsl_ldd_control:553>: ioctl fd 7 code 0xc018093b (IOCTL_KGSL_PERFCOUNTER_READ) failed: errno 1 Operation not permitted
02-09 08:17:30.399  5945  5945 W Adreno-GSL: <gsl_ldd_control:553>: ioctl fd 7 code 0xc018093b (IOCTL_KGSL_PERFCOUNTER_READ) failed: errno 1 Operation not permitted
02-09 08:17:30.400  5945  5945 W Adreno-GSL: <gsl_ldd_control:553>: ioctl fd 7 code 0xc018093b (IOCTL_KGSL_PERFCOUNTER_READ) failed: errno 1 Operation not permitted
02-09 08:17:30.401  1612  3033 W CHIUSECASE: [WARN   ] chifeature2realtime.cpp:1808 PopulateSensorModeOnMetadataResult() FRO-URO:368_RealtimeFG:RealTime_0 Couldn't translate result metadata to initial crop values.pMetadata = 0xb4000073c1359790, pInSensorZoomInfo = 0x0, m_pRoiTranslator = 0x0, pCameraInfo = 0x730f050eb8
02-09 08:17:30.402  5945  5945 W Adreno-GSL: <gsl_ldd_control:553>: ioctl fd 7 code 0xc018093b (IOCTL_KGSL_PERFCOUNTER_READ) failed: errno 1 Operation not permitted
02-09 08:17:30.403  1612  3033 W CHIUSECASE: [WARN   ] chifeature2graph.cpp:3743 ProcessResultMetadataMessage() pOutputLinkData->linkState in unexpected state: 1; expected OutputPending
02-09 08:17:30.403  1612  3033 W CHIUSECASE: [WARN   ] chifeature2graph.cpp:3743 ProcessResultMetadataMessage() pOutputLinkData->linkState in unexpected state: 1; expected OutputPending
02-09 08:17:30.403  5945  5945 W Adreno-GSL: <gsl_ldd_control:553>: ioctl fd 7 code 0xc018093b (IOCTL_KGSL_PERFCOUNTER_READ) failed: errno 1 Operation not permitted
02-09 08:17:30.405  5945  5945 W Adreno-GSL: <gsl_ldd_control:553>: ioctl fd 7 code 0xc018093b (IOCTL_KGSL_PERFCOUNTER_READ) failed: errno 1 Operation not permitted
02-09 08:17:30.406  5945  5945 W Adreno-GSL: <gsl_ldd_control:553>: ioctl fd 7 code 0xc018093b (IOCTL_KGSL_PERFCOUNTER_READ) failed: errno 1 Operation not permitted
02-09 08:17:30.407  5945  5945 W Adreno-GSL: <gsl_ldd_control:553>: ioctl fd 7 code 0xc018093b (IOCTL_KGSL_PERFCOUNTER_READ) failed: errno 1 Operation not permitted
02-09 08:17:30.409  5945  5945 W Adreno-GSL: <gsl_ldd_control:553>: ioctl fd 7 code 0xc018093b (IOCTL_KGSL_PERFCOUNTER_READ) failed: errno 1 Operation not permitted
02-09 08:17:30.410  1612  1612 W CHIUSECASE: [WARN   ] chifeature2usecaserequestobject.cpp:482 Initialize() pUsecaseSettings is NULL!!
02-09 08:17:30.411  5945  5945 W Adreno-GSL: <gsl_ldd_control:553>: ioctl fd 7 code 0xc018093b (IOCTL_KGSL_PERFCOUNTER_READ) failed: errno 1 Operation not permitted
02-09 08:17:30.412  5945  5945 W Adreno-GSL: <gsl_ldd_control:553>: ioctl fd 7 code 0xc018093b (IOCTL_KGSL_PERFCOUNTER_READ) failed: errno 1 Operation not permitted
02-09 08:17:30.413  5945  5945 W Adreno-GSL: <gsl_ldd_control:553>: ioctl fd 7 code 0xc018093b (IOCTL_KGSL_PERFCOUNTER_READ) failed: errno 1 Operation not permitted
02-09 08:17:30.414  1668  1852 W SurfaceFlinger: onComposerHalVsync: HWVsync for 4626964470317753604, ActiveDisplay 4630946213010294403
02-09 08:17:30.415  5945  5945 W Adreno-GSL: <gsl_ldd_control:553>: ioctl fd 7 code 0xc018093b (IOCTL_KGSL_PERFCOUNTER_READ) failed: errno 1 Operation not permitted
02-09 08:17:30.416  5945  5945 W Adreno-GSL: <gsl_ldd_control:553>: ioctl fd 7 code 0xc018093b (IOCTL_KGSL_PERFCOUNTER_READ) failed: errno 1 Operation not permitted
02-09 08:17:30.417  5945  5945 W Adreno-GSL: <gsl_ldd_control:553>: ioctl fd 7 code 0xc018093b (IOCTL_KGSL_PERFCOUNTER_READ) failed: errno 1 Operation not permitted
02-09 08:17:30.418  1537  2492 D SensorsFlicker: Als_common::readEvents, enabled : 1, data : -1.000000, 0.000000, 0.000000, 0.000000, 0.000000, 0.000000, 0.000000
02-09 08:17:30.419  5945  5945 W Adreno-GSL: <gsl_ldd_control:553>: ioctl fd 7 code 0xc018093b (IOCTL_KGSL_PERFCOUNTER_READ) failed: errno 1 Operation not permitted
02-09 08:17:30.420  5945  5945 W Adreno-GSL: <gsl_ldd_control:553>: ioctl fd 7 code 0xc018093b (IOCTL_KGSL_PERFCOUNTER_READ) failed: errno 1 Operation not permitted
02-09 08:17:30.421  5945  5945 W Adreno-GSL: <gsl_ldd_control:553>: ioctl fd 7 code 0xc018093b (IOCTL_KGSL_PERFCOUNTER_READ) failed: errno 1 Operation not permitted
02-09 08:17:30.422  5945  5945 W Adreno-GSL: <gsl_ldd_control:553>: ioctl fd 7 code 0xc018093b (IOCTL_KGSL_PERFCOUNTER_READ) failed: errno 1 Operation not permitted
02-09 08:17:30.424  5945  5945 W Adreno-GSL: <gsl_ldd_control:553>: ioctl fd 7 code 0xc018093b (IOCTL_KGSL_PERFCOUNTER_READ) failed: errno 1 Operation not permitted
02-09 08:17:30.425  5945  5945 W Adreno-GSL: <gsl_ldd_control:553>: ioctl fd 7 code 0xc018093b (IOCTL_KGSL_PERFCOUNTER_READ) failed: errno 1 Operation not permitted
02-09 08:17:30.426  5945  5945 W Adreno-GSL: <gsl_ldd_control:553>: ioctl fd 7 code 0xc018093b (IOCTL_KGSL_PERFCOUNTER_READ) failed: errno 1 Operation not permitted
02-09 08:17:30.427  5945  5945 W Adreno-GSL: <gsl_ldd_control:553>: ioctl fd 7 code 0xc018093b (IOCTL_KGSL_PERFCOUNTER_READ) failed: errno 1 Operation not permitted
02-09 08:17:30.428  1612  3037 W CHIUSECASE: [WARN   ] chifeature2realtime.cpp:1808 PopulateSensorModeOnMetadataResult() FRO-URO:369_RealtimeFG:RealTime_0 Couldn't translate result metadata to initial crop values.pMetadata = 0xb4000073c13b60d0, pInSensorZoomInfo = 0x0, m_pRoiTranslator = 0x0, pCameraInfo = 0x730f050eb8
02-09 08:17:30.429  5945  5945 W Adreno-GSL: <gsl_ldd_control:553>: ioctl fd 7 code 0xc018093b (IOCTL_KGSL_PERFCOUNTER_READ) failed: errno 1 Operation not permitted
02-09 08:17:30.430  1612  3037 W CHIUSECASE: [WARN   ] chifeature2graph.cpp:3743 ProcessResultMetadataMessage() pOutputLinkData->linkState in unexpected state: 1; expected OutputPending
02-09 08:17:30.430  1612  3037 W CHIUSECASE: [WARN   ] chifeature2graph.cpp:3743 ProcessResultMetadataMessage() pOutputLinkData->linkState in unexpected state: 1; expected OutputPending
02-09 08:17:30.430  5945  5945 W Adreno-GSL: <gsl_ldd_control:553>: ioctl fd 7 code 0xc018093b (IOCTL_KGSL_PERFCOUNTER_READ) failed: errno 1 Operation not permitted
02-09 08:17:30.431  1668  1852 W SurfaceFlinger: onComposerHalVsync: HWVsync for 4626964470317753604, ActiveDisplay 4630946213010294403
02-09 08:17:30.431  5945  5945 W Adreno-GSL: <gsl_ldd_control:553>: ioctl fd 7 code 0xc018093b (IOCTL_KGSL_PERFCOUNTER_READ) failed: errno 1 Operation not permitted
02-09 08:17:30.432  5945  5945 W Adreno-GSL: <gsl_ldd_control:553>: ioctl fd 7 code 0xc018093b (IOCTL_KGSL_PERFCOUNTER_READ) failed: errno 1 Operation not permitted
02-09 08:17:30.434  5945  5945 W Adreno-GSL: <gsl_ldd_control:553>: ioctl fd 7 code 0xc018093b (IOCTL_KGSL_PERFCOUNTER_READ) failed: errno 1 Operation not permitted
02-09 08:17:30.435  5945  5945 W Adreno-GSL: <gsl_ldd_control:553>: ioctl fd 7 code 0xc018093b (IOCTL_KGSL_PERFCOUNTER_READ) failed: errno 1 Operation not permitted
02-09 08:17:30.436  5945  5945 W Adreno-GSL: <gsl_ldd_control:553>: ioctl fd 7 code 0xc018093b (IOCTL_KGSL_PERFCOUNTER_READ) failed: errno 1 Operation not permitted
02-09 08:17:30.436  1612  3112 W CHIUSECASE: [WARN   ] chifeature2usecaserequestobject.cpp:482 Initialize() pUsecaseSettings is NULL!!
02-09 08:17:30.438  5945  5945 W Adreno-GSL: <gsl_ldd_control:553>: ioctl fd 7 code 0xc018093b (IOCTL_KGSL_PERFCOUNTER_READ) failed: errno 1 Operation not permitted
02-09 08:17:30.439  5945  5945 W Adreno-GSL: <gsl_ldd_control:553>: ioctl fd 7 code 0xc018093b (IOCTL_KGSL_PERFCOUNTER_READ) failed: errno 1 Operation not permitted
02-09 08:17:30.440  5945  5945 W Adreno-GSL: <gsl_ldd_control:553>: ioctl fd 7 code 0xc018093b (IOCTL_KGSL_PERFCOUNTER_READ) failed: errno 1 Operation not permitted
02-09 08:17:30.441  5945  5945 W Adreno-GSL: <gsl_ldd_control:553>: ioctl fd 7 code 0xc018093b (IOCTL_KGSL_PERFCOUNTER_READ) failed: errno 1 Operation not permitted
02-09 08:17:30.443  5945  5945 W Adreno-GSL: <gsl_ldd_control:553>: ioctl fd 7 code 0xc018093b (IOCTL_KGSL_PERFCOUNTER_READ) failed: errno 1 Operation not permitted
02-09 08:17:30.444  5945  5945 W Adreno-GSL: <gsl_ldd_control:553>: ioctl fd 7 code 0xc018093b (IOCTL_KGSL_PERFCOUNTER_READ) failed: errno 1 Operation not permitted
02-09 08:17:30.445  5945  5945 W Adreno-GSL: <gsl_ldd_control:553>: ioctl fd 7 code 0xc018093b (IOCTL_KGSL_PERFCOUNTER_READ) failed: errno 1 Operation not permitted
02-09 08:17:30.446  5945  5945 W Adreno-GSL: <gsl_ldd_control:553>: ioctl fd 7 code 0xc018093b (IOCTL_KGSL_PERFCOUNTER_READ) failed: errno 1 Operation not permitted
02-09 08:17:30.447  1668  1852 W SurfaceFlinger: onComposerHalVsync: HWVsync for 4626964470317753604, ActiveDisplay 4630946213010294403
02-09 08:17:30.448  5945  5945 W Adreno-GSL: <gsl_ldd_control:553>: ioctl fd 7 code 0xc018093b (IOCTL_KGSL_PERFCOUNTER_READ) failed: errno 1 Operation not permitted
02-09 08:17:30.449  5945  5945 W Adreno-GSL: <gsl_ldd_control:553>: ioctl fd 7 code 0xc018093b (IOCTL_KGSL_PERFCOUNTER_READ) failed: errno 1 Operation not permitted
02-09 08:17:30.450  5945  5945 W Adreno-GSL: <gsl_ldd_control:553>: ioctl fd 7 code 0xc018093b (IOCTL_KGSL_PERFCOUNTER_READ) failed: errno 1 Operation not permitted
02-09 08:17:30.451  5945  5945 W Adreno-GSL: <gsl_ldd_control:553>: ioctl fd 7 code 0xc018093b (IOCTL_KGSL_PERFCOUNTER_READ) failed: errno 1 Operation not permitted
02-09 08:17:30.452  5945  5945 W Adreno-GSL: <gsl_ldd_control:553>: ioctl fd 7 code 0xc018093b (IOCTL_KGSL_PERFCOUNTER_READ) failed: errno 1 Operation not permitted
02-09 08:17:30.454  5945  5945 W Adreno-GSL: <gsl_ldd_control:553>: ioctl fd 7 code 0xc018093b (IOCTL_KGSL_PERFCOUNTER_READ) failed: errno 1 Operation not permitted
02-09 08:17:30.455  5945  5945 W Adreno-GSL: <gsl_ldd_control:553>: ioctl fd 7 code 0xc018093b (IOCTL_KGSL_PERFCOUNTER_READ) failed: errno 1 Operation not permitted
02-09 08:17:30.456  5945  5945 W Adreno-GSL: <gsl_ldd_control:553>: ioctl fd 7 code 0xc018093b (IOCTL_KGSL_PERFCOUNTER_READ) failed: errno 1 Operation not permitted
02-09 08:17:30.457  5945  5945 W Adreno-GSL: <gsl_ldd_control:553>: ioctl fd 7 code 0xc018093b (IOCTL_KGSL_PERFCOUNTER_READ) failed: errno 1 Operation not permitted
02-09 08:17:30.459  5945  5945 W Adreno-GSL: <gsl_ldd_control:553>: ioctl fd 7 code 0xc018093b (IOCTL_KGSL_PERFCOUNTER_READ) failed: errno 1 Operation not permitted
02-09 08:17:30.460  5945  5945 W Adreno-GSL: <gsl_ldd_control:553>: ioctl fd 7 code 0xc018093b (IOCTL_KGSL_PERFCOUNTER_READ) failed: errno 1 Operation not permitted
02-09 08:17:30.461  5945  5945 W Adreno-GSL: <gsl_ldd_control:553>: ioctl fd 7 code 0xc018093b (IOCTL_KGSL_PERFCOUNTER_READ) failed: errno 1 Operation not permitted
02-09 08:17:30.462  5945  5945 W Adreno-GSL: <gsl_ldd_control:553>: ioctl fd 7 code 0xc018093b (IOCTL_KGSL_PERFCOUNTER_READ) failed: errno 1 Operation not permitted
02-09 08:17:30.463  5945  5945 W Adreno-GSL: <gsl_ldd_control:553>: ioctl fd 7 code 0xc018093b (IOCTL_KGSL_PERFCOUNTER_READ) failed: errno 1 Operation not permitted
02-09 08:17:30.464  1612  3037 W CHIUSECASE: [WARN   ] chifeature2realtime.cpp:1808 PopulateSensorModeOnMetadataResult() FRO-URO:370_RealtimeFG:RealTime_0 Couldn't translate result metadata to initial crop values.pMetadata = 0xb4000073c1365630, pInSensorZoomInfo = 0x0, m_pRoiTranslator = 0x0, pCameraInfo = 0x730f050eb8
02-09 08:17:30.464  1668  1852 W SurfaceFlinger: onComposerHalVsync: HWVsync for 4626964470317753604, ActiveDisplay 4630946213010294403
02-09 08:17:30.465  5945  5945 W Adreno-GSL: <gsl_ldd_control:553>: ioctl fd 7 code 0xc018093b (IOCTL_KGSL_PERFCOUNTER_READ) failed: errno 1 Operation not permitted
02-09 08:17:30.465  1612  3037 W CHIUSECASE: [WARN   ] chifeature2graph.cpp:3743 ProcessResultMetadataMessage() pOutputLinkData->linkState in unexpected state: 1; expected OutputPending
02-09 08:17:30.465  1612  3037 W CHIUSECASE: [WARN   ] chifeature2graph.cpp:3743 ProcessResultMetadataMessage() pOutputLinkData->linkState in unexpected state: 1; expected OutputPending
02-09 08:17:30.466  5945  5945 W Adreno-GSL: <gsl_ldd_control:553>: ioctl fd 7 code 0xc018093b (IOCTL_KGSL_PERFCOUNTER_READ) failed: errno 1 Operation not permitted
02-09 08:17:30.467  5945  5945 W Adreno-GSL: <gsl_ldd_control:553>: ioctl fd 7 code 0xc018093b (IOCTL_KGSL_PERFCOUNTER_READ) failed: errno 1 Operation not permitted
02-09 08:17:30.468  5945  5945 W Adreno-GSL: <gsl_ldd_control:553>: ioctl fd 7 code 0xc018093b (IOCTL_KGSL_PERFCOUNTER_READ) failed: errno 1 Operation not permitted
02-09 08:17:30.469  5945  5945 W Adreno-GSL: <gsl_ldd_control:553>: ioctl fd 7 code 0xc018093b (IOCTL_KGSL_PERFCOUNTER_READ) failed: errno 1 Operation not permitted
02-09 08:17:30.471  5945  5945 W Adreno-GSL: <gsl_ldd_control:553>: ioctl fd 7 code 0xc018093b (IOCTL_KGSL_PERFCOUNTER_READ) failed: errno 1 Operation not permitted
02-09 08:17:30.472  5945  5945 W Adreno-GSL: <gsl_ldd_control:553>: ioctl fd 7 code 0xc018093b (IOCTL_KGSL_PERFCOUNTER_READ) failed: errno 1 Operation not permitted
02-09 08:17:30.472  1612  3109 W CHIUSECASE: [WARN   ] chifeature2usecaserequestobject.cpp:482 Initialize() pUsecaseSettings is NULL!!
02-09 08:17:30.473  5945  5945 W Adreno-GSL: <gsl_ldd_control:553>: ioctl fd 7 code 0xc018093b (IOCTL_KGSL_PERFCOUNTER_READ) failed: errno 1 Operation not permitted
02-09 08:17:30.474  5945  5945 W Adreno-GSL: <gsl_ldd_control:553>: ioctl fd 7 code 0xc018093b (IOCTL_KGSL_PERFCOUNTER_READ) failed: errno 1 Operation not permitted
02-09 08:17:30.476  5945  5945 W Adreno-GSL: <gsl_ldd_control:553>: ioctl fd 7 code 0xc018093b (IOCTL_KGSL_PERFCOUNTER_READ) failed: errno 1 Operation not permitted
02-09 08:17:30.477  5945  5945 W Adreno-GSL: <gsl_ldd_control:553>: ioctl fd 7 code 0xc018093b (IOCTL_KGSL_PERFCOUNTER_READ) failed: errno 1 Operation not permitted
02-09 08:17:30.478  5945  5945 W Adreno-GSL: <gsl_ldd_control:553>: ioctl fd 7 code 0xc018093b (IOCTL_KGSL_PERFCOUNTER_READ) failed: errno 1 Operation not permitted
02-09 08:17:30.479  5945  5945 W Adreno-GSL: <gsl_ldd_control:553>: ioctl fd 7 code 0xc018093b (IOCTL_KGSL_PERFCOUNTER_READ) failed: errno 1 Operation not permitted
02-09 08:17:30.481  5945  5945 W Adreno-GSL: <gsl_ldd_control:553>: ioctl fd 7 code 0xc018093b (IOCTL_KGSL_PERFCOUNTER_READ) failed: errno 1 Operation not permitted
02-09 08:17:30.481  1668  1852 W SurfaceFlinger: onComposerHalVsync: HWVsync for 4626964470317753604, ActiveDisplay 4630946213010294403
02-09 08:17:30.482  5945  5945 W Adreno-GSL: <gsl_ldd_control:553>: ioctl fd 7 code 0xc018093b (IOCTL_KGSL_PERFCOUNTER_READ) failed: errno 1 Operation not permitted
02-09 08:17:30.483  5945  5945 W Adreno-GSL: <gsl_ldd_control:553>: ioctl fd 7 code 0xc018093b (IOCTL_KGSL_PERFCOUNTER_READ) failed: errno 1 Operation not permitted
02-09 08:17:30.484  5945  5945 W Adreno-GSL: <gsl_ldd_control:553>: ioctl fd 7 code 0xc018093b (IOCTL_KGSL_PERFCOUNTER_READ) failed: errno 1 Operation not permitted
02-09 08:17:30.486  5945  5945 W Adreno-GSL: <gsl_ldd_control:553>: ioctl fd 7 code 0xc018093b (IOCTL_KGSL_PERFCOUNTER_READ) failed: errno 1 Operation not permitted
02-09 08:17:30.487  5945  5945 W Adreno-GSL: <gsl_ldd_control:553>: ioctl fd 7 code 0xc018093b (IOCTL_KGSL_PERFCOUNTER_READ) failed: errno 1 Operation not permitted
02-09 08:17:30.488  5945  5945 W Adreno-GSL: <gsl_ldd_control:553>: ioctl fd 7 code 0xc018093b (IOCTL_KGSL_PERFCOUNTER_READ) failed: errno 1 Operation not permitted
02-09 08:17:30.489  5945  5945 W Adreno-GSL: <gsl_ldd_control:553>: ioctl fd 7 code 0xc018093b (IOCTL_KGSL_PERFCOUNTER_READ) failed: errno 1 Operation not permitted
02-09 08:17:30.491  5945  5945 W Adreno-GSL: <gsl_ldd_control:553>: ioctl fd 7 code 0xc018093b (IOCTL_KGSL_PERFCOUNTER_READ) failed: errno 1 Operation not permitted
02-09 08:17:30.492  5945  5945 W Adreno-GSL: <gsl_ldd_control:553>: ioctl fd 7 code 0xc018093b (IOCTL_KGSL_PERFCOUNTER_READ) failed: errno 1 Operation not permitted
02-09 08:17:30.492  1612  3032 W CHIUSECASE: [WARN   ] chifeature2realtime.cpp:1808 PopulateSensorModeOnMetadataResult() FRO-URO:371_RealtimeFG:RealTime_0 Couldn't translate result metadata to initial crop values.pMetadata = 0xb4000073c138ab10, pInSensorZoomInfo = 0x0, m_pRoiTranslator = 0x0, pCameraInfo = 0x730f050eb8
02-09 08:17:30.494  5945  5945 W Adreno-GSL: <gsl_ldd_control:553>: ioctl fd 7 code 0xc018093b (IOCTL_KGSL_PERFCOUNTER_READ) failed: errno 1 Operation not permitted
02-09 08:17:30.495  1612  3032 W CHIUSECASE: [WARN   ] chifeature2graph.cpp:3743 ProcessResultMetadataMessage() pOutputLinkData->linkState in unexpected state: 1; expected OutputPending
02-09 08:17:30.495  1612  3032 W CHIUSECASE: [WARN   ] chifeature2graph.cpp:3743 ProcessResultMetadataMessage() pOutputLinkData->linkState in unexpected state: 1; expected OutputPending
02-09 08:17:30.496  5945  5945 W Adreno-GSL: <gsl_ldd_control:553>: ioctl fd 7 code 0xc018093b (IOCTL_KGSL_PERFCOUNTER_READ) failed: errno 1 Operation not permitted
02-09 08:17:30.497  5945  5945 W Adreno-GSL: <gsl_ldd_control:553>: ioctl fd 7 code 0xc018093b (IOCTL_KGSL_PERFCOUNTER_READ) failed: errno 1 Operation not permitted
02-09 08:17:30.497  1668  1852 W SurfaceFlinger: onComposerHalVsync: HWVsync for 4626964470317753604, ActiveDisplay 4630946213010294403
02-09 08:17:30.499  5945  5945 W Adreno-GSL: <gsl_ldd_control:553>: ioctl fd 7 code 0xc018093b (IOCTL_KGSL_PERFCOUNTER_READ) failed: errno 1 Operation not permitted
02-09 08:17:30.500  5945  5945 W Adreno-GSL: <gsl_ldd_control:553>: ioctl fd 7 code 0xc018093b (IOCTL_KGSL_PERFCOUNTER_READ) failed: errno 1 Operation not permitted
02-09 08:17:30.503  5945  5945 W Adreno-GSL: <gsl_ldd_control:553>: ioctl fd 7 code 0xc018093b (IOCTL_KGSL_PERFCOUNTER_READ) failed: errno 1 Operation not permitted
02-09 08:17:30.505  1612  3113 W CHIUSECASE: [WARN   ] chifeature2usecaserequestobject.cpp:482 Initialize() pUsecaseSettings is NULL!!
02-09 08:17:30.506  5945  5945 W Adreno-GSL: <gsl_ldd_control:553>: ioctl fd 7 code 0xc018093b (IOCTL_KGSL_PERFCOUNTER_READ) failed: errno 1 Operation not permitted
02-09 08:17:30.508  5945  5945 W Adreno-GSL: <gsl_ldd_control:553>: ioctl fd 7 code 0xc018093b (IOCTL_KGSL_PERFCOUNTER_READ) failed: errno 1 Operation not permitted
02-09 08:17:30.509  5945  5945 W Adreno-GSL: <gsl_ldd_control:553>: ioctl fd 7 code 0xc018093b (IOCTL_KGSL_PERFCOUNTER_READ) failed: errno 1 Operation not permitted
02-09 08:17:30.511  5945  5945 W Adreno-GSL: <gsl_ldd_control:553>: ioctl fd 7 code 0xc018093b (IOCTL_KGSL_PERFCOUNTER_READ) failed: errno 1 Operation not permitted
02-09 08:17:30.512  5945  5945 W Adreno-GSL: <gsl_ldd_control:553>: ioctl fd 7 code 0xc018093b (IOCTL_KGSL_PERFCOUNTER_READ) failed: errno 1 Operation not permitted
02-09 08:17:30.513  1612 30458 I snap_api::V4: AIAwbModel_v1.3.tflite:Session Execute time taken : 4.302 ms
02-09 08:17:30.513  5945  5945 W Adreno-GSL: <gsl_ldd_control:553>: ioctl fd 7 code 0xc018093b (IOCTL_KGSL_PERFCOUNTER_READ) failed: errno 1 Operation not permitted
02-09 08:17:30.514  1668  1852 W SurfaceFlinger: onComposerHalVsync: HWVsync for 4626964470317753604, ActiveDisplay 4630946213010294403
02-09 08:17:30.515  5945  5945 W Adreno-GSL: <gsl_ldd_control:553>: ioctl fd 7 code 0xc018093b (IOCTL_KGSL_PERFCOUNTER_READ) failed: errno 1 Operation not permitted
02-09 08:17:30.516  5945  5945 W Adreno-GSL: <gsl_ldd_control:553>: ioctl fd 7 code 0xc018093b (IOCTL_KGSL_PERFCOUNTER_READ) failed: errno 1 Operation not permitted
02-09 08:17:30.518  5945  5945 W Adreno-GSL: <gsl_ldd_control:553>: ioctl fd 7 code 0xc018093b (IOCTL_KGSL_PERFCOUNTER_READ) failed: errno 1 Operation not permitted
02-09 08:17:30.519  5945  5945 W Adreno-GSL: <gsl_ldd_control:553>: ioctl fd 7 code 0xc018093b (IOCTL_KGSL_PERFCOUNTER_READ) failed: errno 1 Operation not permitted
02-09 08:17:30.521  5945  5945 W Adreno-GSL: <gsl_ldd_control:553>: ioctl fd 7 code 0xc018093b (IOCTL_KGSL_PERFCOUNTER_READ) failed: errno 1 Operation not permitted
02-09 08:17:30.522  5945  5945 W Adreno-GSL: <gsl_ldd_control:553>: ioctl fd 7 code 0xc018093b (IOCTL_KGSL_PERFCOUNTER_READ) failed: errno 1 Operation not permitted
02-09 08:17:30.524  5945  5945 W Adreno-GSL: <gsl_ldd_control:553>: ioctl fd 7 code 0xc018093b (IOCTL_KGSL_PERFCOUNTER_READ) failed: errno 1 Operation not permitted
02-09 08:17:30.527  5945  5945 W Adreno-GSL: <gsl_ldd_control:553>: ioctl fd 7 code 0xc018093b (IOCTL_KGSL_PERFCOUNTER_READ) failed: errno 1 Operation not permitted
02-09 08:17:30.529  5945  5945 W Adreno-GSL: <gsl_ldd_control:553>: ioctl fd 7 code 0xc018093b (IOCTL_KGSL_PERFCOUNTER_READ) failed: errno 1 Operation not permitted
02-09 08:17:30.530  5945  5945 W Adreno-GSL: <gsl_ldd_control:553>: ioctl fd 7 code 0xc018093b (IOCTL_KGSL_PERFCOUNTER_READ) failed: errno 1 Operation not permitted
02-09 08:17:30.530 30188 30288 I GeminiClient: Gemini Response: 諛붾떏怨?媛援щ뱾?댁슂.
02-09 08:17:30.531  1668  1852 W SurfaceFlinger: onComposerHalVsync: HWVsync for 4626964470317753604, ActiveDisplay 4630946213010294403
02-09 08:17:30.534  7938 30217 I GoogleTTSServiceImpl: Synthesis request for locale kor-KOR and name ko-KR-language
02-09 08:17:30.539  1612  3033 W CHIUSECASE: [WARN   ] chifeature2realtime.cpp:1808 PopulateSensorModeOnMetadataResult() FRO-URO:372_RealtimeFG:RealTime_0 Couldn't translate result metadata to initial crop values.pMetadata = 0xb4000073c135c990, pInSensorZoomInfo = 0x0, m_pRoiTranslator = 0x0, pCameraInfo = 0x730f050eb8
02-09 08:17:30.539  5945  5945 W Adreno-GSL: <gsl_ldd_control:553>: ioctl fd 7 code 0xc018093b (IOCTL_KGSL_PERFCOUNTER_READ) failed: errno 1 Operation not permitted
02-09 08:17:30.541  5945  5945 W Adreno-GSL: <gsl_ldd_control:553>: ioctl fd 7 code 0xc018093b (IOCTL_KGSL_PERFCOUNTER_READ) failed: errno 1 Operation not permitted
02-09 08:17:30.541 30188 30188 I View    : RoundedCornerOffset Pair{0 0}
02-09 08:17:30.542  1612  3033 W CHIUSECASE: [WARN   ] chifeature2graph.cpp:3743 ProcessResultMetadataMessage() pOutputLinkData->linkState in unexpected state: 1; expected OutputPending
02-09 08:17:30.542  1612  3033 W CHIUSECASE: [WARN   ] chifeature2graph.cpp:3743 ProcessResultMetadataMessage() pOutputLinkData->linkState in unexpected state: 1; expected OutputPending
02-09 08:17:30.544  3254  4160 D PhoneInterfaceManager: setDataEnabledForReason() Reason=1 Pid=1979 App=system
02-09 08:17:30.545  5945  5945 W Adreno-GSL: <gsl_ldd_control:553>: ioctl fd 7 code 0xc018093b (IOCTL_KGSL_PERFCOUNTER_READ) failed: errno 1 Operation not permitted
02-09 08:17:30.547  5945  5945 W Adreno-GSL: <gsl_ldd_control:553>: ioctl fd 7 code 0xc018093b (IOCTL_KGSL_PERFCOUNTER_READ) failed: errno 1 Operation not permitted
02-09 08:17:30.548  1668  1852 W SurfaceFlinger: onComposerHalVsync: HWVsync for 4626964470317753604, ActiveDisplay 4630946213010294403
02-09 08:17:30.548  5945  5945 W Adreno-GSL: <gsl_ldd_control:553>: ioctl fd 7 code 0xc018093b (IOCTL_KGSL_PERFCOUNTER_READ) failed: errno 1 Operation not permitted
02-09 08:17:30.548  1612  3109 W CHIUSECASE: [WARN   ] chifeature2usecaserequestobject.cpp:482 Initialize() pUsecaseSettings is NULL!!
02-09 08:17:30.549  5945  5945 W Adreno-GSL: <gsl_ldd_control:553>: ioctl fd 7 code 0xc018093b (IOCTL_KGSL_PERFCOUNTER_READ) failed: errno 1 Operation not permitted
02-09 08:17:30.550  5945  5945 W Adreno-GSL: <gsl_ldd_control:553>: ioctl fd 7 code 0xc018093b (IOCTL_KGSL_PERFCOUNTER_READ) failed: errno 1 Operation not permitted
02-09 08:17:30.552  5945  5945 W Adreno-GSL: <gsl_ldd_control:553>: ioctl fd 7 code 0xc018093b (IOCTL_KGSL_PERFCOUNTER_READ) failed: errno 1 Operation not permitted
02-09 08:17:30.553  5945  5945 W Adreno-GSL: <gsl_ldd_control:553>: ioctl fd 7 code 0xc018093b (IOCTL_KGSL_PERFCOUNTER_READ) failed: errno 1 Operation not permitted
02-09 08:17:30.554  5894  5894 E gpustat : dataReady_ == false
02-09 08:17:30.554  5945  5945 W Adreno-GSL: <gsl_ldd_control:553>: ioctl fd 7 code 0xc018093b (IOCTL_KGSL_PERFCOUNTER_READ) failed: errno 1 Operation not permitted
02-09 08:17:30.556  5945  5945 W Adreno-GSL: <gsl_ldd_control:553>: ioctl fd 7 code 0xc018093b (IOCTL_KGSL_PERFCOUNTER_READ) failed: errno 1 Operation not permitted
02-09 08:17:30.557  5945  5945 W Adreno-GSL: <gsl_ldd_control:553>: ioctl fd 7 code 0xc018093b (IOCTL_KGSL_PERFCOUNTER_READ) failed: errno 1 Operation not permitted
02-09 08:17:30.558  5945  5945 W Adreno-GSL: <gsl_ldd_control:553>: ioctl fd 7 code 0xc018093b (IOCTL_KGSL_PERFCOUNTER_READ) failed: errno 1 Operation not permitted
02-09 08:17:30.558  1612  3032 W CHIUSECASE: [WARN   ] chifeature2realtime.cpp:1808 PopulateSensorModeOnMetadataResult() FRO-URO:373_RealtimeFG:RealTime_0 Couldn't translate result metadata to initial crop values.pMetadata = 0xb4000073c1338450, pInSensorZoomInfo = 0x0, m_pRoiTranslator = 0x0, pCameraInfo = 0x730f050eb8
02-09 08:17:30.559  5945  5945 W Adreno-GSL: <gsl_ldd_control:553>: ioctl fd 7 code 0xc018093b (IOCTL_KGSL_PERFCOUNTER_READ) failed: errno 1 Operation not permitted
02-09 08:17:30.559  1612  3032 W CHIUSECASE: [WARN   ] chifeature2graph.cpp:3743 ProcessResultMetadataMessage() pOutputLinkData->linkState in unexpected state: 1; expected OutputPending
02-09 08:17:30.559  1612  3032 W CHIUSECASE: [WARN   ] chifeature2graph.cpp:3743 ProcessResultMetadataMessage() pOutputLinkData->linkState in unexpected state: 1; expected OutputPending
02-09 08:17:30.560  5945  5945 W Adreno-GSL: <gsl_ldd_control:553>: ioctl fd 7 code 0xc018093b (IOCTL_KGSL_PERFCOUNTER_READ) failed: errno 1 Operation not permitted
02-09 08:17:30.562  5945  5945 W Adreno-GSL: <gsl_ldd_control:553>: ioctl fd 7 code 0xc018093b (IOCTL_KGSL_PERFCOUNTER_READ) failed: errno 1 Operation not permitted
02-09 08:17:30.563  5945  5945 W Adreno-GSL: <gsl_ldd_control:553>: ioctl fd 7 code 0xc018093b (IOCTL_KGSL_PERFCOUNTER_READ) failed: errno 1 Operation not permitted
02-09 08:17:30.564  1668  1852 W SurfaceFlinger: onComposerHalVsync: HWVsync for 4626964470317753604, ActiveDisplay 4630946213010294403
02-09 08:17:30.564  5945  5945 W Adreno-GSL: <gsl_ldd_control:553>: ioctl fd 7 code 0xc018093b (IOCTL_KGSL_PERFCOUNTER_READ) failed: errno 1 Operation not permitted
02-09 08:17:30.565  5945  5945 W Adreno-GSL: <gsl_ldd_control:553>: ioctl fd 7 code 0xc018093b (IOCTL_KGSL_PERFCOUNTER_READ) failed: errno 1 Operation not permitted
02-09 08:17:30.566  1612  3112 W CHIUSECASE: [WARN   ] chifeature2usecaserequestobject.cpp:482 Initialize() pUsecaseSettings is NULL!!
02-09 08:17:30.567  5945  5945 W Adreno-GSL: <gsl_ldd_control:553>: ioctl fd 7 code 0xc018093b (IOCTL_KGSL_PERFCOUNTER_READ) failed: errno 1 Operation not permitted
02-09 08:17:30.568  5945  5945 W Adreno-GSL: <gsl_ldd_control:553>: ioctl fd 7 code 0xc018093b (IOCTL_KGSL_PERFCOUNTER_READ) failed: errno 1 Operation not permitted
02-09 08:17:30.569  5945  5945 W Adreno-GSL: <gsl_ldd_control:553>: ioctl fd 7 code 0xc018093b (IOCTL_KGSL_PERFCOUNTER_READ) failed: errno 1 Operation not permitted
02-09 08:17:30.570  5945  5945 W Adreno-GSL: <gsl_ldd_control:553>: ioctl fd 7 code 0xc018093b (IOCTL_KGSL_PERFCOUNTER_READ) failed: errno 1 Operation not permitted
02-09 08:17:30.572  5945  5945 W Adreno-GSL: <gsl_ldd_control:553>: ioctl fd 7 code 0xc018093b (IOCTL_KGSL_PERFCOUNTER_READ) failed: errno 1 Operation not permitted
02-09 08:17:30.573  5945  5945 W Adreno-GSL: <gsl_ldd_control:553>: ioctl fd 7 code 0xc018093b (IOCTL_KGSL_PERFCOUNTER_READ) failed: errno 1 Operation not permitted
02-09 08:17:30.574  5945  5945 W Adreno-GSL: <gsl_ldd_control:553>: ioctl fd 7 code 0xc018093b (IOCTL_KGSL_PERFCOUNTER_READ) failed: errno 1 Operation not permitted
02-09 08:17:30.576  5945  5945 W Adreno-GSL: <gsl_ldd_control:553>: ioctl fd 7 code 0xc018093b (IOCTL_KGSL_PERFCOUNTER_READ) failed: errno 1 Operation not permitted
02-09 08:17:30.577  5945  5945 W Adreno-GSL: <gsl_ldd_control:553>: ioctl fd 7 code 0xc018093b (IOCTL_KGSL_PERFCOUNTER_READ) failed: errno 1 Operation not permitted
02-09 08:17:30.579  5945  5945 W Adreno-GSL: <gsl_ldd_control:553>: ioctl fd 7 code 0xc018093b (IOCTL_KGSL_PERFCOUNTER_READ) failed: errno 1 Operation not permitted
02-09 08:17:30.580  5945  5945 W Adreno-GSL: <gsl_ldd_control:553>: ioctl fd 7 code 0xc018093b (IOCTL_KGSL_PERFCOUNTER_READ) failed: errno 1 Operation not permitted
02-09 08:17:30.581  1668  1852 W SurfaceFlinger: onComposerHalVsync: HWVsync for 4626964470317753604, ActiveDisplay 4630946213010294403
02-09 08:17:30.581  5945  5945 W Adreno-GSL: <gsl_ldd_control:553>: ioctl fd 7 code 0xc018093b (IOCTL_KGSL_PERFCOUNTER_READ) failed: errno 1 Operation not permitted
02-09 08:17:30.582  5945  5945 W Adreno-GSL: <gsl_ldd_control:553>: ioctl fd 7 code 0xc018093b (IOCTL_KGSL_PERFCOUNTER_READ) failed: errno 1 Operation not permitted
02-09 08:17:30.583  5945  5945 W Adreno-GSL: <gsl_ldd_control:553>: ioctl fd 7 code 0xc018093b (IOCTL_KGSL_PERFCOUNTER_READ) failed: errno 1 Operation not permitted
02-09 08:17:30.585  5945  5945 W Adreno-GSL: <gsl_ldd_control:553>: ioctl fd 7 code 0xc018093b (IOCTL_KGSL_PERFCOUNTER_READ) failed: errno 1 Operation not permitted
02-09 08:17:30.586  5945  5945 W Adreno-GSL: <gsl_ldd_control:553>: ioctl fd 7 code 0xc018093b (IOCTL_KGSL_PERFCOUNTER_READ) failed: errno 1 Operation not permitted
02-09 08:17:30.587  5945  5945 W Adreno-GSL: <gsl_ldd_control:553>: ioctl fd 7 code 0xc018093b (IOCTL_KGSL_PERFCOUNTER_READ) failed: errno 1 Operation not permitted
02-09 08:17:30.588  5945  5945 W Adreno-GSL: <gsl_ldd_control:553>: ioctl fd 7 code 0xc018093b (IOCTL_KGSL_PERFCOUNTER_READ) failed: errno 1 Operation not permitted
02-09 08:17:30.589  5945  5945 W Adreno-GSL: <gsl_ldd_control:553>: ioctl fd 7 code 0xc018093b (IOCTL_KGSL_PERFCOUNTER_READ) failed: errno 1 Operation not permitted
