02-09 08:17:29.402  5945  5945 W Adreno-GSL: <gsl_ldd_control:553>: ioctl fd 7 code 0xc018093b (IOCTL_KGSL_PERFCOUNTER_READ) failed: errno 1 Operation not permitted
02-09 08:17:29.402  1668  1668 I SurfaceFlinger: id=26317 Removed WindowToken{cb832cd type=2227 android.os.BinderProxy@3eae064}#26317 (211)
02-09 08:17:29.402  1668  1668 I SurfaceFlinger: id=26318 Removed 1764782 EdgeLightingWindow#26318 (211)
02-09 08:17:29.402  1668  1668 I SurfaceFlinger: id=26319 Removed EdgeLightingWindow$_8677#26319 (211)
02-09 08:17:29.403  1668  1668 D CompositionEngine: Layer: com.xreal.nativear/com.xreal.nativear.MainActivity$_30188#26299 had an out of bounds transparent region
02-09 08:17:29.403  1668  1668 D Region  :   Region transparentRegionHint (this=0xb40000736c0d4910, count=1)
02-09 08:17:29.403  1668  1668 D Region  :     [  0, -234, 1440,   0]
02-09 08:17:29.403  5945  5945 W Adreno-GSL: <gsl_ldd_control:553>: ioctl fd 7 code 0xc018093b (IOCTL_KGSL_PERFCOUNTER_READ) failed: errno 1 Operation not permitted
02-09 08:17:29.403  1668  1668 D CompositionEngine: Layer: com.xreal.nativear/com.xreal.nativear.MainActivity$_30188#26299 had an out of bounds transparent region
02-09 08:17:29.403  1668  1668 D Region  :   Region transparentRegionHint (this=0xb40000736c073b70, count=1)
02-09 08:17:29.403  1668  1668 D Region  :     [  0, -234, 1440,   0]
02-09 08:17:29.404  1612  3109 W CHIUSECASE: [WARN   ] chifeature2usecaserequestobject.cpp:482 Initialize() pUsecaseSettings is NULL!!
02-09 08:17:29.405  5945  5945 W Adreno-GSL: <gsl_ldd_control:553>: ioctl fd 7 code 0xc018093b (IOCTL_KGSL_PERFCOUNTER_READ) failed: errno 1 Operation not permitted
02-09 08:17:29.407  5945  5945 W Adreno-GSL: <gsl_ldd_control:553>: ioctl fd 7 code 0xc018093b (IOCTL_KGSL_PERFCOUNTER_READ) failed: errno 1 Operation not permitted
02-09 08:17:29.408  5945  5945 W Adreno-GSL: <gsl_ldd_control:553>: ioctl fd 7 code 0xc018093b (IOCTL_KGSL_PERFCOUNTER_READ) failed: errno 1 Operation not permitted
02-09 08:17:29.409  5945  5945 W Adreno-GSL: <gsl_ldd_control:553>: ioctl fd 7 code 0xc018093b (IOCTL_KGSL_PERFCOUNTER_READ) failed: errno 1 Operation not permitted
02-09 08:17:29.411  5945  5945 W Adreno-GSL: <gsl_ldd_control:553>: ioctl fd 7 code 0xc018093b (IOCTL_KGSL_PERFCOUNTER_READ) failed: errno 1 Operation not permitted
02-09 08:17:29.412  5945  5945 W Adreno-GSL: <gsl_ldd_control:553>: ioctl fd 7 code 0xc018093b (IOCTL_KGSL_PERFCOUNTER_READ) failed: errno 1 Operation not permitted
02-09 08:17:29.413  5945  5945 W Adreno-GSL: <gsl_ldd_control:553>: ioctl fd 7 code 0xc018093b (IOCTL_KGSL_PERFCOUNTER_READ) failed: errno 1 Operation not permitted
02-09 08:17:29.414  1668  1852 W SurfaceFlinger: onComposerHalVsync: HWVsync for 4626964470317753604, ActiveDisplay 4630946213010294403
02-09 08:17:29.414  5945  5945 W Adreno-GSL: <gsl_ldd_control:553>: ioctl fd 7 code 0xc018093b (IOCTL_KGSL_PERFCOUNTER_READ) failed: errno 1 Operation not permitted
02-09 08:17:29.415  1668  1668 D SurfaceFlinger: Display 4630946213010294403 HWC layers:
02-09 08:17:29.415  1668  1668 D SurfaceFlinger:   SOLID_COLOR |                        0 | 00000000 | N/A          |    0.0    0.0    0.0    0.0 |    0    0  904   88 | Letterbox - left#26292 (0)
02-09 08:17:29.415  1668  1668 D SurfaceFlinger:        CLIENT |          129656472731667 | 00000102 | 0x0000022    |    0.0  161.0 1440.0  779.0 |    0   87  904 2190 | 5813520 SurfaceView[com.xreal.native[...]ativear.MainActivity]@0(BLAST)#26306 (338)
02-09 08:17:29.415  1668  1668 D SurfaceFlinger:        CLIENT |          129656472731653 | 00002100 | RGBA_8888    |    0.0    0.0  904.0 2229.0 |    0   87  904 2316 | com.xreal.nativear/com.xreal.nativear.MainActivity$_30188#26299 (290)
02-09 08:17:29.415  1668  1668 D SurfaceFlinger:        DEVICE |           25314537243066 | 00002100 | RGBA_8888    |    0.0    0.0  904.0 2103.0 |    0   87  904 2190 | GpuWatchOverlay$_5894#26178 (4654)
02-09 08:17:29.415  1668  1668 D SurfaceFlinger:        DEVICE |           14108967590198 | 00002100 | RGBA_8888    |    0.0    0.0   79.0 2316.0 |  825    0  904 2316 | StatusBar$_3285#123 (87927)
02-09 08:17:29.415  1668  1668 D SurfaceFlinger:        DEVICE |           14108967590191 | 00002100 | RGBA_8888    |    0.0    0.0  904.0  126.0 |    0 2190  904 2316 | NavigationBar
02-09 08:17:29.415  1668  1668 D SurfaceFlinger: 0$_3285#120 (23883)
02-09 08:17:29.415  1668  1668 D SurfaceFlinger:        DEVICE |           14108967590328 | 00002140 | RGBA_8888    |    0.0    0.0  904.0   46.0 |    0    0  904   46 | ScreenDecorOverlay$_3285#26314 (2)
02-09 08:17:29.415  1668  1668 D SurfaceFlinger:        DEVICE |           14108967590329 | 00002140 | RGBA_8888    |    0.0    0.0  904.0  172.0 |    0 2144  904 2316 | ScreenDecorOverlayBottom$_3285#26315 (11)
02-09 08:17:29.415  1668  1668 D SurfaceFlinger: 
02-09 08:17:29.415  1668  1668 D SurfaceFlinger: Display 4626964470317753604 HWC layers:
02-09 08:17:29.415  1668  1668 D SurfaceFlinger:   SOLID_COLOR |                        0 | 00000000 | N/A          |    0.0    0.0    0.0    0.0 |    0  165   73  914 | Letterbox - left#26292 (0)
02-09 08:17:29.415  1668  1668 D SurfaceFlinger:        DEVICE |          129656472731667 | 00000102 | 0x0000022    |    0.0  161.0 1440.0  779.0 |   72  165 1816  914 | 5813520 SurfaceView[com.xreal.native[...]ativear.MainActivity]@0(BLAST)#26306 (338)
02-09 08:17:29.415  1668  1668 D SurfaceFlinger:        CLIENT |          129656472731653 | 00002100 | RGBA_8888    |    0.0    0.0  904.0 2229.0 |   72  165 1920  914 | com.xreal.nativear/com.xreal.nativear.MainActivity$_30188#26299 (290)
02-09 08:17:29.415  1668  1668 D SurfaceFlinger:        CLIENT |           25314537243066 | 00002100 | RGBA_8888    |    0.0    0.0  904.0 2103.0 |   72  165 1816  914 | GpuWatchOverlay$_5894#26178 (4654)
02-09 08:17:29.415  1668  1668 D SurfaceFlinger:        CLIENT |           14108967590198 | 00002100 | RGBA_8888    |    0.0    0.0   79.0 2316.0 |    0  165 1920  230 | StatusBar$_3285#123 (87927)
02-09 08:17:29.415  1668  1668 D SurfaceFlinger:        CLIENT |           14108967590191 | 00002100 | RGBA_8888    |    0.0    0.0  904.0  126.0 | 1816  165 1920  914 | NavigationBar
02-09 08:17:29.415  1668  1668 D SurfaceFlinger: 0$_3285#120 (23883)
02-09 08:17:29.415  1668  1668 D SurfaceFlinger: 
02-09 08:17:29.415  5945  5945 W Adreno-GSL: <gsl_ldd_control:553>: ioctl fd 7 code 0xc018093b (IOCTL_KGSL_PERFCOUNTER_READ) failed: errno 1 Operation not permitted
02-09 08:17:29.417  5945  5945 W Adreno-GSL: <gsl_ldd_control:553>: ioctl fd 7 code 0xc018093b (IOCTL_KGSL_PERFCOUNTER_READ) failed: errno 1 Operation not permitted
02-09 08:17:29.417  1668  1668 I SurfaceFlinger: destroyed WindowToken{cb832cd type=2227 android.os.BinderProxy@3eae064}#26317 form LifecycleManager
02-09 08:17:29.417  1668  1668 I SurfaceFlinger: destroyed EdgeLightingWindow$_8677#26319 form LifecycleManager
02-09 08:17:29.417  1668  1668 I SurfaceFlinger: destroyed 1764782 EdgeLightingWindow#26318 form LifecycleManager
02-09 08:17:29.418  1668  1668 I SurfaceFlinger: id=26317 onLayerDestroyed from LayerHierarchyBuilder(RequestedLayerState{WindowToken{cb832cd type=2227 android.os.BinderProxy@3eae064}#26317 !handle z=1})
02-09 08:17:29.418  1668  1668 I SurfaceFlinger: id=26319 onLayerDestroyed from LayerHierarchyBuilder(RequestedLayerState{EdgeLightingWindow$_8677#26319 !handle})
02-09 08:17:29.418  1668  1668 I SurfaceFlinger: id=26318 onLayerDestroyed from LayerHierarchyBuilder(RequestedLayerState{1764782 EdgeLightingWindow#26318 !handle})
02-09 08:17:29.418  5945  5945 W Adreno-GSL: <gsl_ldd_control:553>: ioctl fd 7 code 0xc018093b (IOCTL_KGSL_PERFCOUNTER_READ) failed: errno 1 Operation not permitted
02-09 08:17:29.419  1668  1668 I Layer   : id=26317 Destroyed WindowToken{cb832cd type=2227 android.os.BinderProxy@3eae064}#26317
02-09 08:17:29.419  1668  1668 I Layer   : id=26319 Destroyed EdgeLightingWindow$_8677#26319
02-09 08:17:29.419  1668  1668 I Layer   : id=26318 Destroyed 1764782 EdgeLightingWindow#26318
02-09 08:17:29.419  5945  5945 W Adreno-GSL: <gsl_ldd_control:553>: ioctl fd 7 code 0xc018093b (IOCTL_KGSL_PERFCOUNTER_READ) failed: errno 1 Operation not permitted
02-09 08:17:29.420  1668  1668 D CompositionEngine: Layer: com.xreal.nativear/com.xreal.nativear.MainActivity$_30188#26299 had an out of bounds transparent region
02-09 08:17:29.420  1668  1668 D Region  :   Region transparentRegionHint (this=0xb40000736c0d4910, count=1)
02-09 08:17:29.420  1668  1668 D Region  :     [  0, -234, 1440,   0]
02-09 08:17:29.420  1668  1668 D CompositionEngine: Layer: com.xreal.nativear/com.xreal.nativear.MainActivity$_30188#26299 had an out of bounds transparent region
02-09 08:17:29.420  1668  1668 D Region  :   Region transparentRegionHint (this=0xb40000736c073b70, count=1)
02-09 08:17:29.420  1668  1668 D Region  :     [  0, -234, 1440,   0]
02-09 08:17:29.421  5945  5945 W Adreno-GSL: <gsl_ldd_control:553>: ioctl fd 7 code 0xc018093b (IOCTL_KGSL_PERFCOUNTER_READ) failed: errno 1 Operation not permitted
02-09 08:17:29.423  5945  5945 W Adreno-GSL: <gsl_ldd_control:553>: ioctl fd 7 code 0xc018093b (IOCTL_KGSL_PERFCOUNTER_READ) failed: errno 1 Operation not permitted
02-09 08:17:29.424  5945  5945 W Adreno-GSL: <gsl_ldd_control:553>: ioctl fd 7 code 0xc018093b (IOCTL_KGSL_PERFCOUNTER_READ) failed: errno 1 Operation not permitted
02-09 08:17:29.425  5945  5945 W Adreno-GSL: <gsl_ldd_control:553>: ioctl fd 7 code 0xc018093b (IOCTL_KGSL_PERFCOUNTER_READ) failed: errno 1 Operation not permitted
02-09 08:17:29.427  5945  5945 W Adreno-GSL: <gsl_ldd_control:553>: ioctl fd 7 code 0xc018093b (IOCTL_KGSL_PERFCOUNTER_READ) failed: errno 1 Operation not permitted
02-09 08:17:29.428  5945  5945 W Adreno-GSL: <gsl_ldd_control:553>: ioctl fd 7 code 0xc018093b (IOCTL_KGSL_PERFCOUNTER_READ) failed: errno 1 Operation not permitted
02-09 08:17:29.429  5945  5945 W Adreno-GSL: <gsl_ldd_control:553>: ioctl fd 7 code 0xc018093b (IOCTL_KGSL_PERFCOUNTER_READ) failed: errno 1 Operation not permitted
02-09 08:17:29.430  5945  5945 W Adreno-GSL: <gsl_ldd_control:553>: ioctl fd 7 code 0xc018093b (IOCTL_KGSL_PERFCOUNTER_READ) failed: errno 1 Operation not permitted
02-09 08:17:29.430  1668  1852 W SurfaceFlinger: onComposerHalVsync: HWVsync for 4626964470317753604, ActiveDisplay 4630946213010294403
02-09 08:17:29.432  5945  5945 W Adreno-GSL: <gsl_ldd_control:553>: ioctl fd 7 code 0xc018093b (IOCTL_KGSL_PERFCOUNTER_READ) failed: errno 1 Operation not permitted
02-09 08:17:29.433  1612  3036 W CHIUSECASE: [WARN   ] chifeature2realtime.cpp:1808 PopulateSensorModeOnMetadataResult() FRO-URO:339_RealtimeFG:RealTime_0 Couldn't translate result metadata to initial crop values.pMetadata = 0xb4000073c134f1f0, pInSensorZoomInfo = 0x0, m_pRoiTranslator = 0x0, pCameraInfo = 0x730f050eb8
02-09 08:17:29.433  5945  5945 W Adreno-GSL: <gsl_ldd_control:553>: ioctl fd 7 code 0xc018093b (IOCTL_KGSL_PERFCOUNTER_READ) failed: errno 1 Operation not permitted
02-09 08:17:29.434  1551 30567 I HYPER-HAL: [RequestManager.cpp]releaseLocked(): Released ID : 3561446
02-09 08:17:29.435  5945  5945 W Adreno-GSL: <gsl_ldd_control:553>: ioctl fd 7 code 0xc018093b (IOCTL_KGSL_PERFCOUNTER_READ) failed: errno 1 Operation not permitted
02-09 08:17:29.435  1612  3036 W CHIUSECASE: [WARN   ] chifeature2graph.cpp:3743 ProcessResultMetadataMessage() pOutputLinkData->linkState in unexpected state: 1; expected OutputPending
02-09 08:17:29.435  1612  3036 W CHIUSECASE: [WARN   ] chifeature2graph.cpp:3743 ProcessResultMetadataMessage() pOutputLinkData->linkState in unexpected state: 1; expected OutputPending
02-09 08:17:29.436  5945  5945 W Adreno-GSL: <gsl_ldd_control:553>: ioctl fd 7 code 0xc018093b (IOCTL_KGSL_PERFCOUNTER_READ) failed: errno 1 Operation not permitted
02-09 08:17:29.437  5945  5945 W Adreno-GSL: <gsl_ldd_control:553>: ioctl fd 7 code 0xc018093b (IOCTL_KGSL_PERFCOUNTER_READ) failed: errno 1 Operation not permitted
02-09 08:17:29.439  5945  5945 W Adreno-GSL: <gsl_ldd_control:553>: ioctl fd 7 code 0xc018093b (IOCTL_KGSL_PERFCOUNTER_READ) failed: errno 1 Operation not permitted
02-09 08:17:29.440  5945  5945 W Adreno-GSL: <gsl_ldd_control:553>: ioctl fd 7 code 0xc018093b (IOCTL_KGSL_PERFCOUNTER_READ) failed: errno 1 Operation not permitted
02-09 08:17:29.441  5945  5945 W Adreno-GSL: <gsl_ldd_control:553>: ioctl fd 7 code 0xc018093b (IOCTL_KGSL_PERFCOUNTER_READ) failed: errno 1 Operation not permitted
02-09 08:17:29.441  1612  3110 W CHIUSECASE: [WARN   ] chifeature2usecaserequestobject.cpp:482 Initialize() pUsecaseSettings is NULL!!
02-09 08:17:29.443  5945  5945 W Adreno-GSL: <gsl_ldd_control:553>: ioctl fd 7 code 0xc018093b (IOCTL_KGSL_PERFCOUNTER_READ) failed: errno 1 Operation not permitted
02-09 08:17:29.444  5945  5945 W Adreno-GSL: <gsl_ldd_control:553>: ioctl fd 7 code 0xc018093b (IOCTL_KGSL_PERFCOUNTER_READ) failed: errno 1 Operation not permitted
02-09 08:17:29.445  5945  5945 W Adreno-GSL: <gsl_ldd_control:553>: ioctl fd 7 code 0xc018093b (IOCTL_KGSL_PERFCOUNTER_READ) failed: errno 1 Operation not permitted
02-09 08:17:29.447  1612 30458 I snap_api::V4: AIAwbModel_v1.3.tflite:Session Execute time taken : 3.953 ms
02-09 08:17:29.447  5945  5945 W Adreno-GSL: <gsl_ldd_control:553>: ioctl fd 7 code 0xc018093b (IOCTL_KGSL_PERFCOUNTER_READ) failed: errno 1 Operation not permitted
02-09 08:17:29.447  1668  1852 W SurfaceFlinger: onComposerHalVsync: HWVsync for 4626964470317753604, ActiveDisplay 4630946213010294403
02-09 08:17:29.448  5945  5945 W Adreno-GSL: <gsl_ldd_control:553>: ioctl fd 7 code 0xc018093b (IOCTL_KGSL_PERFCOUNTER_READ) failed: errno 1 Operation not permitted
02-09 08:17:29.449  5945  5945 W Adreno-GSL: <gsl_ldd_control:553>: ioctl fd 7 code 0xc018093b (IOCTL_KGSL_PERFCOUNTER_READ) failed: errno 1 Operation not permitted
02-09 08:17:29.451  5945  5945 W Adreno-GSL: <gsl_ldd_control:553>: ioctl fd 7 code 0xc018093b (IOCTL_KGSL_PERFCOUNTER_READ) failed: errno 1 Operation not permitted
02-09 08:17:29.452  5945  5945 W Adreno-GSL: <gsl_ldd_control:553>: ioctl fd 7 code 0xc018093b (IOCTL_KGSL_PERFCOUNTER_READ) failed: errno 1 Operation not permitted
02-09 08:17:29.453  5945  5945 W Adreno-GSL: <gsl_ldd_control:553>: ioctl fd 7 code 0xc018093b (IOCTL_KGSL_PERFCOUNTER_READ) failed: errno 1 Operation not permitted
02-09 08:17:29.454  5945  5945 W Adreno-GSL: <gsl_ldd_control:553>: ioctl fd 7 code 0xc018093b (IOCTL_KGSL_PERFCOUNTER_READ) failed: errno 1 Operation not permitted
02-09 08:17:29.456  5945  5945 W Adreno-GSL: <gsl_ldd_control:553>: ioctl fd 7 code 0xc018093b (IOCTL_KGSL_PERFCOUNTER_READ) failed: errno 1 Operation not permitted
02-09 08:17:29.457  5945  5945 W Adreno-GSL: <gsl_ldd_control:553>: ioctl fd 7 code 0xc018093b (IOCTL_KGSL_PERFCOUNTER_READ) failed: errno 1 Operation not permitted
02-09 08:17:29.459  5945  5945 W Adreno-GSL: <gsl_ldd_control:553>: ioctl fd 7 code 0xc018093b (IOCTL_KGSL_PERFCOUNTER_READ) failed: errno 1 Operation not permitted
02-09 08:17:29.460  5945  5945 W Adreno-GSL: <gsl_ldd_control:553>: ioctl fd 7 code 0xc018093b (IOCTL_KGSL_PERFCOUNTER_READ) failed: errno 1 Operation not permitted
02-09 08:17:29.461  5945  5945 W Adreno-GSL: <gsl_ldd_control:553>: ioctl fd 7 code 0xc018093b (IOCTL_KGSL_PERFCOUNTER_READ) failed: errno 1 Operation not permitted
02-09 08:17:29.461  1612  3033 W CHIUSECASE: [WARN   ] chifeature2realtime.cpp:1808 PopulateSensorModeOnMetadataResult() FRO-URO:340_RealtimeFG:RealTime_0 Couldn't translate result metadata to initial crop values.pMetadata = 0xb4000073c1362430, pInSensorZoomInfo = 0x0, m_pRoiTranslator = 0x0, pCameraInfo = 0x730f050eb8
02-09 08:17:29.463  5945  5945 W Adreno-GSL: <gsl_ldd_control:553>: ioctl fd 7 code 0xc018093b (IOCTL_KGSL_PERFCOUNTER_READ) failed: errno 1 Operation not permitted
02-09 08:17:29.463  1612  3033 W CHIUSECASE: [WARN   ] chifeature2graph.cpp:3743 ProcessResultMetadataMessage() pOutputLinkData->linkState in unexpected state: 1; expected OutputPending
02-09 08:17:29.463  1612  3033 W CHIUSECASE: [WARN   ] chifeature2graph.cpp:3743 ProcessResultMetadataMessage() pOutputLinkData->linkState in unexpected state: 1; expected OutputPending
02-09 08:17:29.464  1668  1852 W SurfaceFlinger: onComposerHalVsync: HWVsync for 4626964470317753604, ActiveDisplay 4630946213010294403
02-09 08:17:29.464  5945  5945 W Adreno-GSL: <gsl_ldd_control:553>: ioctl fd 7 code 0xc018093b (IOCTL_KGSL_PERFCOUNTER_READ) failed: errno 1 Operation not permitted
02-09 08:17:29.465  5945  5945 W Adreno-GSL: <gsl_ldd_control:553>: ioctl fd 7 code 0xc018093b (IOCTL_KGSL_PERFCOUNTER_READ) failed: errno 1 Operation not permitted
02-09 08:17:29.467  5945  5945 W Adreno-GSL: <gsl_ldd_control:553>: ioctl fd 7 code 0xc018093b (IOCTL_KGSL_PERFCOUNTER_READ) failed: errno 1 Operation not permitted
02-09 08:17:29.468  5945  5945 W Adreno-GSL: <gsl_ldd_control:553>: ioctl fd 7 code 0xc018093b (IOCTL_KGSL_PERFCOUNTER_READ) failed: errno 1 Operation not permitted
02-09 08:17:29.470  5945  5945 W Adreno-GSL: <gsl_ldd_control:553>: ioctl fd 7 code 0xc018093b (IOCTL_KGSL_PERFCOUNTER_READ) failed: errno 1 Operation not permitted
02-09 08:17:29.470  1612  1612 W CHIUSECASE: [WARN   ] chifeature2usecaserequestobject.cpp:482 Initialize() pUsecaseSettings is NULL!!
02-09 08:17:29.471  5945  5945 W Adreno-GSL: <gsl_ldd_control:553>: ioctl fd 7 code 0xc018093b (IOCTL_KGSL_PERFCOUNTER_READ) failed: errno 1 Operation not permitted
02-09 08:17:29.472  5945  5945 W Adreno-GSL: <gsl_ldd_control:553>: ioctl fd 7 code 0xc018093b (IOCTL_KGSL_PERFCOUNTER_READ) failed: errno 1 Operation not permitted
02-09 08:17:29.474  5945  5945 W Adreno-GSL: <gsl_ldd_control:553>: ioctl fd 7 code 0xc018093b (IOCTL_KGSL_PERFCOUNTER_READ) failed: errno 1 Operation not permitted
02-09 08:17:29.476  5945  5945 W Adreno-GSL: <gsl_ldd_control:553>: ioctl fd 7 code 0xc018093b (IOCTL_KGSL_PERFCOUNTER_READ) failed: errno 1 Operation not permitted
02-09 08:17:29.477  5945  5945 W Adreno-GSL: <gsl_ldd_control:553>: ioctl fd 7 code 0xc018093b (IOCTL_KGSL_PERFCOUNTER_READ) failed: errno 1 Operation not permitted
02-09 08:17:29.479  5945  5945 W Adreno-GSL: <gsl_ldd_control:553>: ioctl fd 7 code 0xc018093b (IOCTL_KGSL_PERFCOUNTER_READ) failed: errno 1 Operation not permitted
02-09 08:17:29.480  5945  5945 W Adreno-GSL: <gsl_ldd_control:553>: ioctl fd 7 code 0xc018093b (IOCTL_KGSL_PERFCOUNTER_READ) failed: errno 1 Operation not permitted
02-09 08:17:29.481  1668  1852 W SurfaceFlinger: onComposerHalVsync: HWVsync for 4626964470317753604, ActiveDisplay 4630946213010294403
02-09 08:17:29.481  5945  5945 W Adreno-GSL: <gsl_ldd_control:553>: ioctl fd 7 code 0xc018093b (IOCTL_KGSL_PERFCOUNTER_READ) failed: errno 1 Operation not permitted
02-09 08:17:29.483  5945  5945 W Adreno-GSL: <gsl_ldd_control:553>: ioctl fd 7 code 0xc018093b (IOCTL_KGSL_PERFCOUNTER_READ) failed: errno 1 Operation not permitted
02-09 08:17:29.484  5894  5894 E gpustat : dataReady_ == false
02-09 08:17:29.486  5945  5945 W Adreno-GSL: <gsl_ldd_control:553>: ioctl fd 7 code 0xc018093b (IOCTL_KGSL_PERFCOUNTER_READ) failed: errno 1 Operation not permitted
02-09 08:17:29.487  5945  5945 W Adreno-GSL: <gsl_ldd_control:553>: ioctl fd 7 code 0xc018093b (IOCTL_KGSL_PERFCOUNTER_READ) failed: errno 1 Operation not permitted
02-09 08:17:29.489  5945  5945 W Adreno-GSL: <gsl_ldd_control:553>: ioctl fd 7 code 0xc018093b (IOCTL_KGSL_PERFCOUNTER_READ) failed: errno 1 Operation not permitted
02-09 08:17:29.491  5945  5945 W Adreno-GSL: <gsl_ldd_control:553>: ioctl fd 7 code 0xc018093b (IOCTL_KGSL_PERFCOUNTER_READ) failed: errno 1 Operation not permitted
02-09 08:17:29.493  5945  5945 W Adreno-GSL: <gsl_ldd_control:553>: ioctl fd 7 code 0xc018093b (IOCTL_KGSL_PERFCOUNTER_READ) failed: errno 1 Operation not permitted
02-09 08:17:29.494  5945  5945 W Adreno-GSL: <gsl_ldd_control:553>: ioctl fd 7 code 0xc018093b (IOCTL_KGSL_PERFCOUNTER_READ) failed: errno 1 Operation not permitted
02-09 08:17:29.496  5945  5945 W Adreno-GSL: <gsl_ldd_control:553>: ioctl fd 7 code 0xc018093b (IOCTL_KGSL_PERFCOUNTER_READ) failed: errno 1 Operation not permitted
02-09 08:17:29.497  5945  5945 W Adreno-GSL: <gsl_ldd_control:553>: ioctl fd 7 code 0xc018093b (IOCTL_KGSL_PERFCOUNTER_READ) failed: errno 1 Operation not permitted
02-09 08:17:29.497  1668  1852 W SurfaceFlinger: onComposerHalVsync: HWVsync for 4626964470317753604, ActiveDisplay 4630946213010294403
02-09 08:17:29.499  5945  5945 W Adreno-GSL: <gsl_ldd_control:553>: ioctl fd 7 code 0xc018093b (IOCTL_KGSL_PERFCOUNTER_READ) failed: errno 1 Operation not permitted
02-09 08:17:29.500  5945  5945 W Adreno-GSL: <gsl_ldd_control:553>: ioctl fd 7 code 0xc018093b (IOCTL_KGSL_PERFCOUNTER_READ) failed: errno 1 Operation not permitted
02-09 08:17:29.501  1612  3033 W CHIUSECASE: [WARN   ] chifeature2realtime.cpp:1808 PopulateSensorModeOnMetadataResult() FRO-URO:341_RealtimeFG:RealTime_0 Couldn't translate result metadata to initial crop values.pMetadata = 0xb4000073c134d5d0, pInSensorZoomInfo = 0x0, m_pRoiTranslator = 0x0, pCameraInfo = 0x730f050eb8
02-09 08:17:29.502  5945  5945 W Adreno-GSL: <gsl_ldd_control:553>: ioctl fd 7 code 0xc018093b (IOCTL_KGSL_PERFCOUNTER_READ) failed: errno 1 Operation not permitted
02-09 08:17:29.503  1612  3033 W CHIUSECASE: [WARN   ] chifeature2graph.cpp:3743 ProcessResultMetadataMessage() pOutputLinkData->linkState in unexpected state: 1; expected OutputPending
02-09 08:17:29.503  1612  3033 W CHIUSECASE: [WARN   ] chifeature2graph.cpp:3743 ProcessResultMetadataMessage() pOutputLinkData->linkState in unexpected state: 1; expected OutputPending
02-09 08:17:29.504  5945  5945 W Adreno-GSL: <gsl_ldd_control:553>: ioctl fd 7 code 0xc018093b (IOCTL_KGSL_PERFCOUNTER_READ) failed: errno 1 Operation not permitted
02-09 08:17:29.505  5945  5945 W Adreno-GSL: <gsl_ldd_control:553>: ioctl fd 7 code 0xc018093b (IOCTL_KGSL_PERFCOUNTER_READ) failed: errno 1 Operation not permitted
02-09 08:17:29.507  5945  5945 W Adreno-GSL: <gsl_ldd_control:553>: ioctl fd 7 code 0xc018093b (IOCTL_KGSL_PERFCOUNTER_READ) failed: errno 1 Operation not permitted
02-09 08:17:29.508  5945  5945 W Adreno-GSL: <gsl_ldd_control:553>: ioctl fd 7 code 0xc018093b (IOCTL_KGSL_PERFCOUNTER_READ) failed: errno 1 Operation not permitted
02-09 08:17:29.510  5945  5945 W Adreno-GSL: <gsl_ldd_control:553>: ioctl fd 7 code 0xc018093b (IOCTL_KGSL_PERFCOUNTER_READ) failed: errno 1 Operation not permitted
02-09 08:17:29.510  1612  3110 W CHIUSECASE: [WARN   ] chifeature2usecaserequestobject.cpp:482 Initialize() pUsecaseSettings is NULL!!
02-09 08:17:29.511  5945  5945 W Adreno-GSL: <gsl_ldd_control:553>: ioctl fd 7 code 0xc018093b (IOCTL_KGSL_PERFCOUNTER_READ) failed: errno 1 Operation not permitted
02-09 08:17:29.513  5945  5945 W Adreno-GSL: <gsl_ldd_control:553>: ioctl fd 7 code 0xc018093b (IOCTL_KGSL_PERFCOUNTER_READ) failed: errno 1 Operation not permitted
02-09 08:17:29.514  1668  1852 W SurfaceFlinger: onComposerHalVsync: HWVsync for 4626964470317753604, ActiveDisplay 4630946213010294403
02-09 08:17:29.515  5945  5945 W Adreno-GSL: <gsl_ldd_control:553>: ioctl fd 7 code 0xc018093b (IOCTL_KGSL_PERFCOUNTER_READ) failed: errno 1 Operation not permitted
02-09 08:17:29.517  5945  5945 W Adreno-GSL: <gsl_ldd_control:553>: ioctl fd 7 code 0xc018093b (IOCTL_KGSL_PERFCOUNTER_READ) failed: errno 1 Operation not permitted
02-09 08:17:29.520  5945  5945 W Adreno-GSL: <gsl_ldd_control:553>: ioctl fd 7 code 0xc018093b (IOCTL_KGSL_PERFCOUNTER_READ) failed: errno 1 Operation not permitted
02-09 08:17:29.523  5945  5945 W Adreno-GSL: <gsl_ldd_control:553>: ioctl fd 7 code 0xc018093b (IOCTL_KGSL_PERFCOUNTER_READ) failed: errno 1 Operation not permitted
02-09 08:17:29.525  5945  5945 W Adreno-GSL: <gsl_ldd_control:553>: ioctl fd 7 code 0xc018093b (IOCTL_KGSL_PERFCOUNTER_READ) failed: errno 1 Operation not permitted
02-09 08:17:29.526  5945  5945 W Adreno-GSL: <gsl_ldd_control:553>: ioctl fd 7 code 0xc018093b (IOCTL_KGSL_PERFCOUNTER_READ) failed: errno 1 Operation not permitted
02-09 08:17:29.528  5945  5945 W Adreno-GSL: <gsl_ldd_control:553>: ioctl fd 7 code 0xc018093b (IOCTL_KGSL_PERFCOUNTER_READ) failed: errno 1 Operation not permitted
02-09 08:17:29.529  5945  5945 W Adreno-GSL: <gsl_ldd_control:553>: ioctl fd 7 code 0xc018093b (IOCTL_KGSL_PERFCOUNTER_READ) failed: errno 1 Operation not permitted
02-09 08:17:29.530  5945  5945 W Adreno-GSL: <gsl_ldd_control:553>: ioctl fd 7 code 0xc018093b (IOCTL_KGSL_PERFCOUNTER_READ) failed: errno 1 Operation not permitted
02-09 08:17:29.531  1668  1852 W SurfaceFlinger: onComposerHalVsync: HWVsync for 4626964470317753604, ActiveDisplay 4630946213010294403
02-09 08:17:29.532  5945  5945 W Adreno-GSL: <gsl_ldd_control:553>: ioctl fd 7 code 0xc018093b (IOCTL_KGSL_PERFCOUNTER_READ) failed: errno 1 Operation not permitted
02-09 08:17:29.533  5945  5945 W Adreno-GSL: <gsl_ldd_control:553>: ioctl fd 7 code 0xc018093b (IOCTL_KGSL_PERFCOUNTER_READ) failed: errno 1 Operation not permitted
02-09 08:17:29.535  5945  5945 W Adreno-GSL: <gsl_ldd_control:553>: ioctl fd 7 code 0xc018093b (IOCTL_KGSL_PERFCOUNTER_READ) failed: errno 1 Operation not permitted
02-09 08:17:29.536  5945  5945 W Adreno-GSL: <gsl_ldd_control:553>: ioctl fd 7 code 0xc018093b (IOCTL_KGSL_PERFCOUNTER_READ) failed: errno 1 Operation not permitted
02-09 08:17:29.537  1612  3032 W CHIUSECASE: [WARN   ] chifeature2realtime.cpp:1808 PopulateSensorModeOnMetadataResult() FRO-URO:342_RealtimeFG:RealTime_0 Couldn't translate result metadata to initial crop values.pMetadata = 0xb4000073c13ea650, pInSensorZoomInfo = 0x0, m_pRoiTranslator = 0x0, pCameraInfo = 0x730f050eb8
02-09 08:17:29.538  5945  5945 W Adreno-GSL: <gsl_ldd_control:553>: ioctl fd 7 code 0xc018093b (IOCTL_KGSL_PERFCOUNTER_READ) failed: errno 1 Operation not permitted
02-09 08:17:29.539  1612  3032 W CHIUSECASE: [WARN   ] chifeature2graph.cpp:3743 ProcessResultMetadataMessage() pOutputLinkData->linkState in unexpected state: 1; expected OutputPending
02-09 08:17:29.539  1612  3032 W CHIUSECASE: [WARN   ] chifeature2graph.cpp:3743 ProcessResultMetadataMessage() pOutputLinkData->linkState in unexpected state: 1; expected OutputPending
02-09 08:17:29.539  5945  5945 W Adreno-GSL: <gsl_ldd_control:553>: ioctl fd 7 code 0xc018093b (IOCTL_KGSL_PERFCOUNTER_READ) failed: errno 1 Operation not permitted
02-09 08:17:29.541  5945  5945 W Adreno-GSL: <gsl_ldd_control:553>: ioctl fd 7 code 0xc018093b (IOCTL_KGSL_PERFCOUNTER_READ) failed: errno 1 Operation not permitted
02-09 08:17:29.542  5945  5945 W Adreno-GSL: <gsl_ldd_control:553>: ioctl fd 7 code 0xc018093b (IOCTL_KGSL_PERFCOUNTER_READ) failed: errno 1 Operation not permitted
02-09 08:17:29.543  5945  5945 W Adreno-GSL: <gsl_ldd_control:553>: ioctl fd 7 code 0xc018093b (IOCTL_KGSL_PERFCOUNTER_READ) failed: errno 1 Operation not permitted
02-09 08:17:29.545  5945  5945 W Adreno-GSL: <gsl_ldd_control:553>: ioctl fd 7 code 0xc018093b (IOCTL_KGSL_PERFCOUNTER_READ) failed: errno 1 Operation not permitted
02-09 08:17:29.546  5945  5945 W Adreno-GSL: <gsl_ldd_control:553>: ioctl fd 7 code 0xc018093b (IOCTL_KGSL_PERFCOUNTER_READ) failed: errno 1 Operation not permitted
02-09 08:17:29.547  1612  3109 W CHIUSECASE: [WARN   ] chifeature2usecaserequestobject.cpp:482 Initialize() pUsecaseSettings is NULL!!
02-09 08:17:29.547  1668  1852 W SurfaceFlinger: onComposerHalVsync: HWVsync for 4626964470317753604, ActiveDisplay 4630946213010294403
02-09 08:17:29.548  5945  5945 W Adreno-GSL: <gsl_ldd_control:553>: ioctl fd 7 code 0xc018093b (IOCTL_KGSL_PERFCOUNTER_READ) failed: errno 1 Operation not permitted
02-09 08:17:29.549  5945  5945 W Adreno-GSL: <gsl_ldd_control:553>: ioctl fd 7 code 0xc018093b (IOCTL_KGSL_PERFCOUNTER_READ) failed: errno 1 Operation not permitted
02-09 08:17:29.550  5945  5945 W Adreno-GSL: <gsl_ldd_control:553>: ioctl fd 7 code 0xc018093b (IOCTL_KGSL_PERFCOUNTER_READ) failed: errno 1 Operation not permitted
02-09 08:17:29.552  5945  5945 W Adreno-GSL: <gsl_ldd_control:553>: ioctl fd 7 code 0xc018093b (IOCTL_KGSL_PERFCOUNTER_READ) failed: errno 1 Operation not permitted
02-09 08:17:29.553  5945  5945 W Adreno-GSL: <gsl_ldd_control:553>: ioctl fd 7 code 0xc018093b (IOCTL_KGSL_PERFCOUNTER_READ) failed: errno 1 Operation not permitted
02-09 08:17:29.554  5945  5945 W Adreno-GSL: <gsl_ldd_control:553>: ioctl fd 7 code 0xc018093b (IOCTL_KGSL_PERFCOUNTER_READ) failed: errno 1 Operation not permitted
02-09 08:17:29.556  5945  5945 W Adreno-GSL: <gsl_ldd_control:553>: ioctl fd 7 code 0xc018093b (IOCTL_KGSL_PERFCOUNTER_READ) failed: errno 1 Operation not permitted
02-09 08:17:29.557  5945  5945 W Adreno-GSL: <gsl_ldd_control:553>: ioctl fd 7 code 0xc018093b (IOCTL_KGSL_PERFCOUNTER_READ) failed: errno 1 Operation not permitted
02-09 08:17:29.558  5945  5945 W Adreno-GSL: <gsl_ldd_control:553>: ioctl fd 7 code 0xc018093b (IOCTL_KGSL_PERFCOUNTER_READ) failed: errno 1 Operation not permitted
02-09 08:17:29.560  5945  5945 W Adreno-GSL: <gsl_ldd_control:553>: ioctl fd 7 code 0xc018093b (IOCTL_KGSL_PERFCOUNTER_READ) failed: errno 1 Operation not permitted
02-09 08:17:29.561  5945  5945 W Adreno-GSL: <gsl_ldd_control:553>: ioctl fd 7 code 0xc018093b (IOCTL_KGSL_PERFCOUNTER_READ) failed: errno 1 Operation not permitted
02-09 08:17:29.562  5945  5945 W Adreno-GSL: <gsl_ldd_control:553>: ioctl fd 7 code 0xc018093b (IOCTL_KGSL_PERFCOUNTER_READ) failed: errno 1 Operation not permitted
02-09 08:17:29.563  5945  5945 W Adreno-GSL: <gsl_ldd_control:553>: ioctl fd 7 code 0xc018093b (IOCTL_KGSL_PERFCOUNTER_READ) failed: errno 1 Operation not permitted
02-09 08:17:29.564  1668  1852 W SurfaceFlinger: onComposerHalVsync: HWVsync for 4626964470317753604, ActiveDisplay 4630946213010294403
02-09 08:17:29.565  5945  5945 W Adreno-GSL: <gsl_ldd_control:553>: ioctl fd 7 code 0xc018093b (IOCTL_KGSL_PERFCOUNTER_READ) failed: errno 1 Operation not permitted
02-09 08:17:29.566  1612  3037 W CHIUSECASE: [WARN   ] chifeature2realtime.cpp:1808 PopulateSensorModeOnMetadataResult() FRO-URO:343_RealtimeFG:RealTime_0 Couldn't translate result metadata to initial crop values.pMetadata = 0xb4000073c1446630, pInSensorZoomInfo = 0x0, m_pRoiTranslator = 0x0, pCameraInfo = 0x730f050eb8
02-09 08:17:29.566  5945  5945 W Adreno-GSL: <gsl_ldd_control:553>: ioctl fd 7 code 0xc018093b (IOCTL_KGSL_PERFCOUNTER_READ) failed: errno 1 Operation not permitted
02-09 08:17:29.568  1612  3037 W CHIUSECASE: [WARN   ] chifeature2graph.cpp:3743 ProcessResultMetadataMessage() pOutputLinkData->linkState in unexpected state: 1; expected OutputPending
02-09 08:17:29.568  1612  3037 W CHIUSECASE: [WARN   ] chifeature2graph.cpp:3743 ProcessResultMetadataMessage() pOutputLinkData->linkState in unexpected state: 1; expected OutputPending
02-09 08:17:29.568  5945  5945 W Adreno-GSL: <gsl_ldd_control:553>: ioctl fd 7 code 0xc018093b (IOCTL_KGSL_PERFCOUNTER_READ) failed: errno 1 Operation not permitted
02-09 08:17:29.570  5945  5945 W Adreno-GSL: <gsl_ldd_control:553>: ioctl fd 7 code 0xc018093b (IOCTL_KGSL_PERFCOUNTER_READ) failed: errno 1 Operation not permitted
02-09 08:17:29.571  5945  5945 W Adreno-GSL: <gsl_ldd_control:553>: ioctl fd 7 code 0xc018093b (IOCTL_KGSL_PERFCOUNTER_READ) failed: errno 1 Operation not permitted
02-09 08:17:29.573  5945  5945 W Adreno-GSL: <gsl_ldd_control:553>: ioctl fd 7 code 0xc018093b (IOCTL_KGSL_PERFCOUNTER_READ) failed: errno 1 Operation not permitted
02-09 08:17:29.574  5945  5945 W Adreno-GSL: <gsl_ldd_control:553>: ioctl fd 7 code 0xc018093b (IOCTL_KGSL_PERFCOUNTER_READ) failed: errno 1 Operation not permitted
02-09 08:17:29.577  1612  3110 W CHIUSECASE: [WARN   ] chifeature2usecaserequestobject.cpp:482 Initialize() pUsecaseSettings is NULL!!
02-09 08:17:29.577  5945  5945 W Adreno-GSL: <gsl_ldd_control:553>: ioctl fd 7 code 0xc018093b (IOCTL_KGSL_PERFCOUNTER_READ) failed: errno 1 Operation not permitted
02-09 08:17:29.579  5945  5945 W Adreno-GSL: <gsl_ldd_control:553>: ioctl fd 7 code 0xc018093b (IOCTL_KGSL_PERFCOUNTER_READ) failed: errno 1 Operation not permitted
02-09 08:17:29.580  5945  5945 W Adreno-GSL: <gsl_ldd_control:553>: ioctl fd 7 code 0xc018093b (IOCTL_KGSL_PERFCOUNTER_READ) failed: errno 1 Operation not permitted
02-09 08:17:29.581  1668  1852 W SurfaceFlinger: onComposerHalVsync: HWVsync for 4626964470317753604, ActiveDisplay 4630946213010294403
02-09 08:17:29.582  5945  5945 W Adreno-GSL: <gsl_ldd_control:553>: ioctl fd 7 code 0xc018093b (IOCTL_KGSL_PERFCOUNTER_READ) failed: errno 1 Operation not permitted
02-09 08:17:29.583  1156  1156 D io_stats: !@   8,0 r 3028871 70150671 w 2017725 225879560 d 678915 396075744 f 0 195164 iot 2800260 0 th 0 0 0 pt 0 inp 0 0 127223.617
02-09 08:17:29.583  1156  1156 D io_stats: !@ Read_top(KB): system_server(1979) 40 sung.android.ce(21360) 8
02-09 08:17:29.583  1156  1156 D io_stats: !@ Write_top(KB): system_server(1979) 600 f2fs_ckpt-254:5(1233) 88 martsuggestions(30900) 68
02-09 08:17:29.583  5945  5945 W Adreno-GSL: <gsl_ldd_control:553>: ioctl fd 7 code 0xc018093b (IOCTL_KGSL_PERFCOUNTER_READ) failed: errno 1 Operation not permitted
02-09 08:17:29.583  1612 30458 I snap_api::V4: AIAwbModel_v1.3.tflite:Session Execute time taken : 6.740 ms
02-09 08:17:29.585  5945  5945 W Adreno-GSL: <gsl_ldd_control:553>: ioctl fd 7 code 0xc018093b (IOCTL_KGSL_PERFCOUNTER_READ) failed: errno 1 Operation not permitted
02-09 08:17:29.586  5945  5945 W Adreno-GSL: <gsl_ldd_control:553>: ioctl fd 7 code 0xc018093b (IOCTL_KGSL_PERFCOUNTER_READ) failed: errno 1 Operation not permitted
02-09 08:17:29.588  5945  5945 W Adreno-GSL: <gsl_ldd_control:553>: ioctl fd 7 code 0xc018093b (IOCTL_KGSL_PERFCOUNTER_READ) failed: errno 1 Operation not permitted
02-09 08:17:29.589  5945  5945 W Adreno-GSL: <gsl_ldd_control:553>: ioctl fd 7 code 0xc018093b (IOCTL_KGSL_PERFCOUNTER_READ) failed: errno 1 Operation not permitted
02-09 08:17:29.591  5945  5945 W Adreno-GSL: <gsl_ldd_control:553>: ioctl fd 7 code 0xc018093b (IOCTL_KGSL_PERFCOUNTER_READ) failed: errno 1 Operation not permitted
02-09 08:17:29.592  5945  5945 W Adreno-GSL: <gsl_ldd_control:553>: ioctl fd 7 code 0xc018093b (IOCTL_KGSL_PERFCOUNTER_READ) failed: errno 1 Operation not permitted
02-09 08:17:29.594  5945  5945 W Adreno-GSL: <gsl_ldd_control:553>: ioctl fd 7 code 0xc018093b (IOCTL_KGSL_PERFCOUNTER_READ) failed: errno 1 Operation not permitted
02-09 08:17:29.595  5945  5945 W Adreno-GSL: <gsl_ldd_control:553>: ioctl fd 7 code 0xc018093b (IOCTL_KGSL_PERFCOUNTER_READ) failed: errno 1 Operation not permitted
02-09 08:17:29.596  1612  3035 W CHIUSECASE: [WARN   ] chifeature2realtime.cpp:1808 PopulateSensorModeOnMetadataResult() FRO-URO:344_RealtimeFG:RealTime_0 Couldn't translate result metadata to initial crop values.pMetadata = 0xb4000073c136c6b0, pInSensorZoomInfo = 0x0, m_pRoiTranslator = 0x0, pCameraInfo = 0x730f050eb8
02-09 08:17:29.597  5945  5945 W Adreno-GSL: <gsl_ldd_control:553>: ioctl fd 7 code 0xc018093b (IOCTL_KGSL_PERFCOUNTER_READ) failed: errno 1 Operation not permitted
02-09 08:17:29.598  1668  1852 W SurfaceFlinger: onComposerHalVsync: HWVsync for 4626964470317753604, ActiveDisplay 4630946213010294403
02-09 08:17:29.598  5945  5945 W Adreno-GSL: <gsl_ldd_control:553>: ioctl fd 7 code 0xc018093b (IOCTL_KGSL_PERFCOUNTER_READ) failed: errno 1 Operation not permitted
02-09 08:17:29.599  1612  3035 W CHIUSECASE: [WARN   ] chifeature2graph.cpp:3743 ProcessResultMetadataMessage() pOutputLinkData->linkState in unexpected state: 1; expected OutputPending
02-09 08:17:29.599  1612  3035 W CHIUSECASE: [WARN   ] chifeature2graph.cpp:3743 ProcessResultMetadataMessage() pOutputLinkData->linkState in unexpected state: 1; expected OutputPending
02-09 08:17:29.600  5945  5945 W Adreno-GSL: <gsl_ldd_control:553>: ioctl fd 7 code 0xc018093b (IOCTL_KGSL_PERFCOUNTER_READ) failed: errno 1 Operation not permitted
02-09 08:17:29.602  5945  5945 W Adreno-GSL: <gsl_ldd_control:553>: ioctl fd 7 code 0xc018093b (IOCTL_KGSL_PERFCOUNTER_READ) failed: errno 1 Operation not permitted
02-09 08:17:29.603  5945  5945 W Adreno-GSL: <gsl_ldd_control:553>: ioctl fd 7 code 0xc018093b (IOCTL_KGSL_PERFCOUNTER_READ) failed: errno 1 Operation not permitted
02-09 08:17:29.605  5945  5945 W Adreno-GSL: <gsl_ldd_control:553>: ioctl fd 7 code 0xc018093b (IOCTL_KGSL_PERFCOUNTER_READ) failed: errno 1 Operation not permitted
02-09 08:17:29.607  1612  3113 W CHIUSECASE: [WARN   ] chifeature2usecaserequestobject.cpp:482 Initialize() pUsecaseSettings is NULL!!
02-09 08:17:29.607  5945  5945 W Adreno-GSL: <gsl_ldd_control:553>: ioctl fd 7 code 0xc018093b (IOCTL_KGSL_PERFCOUNTER_READ) failed: errno 1 Operation not permitted
02-09 08:17:29.608  5945  5945 W Adreno-GSL: <gsl_ldd_control:553>: ioctl fd 7 code 0xc018093b (IOCTL_KGSL_PERFCOUNTER_READ) failed: errno 1 Operation not permitted
02-09 08:17:29.610  5945  5945 W Adreno-GSL: <gsl_ldd_control:553>: ioctl fd 7 code 0xc018093b (IOCTL_KGSL_PERFCOUNTER_READ) failed: errno 1 Operation not permitted
02-09 08:17:29.612  5945  5945 W Adreno-GSL: <gsl_ldd_control:553>: ioctl fd 7 code 0xc018093b (IOCTL_KGSL_PERFCOUNTER_READ) failed: errno 1 Operation not permitted
02-09 08:17:29.614  5945  5945 W Adreno-GSL: <gsl_ldd_control:553>: ioctl fd 7 code 0xc018093b (IOCTL_KGSL_PERFCOUNTER_READ) failed: errno 1 Operation not permitted
02-09 08:17:29.614  1668  1852 W SurfaceFlinger: onComposerHalVsync: HWVsync for 4626964470317753604, ActiveDisplay 4630946213010294403
02-09 08:17:29.615  5945  5945 W Adreno-GSL: <gsl_ldd_control:553>: ioctl fd 7 code 0xc018093b (IOCTL_KGSL_PERFCOUNTER_READ) failed: errno 1 Operation not permitted
02-09 08:17:29.616  5945  5945 W Adreno-GSL: <gsl_ldd_control:553>: ioctl fd 7 code 0xc018093b (IOCTL_KGSL_PERFCOUNTER_READ) failed: errno 1 Operation not permitted
02-09 08:17:29.618  5945  5945 W Adreno-GSL: <gsl_ldd_control:553>: ioctl fd 7 code 0xc018093b (IOCTL_KGSL_PERFCOUNTER_READ) failed: errno 1 Operation not permitted
02-09 08:17:29.619  5945  5945 W Adreno-GSL: <gsl_ldd_control:553>: ioctl fd 7 code 0xc018093b (IOCTL_KGSL_PERFCOUNTER_READ) failed: errno 1 Operation not permitted
02-09 08:17:29.620  5945  5945 W Adreno-GSL: <gsl_ldd_control:553>: ioctl fd 7 code 0xc018093b (IOCTL_KGSL_PERFCOUNTER_READ) failed: errno 1 Operation not permitted
02-09 08:17:29.622  5945  5945 W Adreno-GSL: <gsl_ldd_control:553>: ioctl fd 7 code 0xc018093b (IOCTL_KGSL_PERFCOUNTER_READ) failed: errno 1 Operation not permitted
02-09 08:17:29.623  5945  5945 W Adreno-GSL: <gsl_ldd_control:553>: ioctl fd 7 code 0xc018093b (IOCTL_KGSL_PERFCOUNTER_READ) failed: errno 1 Operation not permitted
02-09 08:17:29.625  5945  5945 W Adreno-GSL: <gsl_ldd_control:553>: ioctl fd 7 code 0xc018093b (IOCTL_KGSL_PERFCOUNTER_READ) failed: errno 1 Operation not permitted
02-09 08:17:29.626  5945  5945 W Adreno-GSL: <gsl_ldd_control:553>: ioctl fd 7 code 0xc018093b (IOCTL_KGSL_PERFCOUNTER_READ) failed: errno 1 Operation not permitted
02-09 08:17:29.628  5945  5945 W Adreno-GSL: <gsl_ldd_control:553>: ioctl fd 7 code 0xc018093b (IOCTL_KGSL_PERFCOUNTER_READ) failed: errno 1 Operation not permitted
02-09 08:17:29.629  5945  5945 W Adreno-GSL: <gsl_ldd_control:553>: ioctl fd 7 code 0xc018093b (IOCTL_KGSL_PERFCOUNTER_READ) failed: errno 1 Operation not permitted
02-09 08:17:29.631  1668  1852 W SurfaceFlinger: onComposerHalVsync: HWVsync for 4626964470317753604, ActiveDisplay 4630946213010294403
02-09 08:17:29.631  5945  5945 W Adreno-GSL: <gsl_ldd_control:553>: ioctl fd 7 code 0xc018093b (IOCTL_KGSL_PERFCOUNTER_READ) failed: errno 1 Operation not permitted
02-09 08:17:29.632  1612  3035 W CHIUSECASE: [WARN   ] chifeature2realtime.cpp:1808 PopulateSensorModeOnMetadataResult() FRO-URO:345_RealtimeFG:RealTime_0 Couldn't translate result metadata to initial crop values.pMetadata = 0xb4000073c134bff0, pInSensorZoomInfo = 0x0, m_pRoiTranslator = 0x0, pCameraInfo = 0x730f050eb8
02-09 08:17:29.633  5945  5945 W Adreno-GSL: <gsl_ldd_control:553>: ioctl fd 7 code 0xc018093b (IOCTL_KGSL_PERFCOUNTER_READ) failed: errno 1 Operation not permitted
02-09 08:17:29.635  5945  5945 W Adreno-GSL: <gsl_ldd_control:553>: ioctl fd 7 code 0xc018093b (IOCTL_KGSL_PERFCOUNTER_READ) failed: errno 1 Operation not permitted
02-09 08:17:29.635  1612  3035 W CHIUSECASE: [WARN   ] chifeature2graph.cpp:3743 ProcessResultMetadataMessage() pOutputLinkData->linkState in unexpected state: 1; expected OutputPending
02-09 08:17:29.636  1612  3035 W CHIUSECASE: [WARN   ] chifeature2graph.cpp:3743 ProcessResultMetadataMessage() pOutputLinkData->linkState in unexpected state: 1; expected OutputPending
02-09 08:17:29.637  5945  5945 W Adreno-GSL: <gsl_ldd_control:553>: ioctl fd 7 code 0xc018093b (IOCTL_KGSL_PERFCOUNTER_READ) failed: errno 1 Operation not permitted
02-09 08:17:29.638  5945  5945 W Adreno-GSL: <gsl_ldd_control:553>: ioctl fd 7 code 0xc018093b (IOCTL_KGSL_PERFCOUNTER_READ) failed: errno 1 Operation not permitted
02-09 08:17:29.640  5945  5945 W Adreno-GSL: <gsl_ldd_control:553>: ioctl fd 7 code 0xc018093b (IOCTL_KGSL_PERFCOUNTER_READ) failed: errno 1 Operation not permitted
02-09 08:17:29.641  1612  3110 W CHIUSECASE: [WARN   ] chifeature2usecaserequestobject.cpp:482 Initialize() pUsecaseSettings is NULL!!
02-09 08:17:29.642  5945  5945 W Adreno-GSL: <gsl_ldd_control:553>: ioctl fd 7 code 0xc018093b (IOCTL_KGSL_PERFCOUNTER_READ) failed: errno 1 Operation not permitted
02-09 08:17:29.644  5945  5945 W Adreno-GSL: <gsl_ldd_control:553>: ioctl fd 7 code 0xc018093b (IOCTL_KGSL_PERFCOUNTER_READ) failed: errno 1 Operation not permitted
02-09 08:17:29.645  5945  5945 W Adreno-GSL: <gsl_ldd_control:553>: ioctl fd 7 code 0xc018093b (IOCTL_KGSL_PERFCOUNTER_READ) failed: errno 1 Operation not permitted
02-09 08:17:29.647  5945  5945 W Adreno-GSL: <gsl_ldd_control:553>: ioctl fd 7 code 0xc018093b (IOCTL_KGSL_PERFCOUNTER_READ) failed: errno 1 Operation not permitted
02-09 08:17:29.648  1668  1852 W SurfaceFlinger: onComposerHalVsync: HWVsync for 4626964470317753604, ActiveDisplay 4630946213010294403
02-09 08:17:29.649  5945  5945 W Adreno-GSL: <gsl_ldd_control:553>: ioctl fd 7 code 0xc018093b (IOCTL_KGSL_PERFCOUNTER_READ) failed: errno 1 Operation not permitted
02-09 08:17:29.650  5945  5945 W Adreno-GSL: <gsl_ldd_control:553>: ioctl fd 7 code 0xc018093b (IOCTL_KGSL_PERFCOUNTER_READ) failed: errno 1 Operation not permitted
02-09 08:17:29.652  5945  5945 W Adreno-GSL: <gsl_ldd_control:553>: ioctl fd 7 code 0xc018093b (IOCTL_KGSL_PERFCOUNTER_READ) failed: errno 1 Operation not permitted
02-09 08:17:29.653  5945  5945 W Adreno-GSL: <gsl_ldd_control:553>: ioctl fd 7 code 0xc018093b (IOCTL_KGSL_PERFCOUNTER_READ) failed: errno 1 Operation not permitted
02-09 08:17:29.655  5945  5945 W Adreno-GSL: <gsl_ldd_control:553>: ioctl fd 7 code 0xc018093b (IOCTL_KGSL_PERFCOUNTER_READ) failed: errno 1 Operation not permitted
02-09 08:17:29.656  5945  5945 W Adreno-GSL: <gsl_ldd_control:553>: ioctl fd 7 code 0xc018093b (IOCTL_KGSL_PERFCOUNTER_READ) failed: errno 1 Operation not permitted
02-09 08:17:29.658  5945  5945 W Adreno-GSL: <gsl_ldd_control:553>: ioctl fd 7 code 0xc018093b (IOCTL_KGSL_PERFCOUNTER_READ) failed: errno 1 Operation not permitted
02-09 08:17:29.659  5945  5945 W Adreno-GSL: <gsl_ldd_control:553>: ioctl fd 7 code 0xc018093b (IOCTL_KGSL_PERFCOUNTER_READ) failed: errno 1 Operation not permitted
02-09 08:17:29.661  5945  5945 W Adreno-GSL: <gsl_ldd_control:553>: ioctl fd 7 code 0xc018093b (IOCTL_KGSL_PERFCOUNTER_READ) failed: errno 1 Operation not permitted
02-09 08:17:29.662  5945  5945 W Adreno-GSL: <gsl_ldd_control:553>: ioctl fd 7 code 0xc018093b (IOCTL_KGSL_PERFCOUNTER_READ) failed: errno 1 Operation not permitted
02-09 08:17:29.664  1668  1852 W SurfaceFlinger: onComposerHalVsync: HWVsync for 4626964470317753604, ActiveDisplay 4630946213010294403
02-09 08:17:29.664  5945  5945 W Adreno-GSL: <gsl_ldd_control:553>: ioctl fd 7 code 0xc018093b (IOCTL_KGSL_PERFCOUNTER_READ) failed: errno 1 Operation not permitted
02-09 08:17:29.666  5945  5945 W Adreno-GSL: <gsl_ldd_control:553>: ioctl fd 7 code 0xc018093b (IOCTL_KGSL_PERFCOUNTER_READ) failed: errno 1 Operation not permitted
02-09 08:17:29.667  5945  5945 W Adreno-GSL: <gsl_ldd_control:553>: ioctl fd 7 code 0xc018093b (IOCTL_KGSL_PERFCOUNTER_READ) failed: errno 1 Operation not permitted
02-09 08:17:29.669  1612  3036 W CHIUSECASE: [WARN   ] chifeature2realtime.cpp:1808 PopulateSensorModeOnMetadataResult() FRO-URO:346_RealtimeFG:RealTime_0 Couldn't translate result metadata to initial crop values.pMetadata = 0xb4000073c132fad0, pInSensorZoomInfo = 0x0, m_pRoiTranslator = 0x0, pCameraInfo = 0x730f050eb8
02-09 08:17:29.669  5945  5945 W Adreno-GSL: <gsl_ldd_control:553>: ioctl fd 7 code 0xc018093b (IOCTL_KGSL_PERFCOUNTER_READ) failed: errno 1 Operation not permitted
02-09 08:17:29.671  5945  5945 W Adreno-GSL: <gsl_ldd_control:553>: ioctl fd 7 code 0xc018093b (IOCTL_KGSL_PERFCOUNTER_READ) failed: errno 1 Operation not permitted
02-09 08:17:29.672  1612  3036 W CHIUSECASE: [WARN   ] chifeature2graph.cpp:3743 ProcessResultMetadataMessage() pOutputLinkData->linkState in unexpected state: 1; expected OutputPending
02-09 08:17:29.672  1612  3036 W CHIUSECASE: [WARN   ] chifeature2graph.cpp:3743 ProcessResultMetadataMessage() pOutputLinkData->linkState in unexpected state: 1; expected OutputPending
02-09 08:17:29.672  5945  5945 W Adreno-GSL: <gsl_ldd_control:553>: ioctl fd 7 code 0xc018093b (IOCTL_KGSL_PERFCOUNTER_READ) failed: errno 1 Operation not permitted
02-09 08:17:29.674  5945  5945 W Adreno-GSL: <gsl_ldd_control:553>: ioctl fd 7 code 0xc018093b (IOCTL_KGSL_PERFCOUNTER_READ) failed: errno 1 Operation not permitted
02-09 08:17:29.676  5945  5945 W Adreno-GSL: <gsl_ldd_control:553>: ioctl fd 7 code 0xc018093b (IOCTL_KGSL_PERFCOUNTER_READ) failed: errno 1 Operation not permitted
02-09 08:17:29.678  5945  5945 W Adreno-GSL: <gsl_ldd_control:553>: ioctl fd 7 code 0xc018093b (IOCTL_KGSL_PERFCOUNTER_READ) failed: errno 1 Operation not permitted
02-09 08:17:29.679  5945  5945 W Adreno-GSL: <gsl_ldd_control:553>: ioctl fd 7 code 0xc018093b (IOCTL_KGSL_PERFCOUNTER_READ) failed: errno 1 Operation not permitted
02-09 08:17:29.680  1612  1612 W CHIUSECASE: [WARN   ] chifeature2usecaserequestobject.cpp:482 Initialize() pUsecaseSettings is NULL!!
02-09 08:17:29.681  5945  5945 W Adreno-GSL: <gsl_ldd_control:553>: ioctl fd 7 code 0xc018093b (IOCTL_KGSL_PERFCOUNTER_READ) failed: errno 1 Operation not permitted
02-09 08:17:29.681  1668  1852 W SurfaceFlinger: onComposerHalVsync: HWVsync for 4626964470317753604, ActiveDisplay 4630946213010294403
02-09 08:17:29.683  5945  5945 W Adreno-GSL: <gsl_ldd_control:553>: ioctl fd 7 code 0xc018093b (IOCTL_KGSL_PERFCOUNTER_READ) failed: errno 1 Operation not permitted
02-09 08:17:29.684  5945  5945 W Adreno-GSL: <gsl_ldd_control:553>: ioctl fd 7 code 0xc018093b (IOCTL_KGSL_PERFCOUNTER_READ) failed: errno 1 Operation not permitted
02-09 08:17:29.686  5945  5945 W Adreno-GSL: <gsl_ldd_control:553>: ioctl fd 7 code 0xc018093b (IOCTL_KGSL_PERFCOUNTER_READ) failed: errno 1 Operation not permitted
02-09 08:17:29.688  5945  5945 W Adreno-GSL: <gsl_ldd_control:553>: ioctl fd 7 code 0xc018093b (IOCTL_KGSL_PERFCOUNTER_READ) failed: errno 1 Operation not permitted
02-09 08:17:29.689  5945  5945 W Adreno-GSL: <gsl_ldd_control:553>: ioctl fd 7 code 0xc018093b (IOCTL_KGSL_PERFCOUNTER_READ) failed: errno 1 Operation not permitted
02-09 08:17:29.691  5945  5945 W Adreno-GSL: <gsl_ldd_control:553>: ioctl fd 7 code 0xc018093b (IOCTL_KGSL_PERFCOUNTER_READ) failed: errno 1 Operation not permitted
02-09 08:17:29.693  5945  5945 W Adreno-GSL: <gsl_ldd_control:553>: ioctl fd 7 code 0xc018093b (IOCTL_KGSL_PERFCOUNTER_READ) failed: errno 1 Operation not permitted
02-09 08:17:29.694  5945  5945 W Adreno-GSL: <gsl_ldd_control:553>: ioctl fd 7 code 0xc018093b (IOCTL_KGSL_PERFCOUNTER_READ) failed: errno 1 Operation not permitted
02-09 08:17:29.696  5945  5945 W Adreno-GSL: <gsl_ldd_control:553>: ioctl fd 7 code 0xc018093b (IOCTL_KGSL_PERFCOUNTER_READ) failed: errno 1 Operation not permitted
02-09 08:17:29.697  1668  1852 W SurfaceFlinger: onComposerHalVsync: HWVsync for 4626964470317753604, ActiveDisplay 4630946213010294403
02-09 08:17:29.697  5945  5945 W Adreno-GSL: <gsl_ldd_control:553>: ioctl fd 7 code 0xc018093b (IOCTL_KGSL_PERFCOUNTER_READ) failed: errno 1 Operation not permitted
02-09 08:17:29.698  1612  3037 W CHIUSECASE: [WARN   ] chifeature2realtime.cpp:1808 PopulateSensorModeOnMetadataResult() FRO-URO:347_RealtimeFG:RealTime_0 Couldn't translate result metadata to initial crop values.pMetadata = 0xb4000073c13539d0, pInSensorZoomInfo = 0x0, m_pRoiTranslator = 0x0, pCameraInfo = 0x730f050eb8
02-09 08:17:29.699  5945  5945 W Adreno-GSL: <gsl_ldd_control:553>: ioctl fd 7 code 0xc018093b (IOCTL_KGSL_PERFCOUNTER_READ) failed: errno 1 Operation not permitted
02-09 08:17:29.701  5945  5945 W Adreno-GSL: <gsl_ldd_control:553>: ioctl fd 7 code 0xc018093b (IOCTL_KGSL_PERFCOUNTER_READ) failed: errno 1 Operation not permitted
02-09 08:17:29.701  1612  3037 W CHIUSECASE: [WARN   ] chifeature2graph.cpp:3743 ProcessResultMetadataMessage() pOutputLinkData->linkState in unexpected state: 1; expected OutputPending
02-09 08:17:29.701  1612  3037 W CHIUSECASE: [WARN   ] chifeature2graph.cpp:3743 ProcessResultMetadataMessage() pOutputLinkData->linkState in unexpected state: 1; expected OutputPending
02-09 08:17:29.702  5945  5945 W Adreno-GSL: <gsl_ldd_control:553>: ioctl fd 7 code 0xc018093b (IOCTL_KGSL_PERFCOUNTER_READ) failed: errno 1 Operation not permitted
02-09 08:17:29.704  5945  5945 W Adreno-GSL: <gsl_ldd_control:553>: ioctl fd 7 code 0xc018093b (IOCTL_KGSL_PERFCOUNTER_READ) failed: errno 1 Operation not permitted
02-09 08:17:29.705  5945  5945 W Adreno-GSL: <gsl_ldd_control:553>: ioctl fd 7 code 0xc018093b (IOCTL_KGSL_PERFCOUNTER_READ) failed: errno 1 Operation not permitted
02-09 08:17:29.707  1612  3109 W CHIUSECASE: [WARN   ] chifeature2usecaserequestobject.cpp:482 Initialize() pUsecaseSettings is NULL!!
